Archive member included to satisfy reference by file (symbol)

app/libapp.a(main.c.obj)      (--whole-archive)
app/libapp.a(icm42670.c.obj)  (--whole-archive)
zephyr/libzephyr.a(heap.c.obj)
                              (--whole-archive)
zephyr/libzephyr.a(cbprintf_packaged.c.obj)
                              (--whole-archive)
zephyr/libzephyr.a(printk.c.obj)
                              (--whole-archive)
zephyr/libzephyr.a(sem.c.obj)
                              (--whole-archive)
zephyr/libzephyr.a(thread_entry.c.obj)
                              (--whole-archive)
zephyr/libzephyr.a(cbprintf_complete.c.obj)
                              (--whole-archive)
zephyr/libzephyr.a(assert.c.obj)
                              (--whole-archive)
zephyr/libzephyr.a(dec.c.obj)
                              (--whole-archive)
zephyr/libzephyr.a(hex.c.obj)
                              (--whole-archive)
zephyr/libzephyr.a(rb.c.obj)  (--whole-archive)
zephyr/libzephyr.a(timeutil.c.obj)
                              (--whole-archive)
zephyr/libzephyr.a(bitarray.c.obj)
                              (--whole-archive)
zephyr/libzephyr.a(onoff.c.obj)
                              (--whole-archive)
zephyr/libzephyr.a(notify.c.obj)
                              (--whole-archive)
zephyr/libzephyr.a(configs.c.obj)
                              (--whole-archive)
zephyr/libzephyr.a(mem_attr.c.obj)
                              (--whole-archive)
zephyr/libzephyr.a(tracing_none.c.obj)
                              (--whole-archive)
zephyr/arch/common/libarch__common.a(sw_isr_common.c.obj)
                              (--whole-archive)
zephyr/arch/arch/arm/core/libarch__arm__core.a(fatal.c.obj)
                              (--whole-archive)
zephyr/arch/arch/arm/core/libarch__arm__core.a(nmi.c.obj)
                              (--whole-archive)
zephyr/arch/arch/arm/core/libarch__arm__core.a(nmi_on_reset.S.obj)
                              (--whole-archive)
zephyr/arch/arch/arm/core/libarch__arm__core.a(tls.c.obj)
                              (--whole-archive)
zephyr/arch/arch/arm/core/cortex_m/libarch__arm__core__cortex_m.a(exc_exit.c.obj)
                              (--whole-archive)
zephyr/arch/arch/arm/core/cortex_m/libarch__arm__core__cortex_m.a(fault.c.obj)
                              (--whole-archive)
zephyr/arch/arch/arm/core/cortex_m/libarch__arm__core__cortex_m.a(fault_s.S.obj)
                              (--whole-archive)
zephyr/arch/arch/arm/core/cortex_m/libarch__arm__core__cortex_m.a(fpu.c.obj)
                              (--whole-archive)
zephyr/arch/arch/arm/core/cortex_m/libarch__arm__core__cortex_m.a(reset.S.obj)
                              (--whole-archive)
zephyr/arch/arch/arm/core/cortex_m/libarch__arm__core__cortex_m.a(scb.c.obj)
                              (--whole-archive)
zephyr/arch/arch/arm/core/cortex_m/libarch__arm__core__cortex_m.a(thread_abort.c.obj)
                              (--whole-archive)
zephyr/arch/arch/arm/core/cortex_m/libarch__arm__core__cortex_m.a(vector_table.S.obj)
                              (--whole-archive)
zephyr/arch/arch/arm/core/cortex_m/libarch__arm__core__cortex_m.a(swap.c.obj)
                              (--whole-archive)
zephyr/arch/arch/arm/core/cortex_m/libarch__arm__core__cortex_m.a(swap_helper.S.obj)
                              (--whole-archive)
zephyr/arch/arch/arm/core/cortex_m/libarch__arm__core__cortex_m.a(irq_manage.c.obj)
                              (--whole-archive)
zephyr/arch/arch/arm/core/cortex_m/libarch__arm__core__cortex_m.a(prep_c.c.obj)
                              (--whole-archive)
zephyr/arch/arch/arm/core/cortex_m/libarch__arm__core__cortex_m.a(thread.c.obj)
                              (--whole-archive)
zephyr/arch/arch/arm/core/cortex_m/libarch__arm__core__cortex_m.a(cpu_idle.c.obj)
                              (--whole-archive)
zephyr/arch/arch/arm/core/cortex_m/libarch__arm__core__cortex_m.a(irq_init.c.obj)
                              (--whole-archive)
zephyr/arch/arch/arm/core/cortex_m/libarch__arm__core__cortex_m.a(isr_wrapper.c.obj)
                              (--whole-archive)
zephyr/arch/arch/arm/core/cortex_m/libarch__arm__core__cortex_m.a(__aeabi_read_tp.S.obj)
                              (--whole-archive)
zephyr/arch/arch/arm/core/mpu/libarch__arm__core__mpu.a(arm_core_mpu.c.obj)
                              (--whole-archive)
zephyr/arch/arch/arm/core/mpu/libarch__arm__core__mpu.a(arm_mpu.c.obj)
                              (--whole-archive)
zephyr/arch/arch/arm/core/mpu/libarch__arm__core__mpu.a(arm_mpu_regions.c.obj)
                              (--whole-archive)
zephyr/lib/libc/picolibc/liblib__libc__picolibc.a(libc-hooks.c.obj)
                              (--whole-archive)
zephyr/lib/libc/common/liblib__libc__common.a(abort.c.obj)
                              (--whole-archive)
zephyr/lib/libc/common/liblib__libc__common.a(malloc.c.obj)
                              (--whole-archive)
[...]
Memory Configuration

Name             Origin             Length             Attributes
FLASH            0x0000000000000000 0x0000000000030000 xr
RAM              0x0000000020000000 0x0000000000006000 xw
IDT_LIST         0x00000000ffff7fff 0x0000000000008000 xw
*default*        0x0000000000000000 0xffffffffffffffff

Linker script and memory map

                0x0000000000003eac                vfprintf = __l_vfprintf
                0x0000000000000000                vfscanf = __l_vfscanf
LOAD zephyr/CMakeFiles/zephyr_final.dir/misc/empty_file.c.obj
LOAD zephyr/CMakeFiles/zephyr_final.dir/isr_tables.c.obj
LOAD zephyr/CMakeFiles/offsets.dir/./arch/arm/core/offsets/offsets.c.obj
LOAD app/libapp.a
LOAD zephyr/libzephyr.a
LOAD zephyr/arch/common/libarch__common.a
LOAD zephyr/arch/arch/arm/core/libarch__arm__core.a
LOAD zephyr/arch/arch/arm/core/cortex_m/libarch__arm__core__cortex_m.a
LOAD zephyr/arch/arch/arm/core/mpu/libarch__arm__core__mpu.a
LOAD zephyr/lib/libc/picolibc/liblib__libc__picolibc.a
LOAD zephyr/lib/libc/common/liblib__libc__common.a
LOAD zephyr/soc/soc/nrf52810/libsoc__nordic.a
LOAD zephyr/drivers/clock_control/libdrivers__clock_control.a
LOAD zephyr/drivers/gpio/libdrivers__gpio.a
LOAD zephyr/drivers/i2c/libdrivers__i2c.a
LOAD zephyr/drivers/pinctrl/libdrivers__pinctrl.a
LOAD zephyr/drivers/timer/libdrivers__timer.a
LOAD modules/hal_nordic/nrfx/libmodules__hal_nordic__nrfx.a
LOAD zephyr/kernel/libkernel.a
LOAD zephyr/arch/common/libisr_tables.a
LOAD /home/onur/zephyr-sdk-0.17.0/arm-zephyr-eabi/bin/../lib/gcc/../../picolibc/arm-zephyr-eabi/lib/thumb/v7e-m/nofp/libc.a
LOAD /home/onur/zephyr-sdk-0.17.0/arm-zephyr-eabi/bin/../lib/gcc/arm-zephyr-eabi/12.2.0/thumb/v7e-m/nofp/libgcc.a
                0x0000000000000020                _region_min_align = 0x20

.rel.plt        0x0000000000000000        0x0
 *(SORT_BY_ALIGNMENT(.rel.plt))
                [!provide]                        PROVIDE (__rel_iplt_start = .)
 *(SORT_BY_ALIGNMENT(.rel.iplt))
 .rel.iplt      0x0000000000000000        0x0 zephyr/CMakeFiles/zephyr_final.dir/isr_tables.c.obj
                [!provide]                        PROVIDE (__rel_iplt_end = .)

.rela.plt       0x0000000000000000        0x0
 *(SORT_BY_ALIGNMENT(.rela.plt))
                [!provide]                        PROVIDE (__rela_iplt_start = .)
 *(SORT_BY_ALIGNMENT(.rela.iplt))
                [!provide]                        PROVIDE (__rela_iplt_end = .)

.rel.dyn
 *(SORT_BY_ALIGNMENT(.rel.*))

.rela.dyn
 *(SORT_BY_ALIGNMENT(.rela.*))

/DISCARD/
 *(SORT_BY_ALIGNMENT(.plt))

/DISCARD/
 *(SORT_BY_ALIGNMENT(.iplt))
                0x0000000000000000                __rom_region_start = 0x0

rom_start       0x0000000000000000       0xb8
                0x0000000000000000                __rom_start_address = .
 FILL mask 0x00
                0x0000000000000000                . = (. + (0x0 - (. - __rom_start_address)))
                0x0000000000000000                . = ALIGN (0x4)
                0x0000000000000000                . = ALIGN (0x80)
                0x0000000000000000                . = ALIGN (0x100)
                0x0000000000000000                _vector_start = .
 *(SORT_BY_ALIGNMENT(.exc_vector_table))
 *(SORT_BY_ALIGNMENT(.exc_vector_table.*))
 .exc_vector_table._vector_table_section
                0x0000000000000000       0x40 zephyr/arch/arch/arm/core/cortex_m/libarch__arm__core__cortex_m.a(vector_table.S.obj)
                0x0000000000000000                _vector_table
 *(SORT_BY_ALIGNMENT(.vectors))
                0x00000000000000b8                _vector_end = .
                0x0000000000000040                . = ALIGN (0x4)
 *(SORT_BY_ALIGNMENT(.gnu.linkonce.irq_vector_table*))
 .gnu.linkonce.irq_vector_table
                0x0000000000000040       0x78 zephyr/CMakeFiles/zephyr_final.dir/isr_tables.c.obj
                0x0000000000000040                _irq_vector_table
                0x00000000000000b8                _vector_end = .

text            0x00000000000000b8     0x4f50
                0x00000000000000b8                __text_region_start = .
 *(SORT_BY_ALIGNMENT(.text))
 .text          0x00000000000000b8      0x21c /home/onur/zephyr-sdk-0.17.0/arm-zephyr-eabi/bin/../lib/gcc/arm-zephyr-eabi/12.2.0/thumb/v7e-m/nofp/libgcc.a(_arm_addsubsf3.o)
                0x00000000000000b8                __aeabi_frsub
                0x00000000000000c0                __subsf3
                0x00000000000000c0                __aeabi_fsub
                0x00000000000000c4                __aeabi_fadd
                0x00000000000000c4                __addsf3
                0x0000000000000224                __aeabi_ui2f
                0x0000000000000224                __floatunsisf
                0x000000000000022c                __aeabi_i2f
                0x000000000000022c                __floatsisf
                0x0000000000000248                __floatundisf
                0x0000000000000248                __aeabi_ul2f
                0x0000000000000258                __floatdisf
                0x0000000000000258                __aeabi_l2f
 .text          0x00000000000002d4       0x30 /home/onur/zephyr-sdk-0.17.0/arm-zephyr-eabi/bin/../lib/gcc/arm-zephyr-eabi/12.2.0/thumb/v7e-m/nofp/libgcc.a(_aeabi_uldivmod.o)
                0x00000000000002d4                __aeabi_uldivmod
 .text          0x0000000000000304        0x4 /home/onur/zephyr-sdk-0.17.0/arm-zephyr-eabi/bin/../lib/gcc/arm-zephyr-eabi/12.2.0/thumb/v7e-m/nofp/libgcc.a(_dvmd_tls.o)
                0x0000000000000304                __aeabi_ldiv0
                0x0000000000000304                __aeabi_idiv0
 .text          0x0000000000000308      0x2a0 /home/onur/zephyr-sdk-0.17.0/arm-zephyr-eabi/bin/../lib/gcc/arm-zephyr-eabi/12.2.0/thumb/v7e-m/nofp/libgcc.a(_udivmoddi4.o)
                0x0000000000000308                __udivmoddi4
 *(SORT_BY_ALIGNMENT(.text.*))
 .text.main     0x00000000000005a8       0xfc app/libapp.a(main.c.obj)
                0x00000000000005a8                main
 .text.icm42670_init
                0x00000000000006a4       0xa4 app/libapp.a(icm42670.c.obj)
                0x00000000000006a4                icm42670_init
 .text.char_out
                0x0000000000000748        0xc zephyr/libzephyr.a(printk.c.obj)
 .text.vprintk  0x0000000000000754       0x30 zephyr/libzephyr.a(printk.c.obj)
                0x0000000000000754                vprintk
 .text.z_thread_entry
                0x0000000000000784       0x34 zephyr/libzephyr.a(thread_entry.c.obj)
                0x0000000000000784                z_thread_entry
 .text.process_event
                0x00000000000007b8      0x21c zephyr/libzephyr.a(onoff.c.obj)
 .text.mem_attr_get_regions
                0x00000000000009d4        0xc zephyr/libzephyr.a(mem_attr.c.obj)
                0x00000000000009d4                mem_attr_get_regions
 .text.z_SysNmiOnReset
                0x00000000000009e0        0x8 zephyr/arch/arch/arm/core/libarch__arm__core.a(nmi_on_reset.S.obj)
                0x00000000000009e0                z_SysNmiOnReset
 .text.arch_tls_stack_setup
                0x00000000000009e8       0x40 zephyr/arch/arch/arm/core/libarch__arm__core.a(tls.c.obj)
                0x00000000000009e8                arch_tls_stack_setup
 .text._HandlerModeExit
                0x0000000000000a28       0x28 zephyr/arch/arch/arm/core/cortex_m/libarch__arm__core__cortex_m.a(exc_exit.c.obj)
                0x0000000000000a28                z_arm_exc_exit
                0x0000000000000a28                z_arm_int_exit
 .text.mem_manage_fault
                0x0000000000000a50       0x88 zephyr/arch/arch/arm/core/cortex_m/libarch__arm__core__cortex_m.a(fault.c.obj)
 .text.usage_fault.constprop.0
                0x0000000000000ad8       0x54 zephyr/arch/arch/arm/core/cortex_m/libarch__arm__core__cortex_m.a(fault.c.obj)
 .text.bus_fault.constprop.0
                0x0000000000000b2c       0x60 zephyr/arch/arch/arm/core/cortex_m/libarch__arm__core__cortex_m.a(fault.c.obj)
 .text.z_arm_fault
                0x0000000000000b8c      0x128 zephyr/arch/arch/arm/core/cortex_m/libarch__arm__core__cortex_m.a(fault.c.obj)
                0x0000000000000b8c                z_arm_fault
 .text.z_arm_fault_init
                0x0000000000000cb4       0x18 zephyr/arch/arch/arm/core/cortex_m/libarch__arm__core__cortex_m.a(fault.c.obj)
                0x0000000000000cb4                z_arm_fault_init
 .text.__fault  0x0000000000000ccc       0x14 zephyr/arch/arch/arm/core/cortex_m/libarch__arm__core__cortex_m.a(fault_s.S.obj)
                0x0000000000000ccc                z_arm_bus_fault
                0x0000000000000ccc                z_arm_usage_fault
                0x0000000000000ccc                z_arm_mpu_fault
                0x0000000000000ccc                z_arm_exc_spurious
                0x0000000000000ccc                z_arm_debug_monitor
                0x0000000000000ccc                z_arm_hard_fault
 .text._reset_section
                0x0000000000000ce0       0x30 zephyr/arch/arch/arm/core/cortex_m/libarch__arm__core__cortex_m.a(reset.S.obj)
                0x0000000000000ce0                z_arm_reset
                0x0000000000000ce0                __start
 .text.z_impl_k_thread_abort
                0x0000000000000d10       0x2c zephyr/arch/arch/arm/core/cortex_m/libarch__arm__core__cortex_m.a(thread_abort.c.obj)
                0x0000000000000d10                z_impl_k_thread_abort
 .text.arch_swap
                0x0000000000000d3c       0x30 zephyr/arch/arch/arm/core/cortex_m/libarch__arm__core__cortex_m.a(swap.c.obj)
                0x0000000000000d3c                arch_swap
 .text.z_arm_pendsv
                0x0000000000000d6c       0x64 zephyr/arch/arch/arm/core/cortex_m/libarch__arm__core__cortex_m.a(swap_helper.S.obj)
                0x0000000000000d6c                z_arm_pendsv
 .text.z_arm_svc
                0x0000000000000dd0       0x24 zephyr/arch/arch/arm/core/cortex_m/libarch__arm__core__cortex_m.a(swap_helper.S.obj)
                0x0000000000000dd0                z_arm_svc
 .text.arch_irq_enable
                0x0000000000000df4       0x1c zephyr/arch/arch/arm/core/cortex_m/libarch__arm__core__cortex_m.a(irq_manage.c.obj)
                0x0000000000000df4                arch_irq_enable
 .text.arch_irq_is_enabled
                0x0000000000000e10       0x1c zephyr/arch/arch/arm/core/cortex_m/libarch__arm__core__cortex_m.a(irq_manage.c.obj)
                0x0000000000000e10                arch_irq_is_enabled
 .text.z_arm_irq_priority_set
                0x0000000000000e2c       0x30 zephyr/arch/arch/arm/core/cortex_m/libarch__arm__core__cortex_m.a(irq_manage.c.obj)
                0x0000000000000e2c                z_arm_irq_priority_set
 .text.z_prep_c
                0x0000000000000e5c       0x2c zephyr/arch/arch/arm/core/cortex_m/libarch__arm__core__cortex_m.a(prep_c.c.obj)
                0x0000000000000e5c                z_prep_c
 .text.arch_new_thread
                0x0000000000000e88       0x38 zephyr/arch/arch/arm/core/cortex_m/libarch__arm__core__cortex_m.a(thread.c.obj)
                0x0000000000000e88                arch_new_thread
 .text.z_check_thread_stack_fail
                0x0000000000000ec0       0x2c zephyr/arch/arch/arm/core/cortex_m/libarch__arm__core__cortex_m.a(thread.c.obj)
                0x0000000000000ec0                z_check_thread_stack_fail
 .text.arch_switch_to_main_thread
                0x0000000000000eec       0x44 zephyr/arch/arch/arm/core/cortex_m/libarch__arm__core__cortex_m.a(thread.c.obj)
                0x0000000000000eec                arch_switch_to_main_thread
 .text.z_arm_cpu_idle_init
                0x0000000000000f30        0xc zephyr/arch/arch/arm/core/cortex_m/libarch__arm__core__cortex_m.a(cpu_idle.c.obj)
                0x0000000000000f30                z_arm_cpu_idle_init
 .text.z_arm_interrupt_init
                0x0000000000000f3c       0x18 zephyr/arch/arch/arm/core/cortex_m/libarch__arm__core__cortex_m.a(irq_init.c.obj)
                0x0000000000000f3c                z_arm_interrupt_init
 .text._isr_wrapper
                0x0000000000000f54       0x24 zephyr/arch/arch/arm/core/cortex_m/libarch__arm__core__cortex_m.a(isr_wrapper.c.obj)
                0x0000000000000f54                _isr_wrapper
 .text.z_arm_configure_static_mpu_regions
                0x0000000000000f78       0x18 zephyr/arch/arch/arm/core/mpu/libarch__arm__core__mpu.a(arm_core_mpu.c.obj)
                0x0000000000000f78                z_arm_configure_static_mpu_regions
 .text.z_arm_configure_dynamic_mpu_regions
                0x0000000000000f90       0x20 zephyr/arch/arch/arm/core/mpu/libarch__arm__core__mpu.a(arm_core_mpu.c.obj)
                0x0000000000000f90                z_arm_configure_dynamic_mpu_regions
 .text.region_init
                0x0000000000000fb0       0x28 zephyr/arch/arch/arm/core/mpu/libarch__arm__core__mpu.a(arm_mpu.c.obj)
 .text.mpu_configure_regions
                0x0000000000000fd8       0x6c zephyr/arch/arch/arm/core/mpu/libarch__arm__core__mpu.a(arm_mpu.c.obj)
 .text.arm_core_mpu_enable
                0x0000000000001044       0x18 zephyr/arch/arch/arm/core/mpu/libarch__arm__core__mpu.a(arm_mpu.c.obj)
                0x0000000000001044                arm_core_mpu_enable
 .text.arm_core_mpu_disable
                0x000000000000105c       0x14 zephyr/arch/arch/arm/core/mpu/libarch__arm__core__mpu.a(arm_mpu.c.obj)
                0x000000000000105c                arm_core_mpu_disable
 .text.arm_core_mpu_configure_static_mpu_regions
                0x0000000000001070       0x14 zephyr/arch/arch/arm/core/mpu/libarch__arm__core__mpu.a(arm_mpu.c.obj)
                0x0000000000001070                arm_core_mpu_configure_static_mpu_regions
 .text.arm_core_mpu_configure_dynamic_mpu_regions
                0x0000000000001084       0x38 zephyr/arch/arch/arm/core/mpu/libarch__arm__core__mpu.a(arm_mpu.c.obj)
                0x0000000000001084                arm_core_mpu_configure_dynamic_mpu_regions
 .text.z_arm_mpu_init
                0x00000000000010bc      0x168 zephyr/arch/arch/arm/core/mpu/libarch__arm__core__mpu.a(arm_mpu.c.obj)
                0x00000000000010bc                z_arm_mpu_init
 .text.malloc_prepare
                0x0000000000001224       0x24 zephyr/lib/libc/common/liblib__libc__common.a(malloc.c.obj)
 .text.arch_busy_wait
                0x0000000000001248       0x14 zephyr/soc/soc/nrf52810/libsoc__nordic.a(soc.c.obj)
                0x0000000000001248                arch_busy_wait
 .text.onoff_stop
                0x000000000000125c       0x30 zephyr/drivers/clock_control/libdrivers__clock_control.a(clock_control_nrf.c.obj)
 .text.onoff_start
                0x000000000000128c       0x44 zephyr/drivers/clock_control/libdrivers__clock_control.a(clock_control_nrf.c.obj)
 .text.generic_hfclk_stop
                0x00000000000012d0       0x34 zephyr/drivers/clock_control/libdrivers__clock_control.a(clock_control_nrf.c.obj)
 .text.clk_init
                0x0000000000001304       0x58 zephyr/drivers/clock_control/libdrivers__clock_control.a(clock_control_nrf.c.obj)
 .text.api_blocking_start
                0x000000000000135c       0x34 zephyr/drivers/clock_control/libdrivers__clock_control.a(clock_control_nrf.c.obj)
 .text.clkstarted_handle.constprop.0
                0x0000000000001390       0x4c zephyr/drivers/clock_control/libdrivers__clock_control.a(clock_control_nrf.c.obj)
 .text.generic_hfclk_start
                0x00000000000013dc       0x78 zephyr/drivers/clock_control/libdrivers__clock_control.a(clock_control_nrf.c.obj)
 .text.clock_event_handler
                0x0000000000001454       0x1c zephyr/drivers/clock_control/libdrivers__clock_control.a(clock_control_nrf.c.obj)
 .text.z_nrf_clock_control_lf_on
                0x0000000000001470       0xfc zephyr/drivers/clock_control/libdrivers__clock_control.a(clock_control_nrf.c.obj)
                0x0000000000001470                z_nrf_clock_control_lf_on
 .text.gpio_nrfx_init
                0x000000000000156c       0x48 zephyr/drivers/gpio/libdrivers__gpio.a(gpio_nrfx.c.obj)
 .text.nrfx_gpio_handler
                0x00000000000015b4       0x3c zephyr/drivers/gpio/libdrivers__gpio.a(gpio_nrfx.c.obj)
 .text.gpio_nrfx_pin_configure
                0x00000000000015f0      0x17c zephyr/drivers/gpio/libdrivers__gpio.a(gpio_nrfx.c.obj)
 .text.gpio_nrfx_pin_interrupt_configure
                0x000000000000176c       0xf4 zephyr/drivers/gpio/libdrivers__gpio.a(gpio_nrfx.c.obj)
 .text.event_handler
                0x0000000000001860       0x38 zephyr/drivers/i2c/libdrivers__i2c.a(i2c_nrfx_twi.c.obj)
 .text.i2c_nrfx_twi_transfer
                0x0000000000001898       0xc0 zephyr/drivers/i2c/libdrivers__i2c.a(i2c_nrfx_twi.c.obj)
 .text.i2c_nrfx_twi_init
                0x0000000000001958       0x24 zephyr/drivers/i2c/libdrivers__i2c.a(i2c_nrfx_twi_common.c.obj)
                0x0000000000001958                i2c_nrfx_twi_init
 .text.i2c_nrfx_twi_recover_bus
                0x000000000000197c       0x24 zephyr/drivers/i2c/libdrivers__i2c.a(i2c_nrfx_twi_common.c.obj)
                0x000000000000197c                i2c_nrfx_twi_recover_bus
 .text.i2c_nrfx_twi_msg_transfer
                0x00000000000019a0       0x7c zephyr/drivers/i2c/libdrivers__i2c.a(i2c_nrfx_twi_common.c.obj)
                0x00000000000019a0                i2c_nrfx_twi_msg_transfer
 .text.pinctrl_configure_pins
                0x0000000000001a1c       0xcc zephyr/drivers/pinctrl/libdrivers__pinctrl.a(pinctrl_nrf.c.obj)
                0x0000000000001a1c                pinctrl_configure_pins
 .text.compare_int_lock
                0x0000000000001ae8       0x48 zephyr/drivers/timer/libdrivers__timer.a(nrf_rtc_timer.c.obj)
 .text.sys_clock_timeout_handler
                0x0000000000001b30       0x48 zephyr/drivers/timer/libdrivers__timer.a(nrf_rtc_timer.c.obj)
 .text.compare_int_unlock
                0x0000000000001b78       0x5c zephyr/drivers/timer/libdrivers__timer.a(nrf_rtc_timer.c.obj)
 .text.z_nrf_rtc_timer_read
                0x0000000000001bd4       0x44 zephyr/drivers/timer/libdrivers__timer.a(nrf_rtc_timer.c.obj)
                0x0000000000001bd4                z_nrf_rtc_timer_read
 .text.compare_set
                0x0000000000001c18      0x130 zephyr/drivers/timer/libdrivers__timer.a(nrf_rtc_timer.c.obj)
 .text.sys_clock_driver_init
                0x0000000000001d48       0x90 zephyr/drivers/timer/libdrivers__timer.a(nrf_rtc_timer.c.obj)
 .text.rtc_nrf_isr
                0x0000000000001dd8       0xd4 zephyr/drivers/timer/libdrivers__timer.a(nrf_rtc_timer.c.obj)
                0x0000000000001dd8                rtc_nrf_isr
 .text.sys_clock_set_timeout
                0x0000000000001eac       0x5c zephyr/drivers/timer/libdrivers__timer.a(nrf_rtc_timer.c.obj)
                0x0000000000001eac                sys_clock_set_timeout
 .text.sys_clock_elapsed
                0x0000000000001f08       0x14 zephyr/drivers/timer/libdrivers__timer.a(nrf_rtc_timer.c.obj)
                0x0000000000001f08                sys_clock_elapsed
 .text.__NVIC_SystemReset
                0x0000000000001f1c       0x24 modules/hal_nordic/nrfx/libmodules__hal_nordic__nrfx.a(system_nrf52810.c.obj)
 .text.nrf52_errata_16
                0x0000000000001f40       0x28 modules/hal_nordic/nrfx/libmodules__hal_nordic__nrfx.a(system_nrf52810.c.obj)
 .text.nrf52_configuration_249
                0x0000000000001f68       0x34 modules/hal_nordic/nrfx/libmodules__hal_nordic__nrfx.a(system_nrf52810.c.obj)
 .text.nvmc_wait
                0x0000000000001f9c       0x10 modules/hal_nordic/nrfx/libmodules__hal_nordic__nrfx.a(system_nrf52810.c.obj)
                0x0000000000001f9c                nvmc_wait
 .text.SystemInit
                0x0000000000001fac      0x2f8 modules/hal_nordic/nrfx/libmodules__hal_nordic__nrfx.a(system_nrf52810.c.obj)
                0x0000000000001fac                SystemInit
 .text.nrfx_flag32_alloc
                0x00000000000022a4       0x48 modules/hal_nordic/nrfx/libmodules__hal_nordic__nrfx.a(nrfx_flag32_allocator.c.obj)
                0x00000000000022a4                nrfx_flag32_alloc
 .text.nrfx_flag32_free
                0x00000000000022ec       0x40 modules/hal_nordic/nrfx/libmodules__hal_nordic__nrfx.a(nrfx_flag32_allocator.c.obj)
                0x00000000000022ec                nrfx_flag32_free
 .text.clock_stop
                0x000000000000232c       0xc4 modules/hal_nordic/nrfx/libmodules__hal_nordic__nrfx.a(nrfx_clock.c.obj)
 .text.nrfx_clock_init
                0x00000000000023f0       0x20 modules/hal_nordic/nrfx/libmodules__hal_nordic__nrfx.a(nrfx_clock.c.obj)
                0x00000000000023f0                nrfx_clock_init
 .text.nrfx_clock_enable
                0x0000000000002410       0x24 modules/hal_nordic/nrfx/libmodules__hal_nordic__nrfx.a(nrfx_clock.c.obj)
                0x0000000000002410                nrfx_clock_enable
 .text.nrfx_clock_start
                0x0000000000002434       0xa8 modules/hal_nordic/nrfx/libmodules__hal_nordic__nrfx.a(nrfx_clock.c.obj)
                0x0000000000002434                nrfx_clock_start
 .text.nrfx_power_clock_irq_handler
                0x00000000000024dc       0x68 modules/hal_nordic/nrfx/libmodules__hal_nordic__nrfx.a(nrfx_clock.c.obj)
                0x00000000000024dc                nrfx_power_clock_irq_handler
 .text.call_handler.constprop.0
                0x0000000000002544       0x3c modules/hal_nordic/nrfx/libmodules__hal_nordic__nrfx.a(nrfx_gpiote.c.obj)
 .text.release_handler.isra.0
                0x0000000000002580       0x54 modules/hal_nordic/nrfx/libmodules__hal_nordic__nrfx.a(nrfx_gpiote.c.obj)
 .text.__nrfy_internal_gpiote_events_process.constprop.0
                0x00000000000025d4       0x5c modules/hal_nordic/nrfx/libmodules__hal_nordic__nrfx.a(nrfx_gpiote.c.obj)
 .text.pin_trigger_disable
                0x0000000000002630       0x40 modules/hal_nordic/nrfx/libmodules__hal_nordic__nrfx.a(nrfx_gpiote.c.obj)
 .text.pin_uninit
                0x0000000000002670       0x74 modules/hal_nordic/nrfx/libmodules__hal_nordic__nrfx.a(nrfx_gpiote.c.obj)
 .text.nrfx_gpiote_input_configure
                0x00000000000026e4      0x160 modules/hal_nordic/nrfx/libmodules__hal_nordic__nrfx.a(nrfx_gpiote.c.obj)
                0x00000000000026e4                nrfx_gpiote_input_configure
 .text.nrfx_gpiote_output_configure
                0x0000000000002844       0xec modules/hal_nordic/nrfx/libmodules__hal_nordic__nrfx.a(nrfx_gpiote.c.obj)
                0x0000000000002844                nrfx_gpiote_output_configure
 .text.nrfx_gpiote_global_callback_set
                0x0000000000002930        0xc modules/hal_nordic/nrfx/libmodules__hal_nordic__nrfx.a(nrfx_gpiote.c.obj)
                0x0000000000002930                nrfx_gpiote_global_callback_set
 .text.nrfx_gpiote_channel_get
                0x000000000000293c       0x24 modules/hal_nordic/nrfx/libmodules__hal_nordic__nrfx.a(nrfx_gpiote.c.obj)
                0x000000000000293c                nrfx_gpiote_channel_get
 .text.nrfx_gpiote_init
                0x0000000000002960       0x68 modules/hal_nordic/nrfx/libmodules__hal_nordic__nrfx.a(nrfx_gpiote.c.obj)
                0x0000000000002960                nrfx_gpiote_init
 .text.nrfx_gpiote_init_check
                0x00000000000029c8       0x14 modules/hal_nordic/nrfx/libmodules__hal_nordic__nrfx.a(nrfx_gpiote.c.obj)
                0x00000000000029c8                nrfx_gpiote_init_check
 .text.nrfx_gpiote_channel_free
                0x00000000000029dc        0xc modules/hal_nordic/nrfx/libmodules__hal_nordic__nrfx.a(nrfx_gpiote.c.obj)
                0x00000000000029dc                nrfx_gpiote_channel_free
 .text.nrfx_gpiote_channel_alloc
                0x00000000000029e8        0xc modules/hal_nordic/nrfx/libmodules__hal_nordic__nrfx.a(nrfx_gpiote.c.obj)
                0x00000000000029e8                nrfx_gpiote_channel_alloc
 .text.nrfx_gpiote_trigger_enable
                0x00000000000029f4       0x94 modules/hal_nordic/nrfx/libmodules__hal_nordic__nrfx.a(nrfx_gpiote.c.obj)
                0x00000000000029f4                nrfx_gpiote_trigger_enable
 .text.nrfx_gpiote_0_irq_handler
                0x0000000000002a88      0x160 modules/hal_nordic/nrfx/libmodules__hal_nordic__nrfx.a(nrfx_gpiote.c.obj)
                0x0000000000002a88                nrfx_gpiote_0_irq_handler
 .text.twi_configure
                0x0000000000002be8       0x3c modules/hal_nordic/nrfx/libmodules__hal_nordic__nrfx.a(nrfx_twi.c.obj)
 .text.twi_tx_start_transfer
                0x0000000000002c24      0x104 modules/hal_nordic/nrfx/libmodules__hal_nordic__nrfx.a(nrfx_twi.c.obj)
 .text.twi_rx_start_transfer
                0x0000000000002d28       0xe4 modules/hal_nordic/nrfx/libmodules__hal_nordic__nrfx.a(nrfx_twi.c.obj)
 .text.nrfx_twi_init
                0x0000000000002e0c       0xc0 modules/hal_nordic/nrfx/libmodules__hal_nordic__nrfx.a(nrfx_twi.c.obj)
                0x0000000000002e0c                nrfx_twi_init
 .text.nrfx_twi_enable
                0x0000000000002ecc       0x20 modules/hal_nordic/nrfx/libmodules__hal_nordic__nrfx.a(nrfx_twi.c.obj)
                0x0000000000002ecc                nrfx_twi_enable
 .text.nrfx_twi_disable
                0x0000000000002eec       0x38 modules/hal_nordic/nrfx/libmodules__hal_nordic__nrfx.a(nrfx_twi.c.obj)
                0x0000000000002eec                nrfx_twi_disable
 .text.nrfx_twi_xfer
                0x0000000000002f24       0xdc modules/hal_nordic/nrfx/libmodules__hal_nordic__nrfx.a(nrfx_twi.c.obj)
                0x0000000000002f24                nrfx_twi_xfer
 .text.nrfx_twi_0_irq_handler
                0x0000000000003000       0xd8 modules/hal_nordic/nrfx/libmodules__hal_nordic__nrfx.a(nrfx_twi.c.obj)
                0x0000000000003000                nrfx_twi_0_irq_handler
 .text.nrfx_twi_twim_bus_recover
                0x00000000000030d8       0xdc modules/hal_nordic/nrfx/libmodules__hal_nordic__nrfx.a(nrfx_twi_twim.c.obj)
                0x00000000000030d8                nrfx_twi_twim_bus_recover
 .text.z_fatal_error
                0x00000000000031b4       0x30 zephyr/kernel/libkernel.a(fatal.c.obj)
                0x00000000000031b4                z_fatal_error
 .text.z_sys_init_run_level
                0x00000000000031e4       0x2c zephyr/kernel/libkernel.a(init.c.obj)
 .text.bg_thread_main
                0x0000000000003210       0xc4 zephyr/kernel/libkernel.a(init.c.obj)
 .text.z_bss_zero
                0x00000000000032d4       0x18 zephyr/kernel/libkernel.a(init.c.obj)
                0x00000000000032d4                z_bss_zero
 .text.z_init_cpu
                0x00000000000032ec       0x70 zephyr/kernel/libkernel.a(init.c.obj)
                0x00000000000032ec                z_init_cpu
 .text.z_cstart
                0x000000000000335c       0xd8 zephyr/kernel/libkernel.a(init.c.obj)
                0x000000000000335c                z_cstart
 .text.z_impl_k_sem_give
                0x0000000000003434       0x68 zephyr/kernel/libkernel.a(sem.c.obj)
                0x0000000000003434                z_impl_k_sem_give
 .text.z_impl_k_sem_take
                0x000000000000349c       0x4c zephyr/kernel/libkernel.a(sem.c.obj)
                0x000000000000349c                z_impl_k_sem_take
 .text.z_setup_new_thread
                0x00000000000034e8       0x98 zephyr/kernel/libkernel.a(thread.c.obj)
                0x00000000000034e8                z_setup_new_thread
 .text.unready_thread
                0x0000000000003580       0x54 zephyr/kernel/libkernel.a(sched.c.obj)
 .text.ready_thread
                0x00000000000035d4       0x8c zephyr/kernel/libkernel.a(sched.c.obj)
 .text.z_thread_halt
                0x0000000000003660      0x10c zephyr/kernel/libkernel.a(sched.c.obj)
 .text.move_thread_to_end_of_prio_q
                0x000000000000376c       0x94 zephyr/kernel/libkernel.a(sched.c.obj)
                0x000000000000376c                move_thread_to_end_of_prio_q
 .text.z_pend_curr
                0x0000000000003800       0x58 zephyr/kernel/libkernel.a(sched.c.obj)
                0x0000000000003800                z_pend_curr
 .text.z_reschedule
                0x0000000000003858       0x24 zephyr/kernel/libkernel.a(sched.c.obj)
                0x0000000000003858                z_reschedule
 .text.z_sched_start
                0x000000000000387c       0x3c zephyr/kernel/libkernel.a(sched.c.obj)
                0x000000000000387c                z_sched_start
 .text.z_reschedule_irqlock
                0x00000000000038b8       0x28 zephyr/kernel/libkernel.a(sched.c.obj)
                0x00000000000038b8                z_reschedule_irqlock
 .text.k_sched_lock
                0x00000000000038e0       0x28 zephyr/kernel/libkernel.a(sched.c.obj)
                0x00000000000038e0                k_sched_lock
 .text.k_sched_unlock
                0x0000000000003908       0x68 zephyr/kernel/libkernel.a(sched.c.obj)
                0x0000000000003908                k_sched_unlock
 .text.z_sched_init
                0x0000000000003970       0x10 zephyr/kernel/libkernel.a(sched.c.obj)
                0x0000000000003970                z_sched_init
 .text.z_impl_k_yield
                0x0000000000003980       0x8c zephyr/kernel/libkernel.a(sched.c.obj)
                0x0000000000003980                z_impl_k_yield
 .text.z_tick_sleep
                0x0000000000003a0c       0x88 zephyr/kernel/libkernel.a(sched.c.obj)
 .text.z_impl_k_sleep
                0x0000000000003a94       0x3c zephyr/kernel/libkernel.a(sched.c.obj)
                0x0000000000003a94                z_impl_k_sleep
 .text.z_impl_k_sched_current_thread_query
                0x0000000000003ad0        0xc zephyr/kernel/libkernel.a(sched.c.obj)
                0x0000000000003ad0                z_impl_k_sched_current_thread_query
 .text.slice_timeout
                0x0000000000003adc       0x20 zephyr/kernel/libkernel.a(timeslicing.c.obj)
 .text.thread_is_sliceable
                0x0000000000003afc       0x3c zephyr/kernel/libkernel.a(timeslicing.c.obj)
                0x0000000000003afc                thread_is_sliceable
 .text.z_reset_time_slice
                0x0000000000003b38       0x50 zephyr/kernel/libkernel.a(timeslicing.c.obj)
                0x0000000000003b38                z_reset_time_slice
 .text.z_time_slice
                0x0000000000003b88       0x60 zephyr/kernel/libkernel.a(timeslicing.c.obj)
                0x0000000000003b88                z_time_slice
 .text.z_data_copy
                0x0000000000003be8       0x38 zephyr/kernel/libkernel.a(xip.c.obj)
                0x0000000000003be8                z_data_copy
 .text.elapsed  0x0000000000003c20       0x14 zephyr/kernel/libkernel.a(timeout.c.obj)
 .text.remove_timeout
                0x0000000000003c34       0x38 zephyr/kernel/libkernel.a(timeout.c.obj)
 .text.next_timeout
                0x0000000000003c6c       0x40 zephyr/kernel/libkernel.a(timeout.c.obj)
 .text.z_add_timeout
                0x0000000000003cac       0xf4 zephyr/kernel/libkernel.a(timeout.c.obj)
                0x0000000000003cac                z_add_timeout
 .text.sys_clock_announce
                0x0000000000003da0       0xd0 zephyr/kernel/libkernel.a(timeout.c.obj)
                0x0000000000003da0                sys_clock_announce
 .text.sys_clock_tick_get
                0x0000000000003e70       0x30 zephyr/kernel/libkernel.a(timeout.c.obj)
                0x0000000000003e70                sys_clock_tick_get
 .text.boot_banner
                0x0000000000003ea0        0xc zephyr/kernel/libkernel.a(banner.c.obj)
                0x0000000000003ea0                boot_banner
 .text.__l_vfprintf
                0x0000000000003eac      0x4b8 /home/onur/zephyr-sdk-0.17.0/arm-zephyr-eabi/bin/../lib/gcc/../../picolibc/arm-zephyr-eabi/lib/thumb/v7e-m/nofp/libc.a(libc_tinystdio_vflprintf.c.o)
                0x0000000000003eac                __l_vfprintf
 .text._OffsetAbsSyms
                0x0000000000004364        0x2 zephyr/CMakeFiles/offsets.dir/./arch/arm/core/offsets/offsets.c.obj
                0x0000000000004364                _OffsetAbsSyms
 .text.gpio_pin_configure_dt.constprop.0
                0x0000000000004366       0x34 app/libapp.a(main.c.obj)
 .text.k_msleep.isra.0
                0x000000000000439a       0x20 app/libapp.a(main.c.obj)
 .text.gpio_pin_set_dt.isra.0
                0x00000000000043ba       0x28 app/libapp.a(main.c.obj)
 .text.i2c_reg_read_byte_dt
                0x00000000000043e2       0x42 app/libapp.a(icm42670.c.obj)
 .text.i2c_reg_write_byte_dt
                0x0000000000004424       0x36 app/libapp.a(icm42670.c.obj)
 .text.icm42670_get_acceldata
                0x000000000000445a       0x8e app/libapp.a(icm42670.c.obj)
                0x000000000000445a                icm42670_get_acceldata
 .text.chunk_size
                0x00000000000044e8        0xa zephyr/libzephyr.a(heap.c.obj)
 .text.free_list_add
                0x00000000000044f2       0x4e zephyr/libzephyr.a(heap.c.obj)
 .text.sys_heap_init
                0x0000000000004540       0x7a zephyr/libzephyr.a(heap.c.obj)
                0x0000000000004540                sys_heap_init
 .text.arch_printk_char_out
                0x00000000000045ba        0x4 zephyr/libzephyr.a(printk.c.obj)
                0x00000000000045ba                arch_printk_char_out
 .text.printk   0x00000000000045be       0x1a zephyr/libzephyr.a(printk.c.obj)
                0x00000000000045be                printk
 .text.process_recheck
                0x00000000000045d8       0x38 zephyr/libzephyr.a(onoff.c.obj)
 .text.validate_args
                0x0000000000004610       0x20 zephyr/libzephyr.a(onoff.c.obj)
 .text.notify_one
                0x0000000000004630       0x2c zephyr/libzephyr.a(onoff.c.obj)
 .text.transition_complete
                0x000000000000465c       0x1a zephyr/libzephyr.a(onoff.c.obj)
 .text.onoff_manager_init
                0x0000000000004676       0x26 zephyr/libzephyr.a(onoff.c.obj)
                0x0000000000004676                onoff_manager_init
 .text.onoff_request
                0x000000000000469c       0xae zephyr/libzephyr.a(onoff.c.obj)
                0x000000000000469c                onoff_request
 .text.sys_notify_validate
                0x000000000000474a       0x22 zephyr/libzephyr.a(notify.c.obj)
                0x000000000000474a                sys_notify_validate
 .text.sys_notify_finalize
                0x000000000000476c       0x1a zephyr/libzephyr.a(notify.c.obj)
                0x000000000000476c                sys_notify_finalize
 .text._ConfigAbsSyms
                0x0000000000004786        0x2 zephyr/libzephyr.a(configs.c.obj)
                0x0000000000004786                _ConfigAbsSyms
 .text.z_arm_fatal_error
                0x0000000000004788        0xc zephyr/arch/arch/arm/core/libarch__arm__core.a(fatal.c.obj)
                0x0000000000004788                z_arm_fatal_error
 .text.z_do_kernel_oops
                0x0000000000004794        0x8 zephyr/arch/arch/arm/core/libarch__arm__core.a(fatal.c.obj)
                0x0000000000004794                z_do_kernel_oops
 .text.z_arm_nmi
                0x000000000000479c        0xe zephyr/arch/arch/arm/core/libarch__arm__core.a(nmi.c.obj)
                0x000000000000479c                z_arm_nmi
 .text.z_irq_spurious
                0x00000000000047aa        0x8 zephyr/arch/arch/arm/core/cortex_m/libarch__arm__core__cortex_m.a(irq_manage.c.obj)
                0x00000000000047aa                z_irq_spurious
 .text.arch_irq_unlock_outlined
                0x00000000000047b2        0xe zephyr/arch/arch/arm/core/cortex_m/libarch__arm__core__cortex_m.a(thread.c.obj)
                0x00000000000047b2                arch_irq_unlock_outlined
 .text.arch_cpu_idle
                0x00000000000047c0       0x1a zephyr/arch/arch/arm/core/cortex_m/libarch__arm__core__cortex_m.a(cpu_idle.c.obj)
                0x00000000000047c0                arch_cpu_idle
 .text.arch_cpu_atomic_idle
                0x00000000000047da       0x1e zephyr/arch/arch/arm/core/cortex_m/libarch__arm__core__cortex_m.a(cpu_idle.c.obj)
                0x00000000000047da                arch_cpu_atomic_idle
 .text.size_to_mpu_rasr_size
                0x00000000000047f8       0x20 zephyr/arch/arch/arm/core/mpu/libarch__arm__core__mpu.a(arm_mpu.c.obj)
 .text.nordicsemi_nrf52_init
                0x0000000000004818        0xe zephyr/soc/soc/nrf52810/libsoc__nordic.a(soc.c.obj)
 .text.get_status
                0x0000000000004826       0x12 zephyr/drivers/clock_control/libdrivers__clock_control.a(clock_control_nrf.c.obj)
 .text.stop     0x0000000000004838       0x52 zephyr/drivers/clock_control/libdrivers__clock_control.a(clock_control_nrf.c.obj)
 .text.api_stop
                0x000000000000488a        0x6 zephyr/drivers/clock_control/libdrivers__clock_control.a(clock_control_nrf.c.obj)
 .text.async_start
                0x0000000000004890       0x5c zephyr/drivers/clock_control/libdrivers__clock_control.a(clock_control_nrf.c.obj)
 .text.api_start
                0x00000000000048ec        0xe zephyr/drivers/clock_control/libdrivers__clock_control.a(clock_control_nrf.c.obj)
 .text.onoff_started_callback
                0x00000000000048fa       0x12 zephyr/drivers/clock_control/libdrivers__clock_control.a(clock_control_nrf.c.obj)
 .text.lfclk_start
                0x000000000000490c        0x6 zephyr/drivers/clock_control/libdrivers__clock_control.a(clock_control_nrf.c.obj)
 .text.lfclk_stop
                0x0000000000004912        0x6 zephyr/drivers/clock_control/libdrivers__clock_control.a(clock_control_nrf.c.obj)
 .text.blocking_start_callback
                0x0000000000004918        0x6 zephyr/drivers/clock_control/libdrivers__clock_control.a(clock_control_nrf.c.obj)
 .text.gpio_nrfx_port_get_raw
                0x000000000000491e        0xe zephyr/drivers/gpio/libdrivers__gpio.a(gpio_nrfx.c.obj)
 .text.gpio_nrfx_port_set_masked_raw
                0x000000000000492c       0x18 zephyr/drivers/gpio/libdrivers__gpio.a(gpio_nrfx.c.obj)
 .text.gpio_nrfx_port_set_bits_raw
                0x0000000000004944        0xc zephyr/drivers/gpio/libdrivers__gpio.a(gpio_nrfx.c.obj)
 .text.gpio_nrfx_port_clear_bits_raw
                0x0000000000004950        0xc zephyr/drivers/gpio/libdrivers__gpio.a(gpio_nrfx.c.obj)
 .text.gpio_nrfx_port_toggle_bits
                0x000000000000495c       0x1a zephyr/drivers/gpio/libdrivers__gpio.a(gpio_nrfx.c.obj)
 .text.gpio_nrfx_manage_callback
                0x0000000000004976       0x52 zephyr/drivers/gpio/libdrivers__gpio.a(gpio_nrfx.c.obj)
 .text.twi_0_init
                0x00000000000049c8       0x40 zephyr/drivers/i2c/libdrivers__i2c.a(i2c_nrfx_twi.c.obj)
 .text.i2c_nrfx_twi_configure
                0x0000000000004a08       0x32 zephyr/drivers/i2c/libdrivers__i2c.a(i2c_nrfx_twi_common.c.obj)
                0x0000000000004a08                i2c_nrfx_twi_configure
 .text.pinctrl_lookup_state
                0x0000000000004a3a       0x26 zephyr/drivers/pinctrl/libdrivers__pinctrl.a(common.c.obj)
                0x0000000000004a3a                pinctrl_lookup_state
 .text.event_clear
                0x0000000000004a60       0x18 zephyr/drivers/timer/libdrivers__timer.a(nrf_rtc_timer.c.obj)
 .text.nrf52_errata_31
                0x0000000000004a78       0x26 modules/hal_nordic/nrfx/libmodules__hal_nordic__nrfx.a(system_nrf52810.c.obj)
 .text.nrfx_isr
                0x0000000000004a9e        0x2 modules/hal_nordic/nrfx/libmodules__hal_nordic__nrfx.a(nrfx_glue.c.obj)
                0x0000000000004a9e                nrfx_isr
 .text.nrfx_busy_wait
                0x0000000000004aa0        0x4 modules/hal_nordic/nrfx/libmodules__hal_nordic__nrfx.a(nrfx_glue.c.obj)
                0x0000000000004aa0                nrfx_busy_wait
 .text.nrfx_clock_stop
                0x0000000000004aa4        0x4 modules/hal_nordic/nrfx/libmodules__hal_nordic__nrfx.a(nrfx_clock.c.obj)
                0x0000000000004aa4                nrfx_clock_stop
 .text.nrf_gpio_pin_port_decode
                0x0000000000004aa8       0x14 modules/hal_nordic/nrfx/libmodules__hal_nordic__nrfx.a(nrfx_gpiote.c.obj)
 .text.nrf_gpio_reconfigure
                0x0000000000004abc       0x92 modules/hal_nordic/nrfx/libmodules__hal_nordic__nrfx.a(nrfx_gpiote.c.obj)
 .text.nrf_gpio_cfg_sense_set
                0x0000000000004b4e       0x1e modules/hal_nordic/nrfx/libmodules__hal_nordic__nrfx.a(nrfx_gpiote.c.obj)
 .text.latch_pending_read_and_check
                0x0000000000004b6c       0x1c modules/hal_nordic/nrfx/libmodules__hal_nordic__nrfx.a(nrfx_gpiote.c.obj)
 .text.nrfx_gpiote_pin_uninit
                0x0000000000004b88        0x4 modules/hal_nordic/nrfx/libmodules__hal_nordic__nrfx.a(nrfx_gpiote.c.obj)
                0x0000000000004b88                nrfx_gpiote_pin_uninit
 .text.nrfx_gpiote_trigger_disable
                0x0000000000004b8c        0x4 modules/hal_nordic/nrfx/libmodules__hal_nordic__nrfx.a(nrfx_gpiote.c.obj)
                0x0000000000004b8c                nrfx_gpiote_trigger_disable
 .text.twi_transfer
                0x0000000000004b90      0x130 modules/hal_nordic/nrfx/libmodules__hal_nordic__nrfx.a(nrfx_twi.c.obj)
 .text.nrf_gpio_pin_port_decode
                0x0000000000004cc0       0x14 modules/hal_nordic/nrfx/libmodules__hal_nordic__nrfx.a(nrfx_twi_twim.c.obj)
 .text.nrf_gpio_pin_set
                0x0000000000004cd4       0x1a modules/hal_nordic/nrfx/libmodules__hal_nordic__nrfx.a(nrfx_twi_twim.c.obj)
 .text.z_impl_k_busy_wait
                0x0000000000004cee        0x8 zephyr/kernel/libkernel.a(busy_wait.c.obj)
                0x0000000000004cee                z_impl_k_busy_wait
 .text.z_device_state_init
                0x0000000000004cf6        0x2 zephyr/kernel/libkernel.a(device.c.obj)
                0x0000000000004cf6                z_device_state_init
 .text.z_impl_device_is_ready
                0x0000000000004cf8       0x16 zephyr/kernel/libkernel.a(device.c.obj)
                0x0000000000004cf8                z_impl_device_is_ready
 .text.arch_system_halt
                0x0000000000004d0e       0x10 zephyr/kernel/libkernel.a(fatal.c.obj)
                0x0000000000004d0e                arch_system_halt
 .text.k_sys_fatal_error_handler
                0x0000000000004d1e        0x6 zephyr/kernel/libkernel.a(fatal.c.obj)
                0x0000000000004d1e                k_sys_fatal_error_handler
 .text.do_device_init
                0x0000000000004d24       0x30 zephyr/kernel/libkernel.a(init.c.obj)
 .text.z_early_memset
                0x0000000000004d54        0x4 zephyr/kernel/libkernel.a(init.c.obj)
                0x0000000000004d54                z_early_memset
 .text.z_early_memcpy
                0x0000000000004d58        0x4 zephyr/kernel/libkernel.a(init.c.obj)
                0x0000000000004d58                z_early_memcpy
 .text.z_init_static
                0x0000000000004d5c        0x2 zephyr/kernel/libkernel.a(init_static.c.obj)
                0x0000000000004d5c                z_init_static
 .text.idle     0x0000000000004d5e       0x16 zephyr/kernel/libkernel.a(idle.c.obj)
                0x0000000000004d5e                idle
 .text.k_is_in_isr
                0x0000000000004d74        0xc zephyr/kernel/libkernel.a(thread.c.obj)
                0x0000000000004d74                k_is_in_isr
 .text.z_impl_k_thread_start
                0x0000000000004d80        0x4 zephyr/kernel/libkernel.a(thread.c.obj)
                0x0000000000004d80                z_impl_k_thread_start
 .text.sys_dlist_remove
                0x0000000000004d84       0x10 zephyr/kernel/libkernel.a(sched.c.obj)
 .text.unpend_thread_no_timeout
                0x0000000000004d94       0x14 zephyr/kernel/libkernel.a(sched.c.obj)
 .text.add_to_waitq_locked
                0x0000000000004da8       0x50 zephyr/kernel/libkernel.a(sched.c.obj)
 .text.z_ready_thread
                0x0000000000004df8       0x1e zephyr/kernel/libkernel.a(sched.c.obj)
                0x0000000000004df8                z_ready_thread
 .text.z_impl_k_thread_suspend
                0x0000000000004e16       0x34 zephyr/kernel/libkernel.a(sched.c.obj)
                0x0000000000004e16                z_impl_k_thread_suspend
 .text.z_sched_wake_thread
                0x0000000000004e4a       0x42 zephyr/kernel/libkernel.a(sched.c.obj)
                0x0000000000004e4a                z_sched_wake_thread
 .text.z_thread_timeout
                0x0000000000004e8c        0x8 zephyr/kernel/libkernel.a(sched.c.obj)
                0x0000000000004e8c                z_thread_timeout
 .text.z_thread_abort
                0x0000000000004e94       0x44 zephyr/kernel/libkernel.a(sched.c.obj)
                0x0000000000004e94                z_thread_abort
 .text.z_abort_timeout
                0x0000000000004ed8       0x2a zephyr/kernel/libkernel.a(timeout.c.obj)
                0x0000000000004ed8                z_abort_timeout
 .text.sys_clock_tick_get_32
                0x0000000000004f02        0x8 zephyr/kernel/libkernel.a(timeout.c.obj)
                0x0000000000004f02                sys_clock_tick_get_32
 .text.memcpy   0x0000000000004f0a       0x1c /home/onur/zephyr-sdk-0.17.0/arm-zephyr-eabi/bin/../lib/gcc/../../picolibc/arm-zephyr-eabi/lib/thumb/v7e-m/nofp/libc.a(memcpy.c.o)
                0x0000000000004f0a                memcpy
                0x0000000000004f0a                __aeabi_memcpy
                0x0000000000004f0a                __aeabi_memcpy4
                0x0000000000004f0a                __aeabi_memcpy8
 .text.memset   0x0000000000004f26       0x10 /home/onur/zephyr-sdk-0.17.0/arm-zephyr-eabi/bin/../lib/gcc/../../picolibc/arm-zephyr-eabi/lib/thumb/v7e-m/nofp/libc.a(memset.c.o)
                0x0000000000004f26                memset
 .text.strnlen  0x0000000000004f36       0x18 /home/onur/zephyr-sdk-0.17.0/arm-zephyr-eabi/bin/../lib/gcc/../../picolibc/arm-zephyr-eabi/lib/thumb/v7e-m/nofp/libc.a(libc_string_strnlen.c.o)
                0x0000000000004f36                strnlen
 .text.__ultoa_invert
                0x0000000000004f4e       0xae /home/onur/zephyr-sdk-0.17.0/arm-zephyr-eabi/bin/../lib/gcc/../../picolibc/arm-zephyr-eabi/lib/thumb/v7e-m/nofp/libc.a(libc_tinystdio_vflprintf.c.o)
 *(SORT_BY_ALIGNMENT(.TEXT.*))
 .TEXT.__aeabi_read_tp
                0x0000000000004ffc        0xc zephyr/arch/arch/arm/core/cortex_m/libarch__arm__core__cortex_m.a(__aeabi_read_tp.S.obj)
                0x0000000000004ffc                __aeabi_read_tp
 *(SORT_BY_ALIGNMENT(.gnu.linkonce.t.*))
 *(SORT_BY_ALIGNMENT(.glue_7t))
 .glue_7t       0x0000000000005008        0x0 linker stubs
 *(SORT_BY_ALIGNMENT(.glue_7))
 .glue_7        0x0000000000005008        0x0 linker stubs
 *(SORT_BY_ALIGNMENT(.vfp11_veneer))
 .vfp11_veneer  0x0000000000005008        0x0 linker stubs
 *(SORT_BY_ALIGNMENT(.v4_bx))
 .v4_bx         0x0000000000005008        0x0 linker stubs
                0x0000000000005008                . = ALIGN (0x4)
                0x0000000000005008                __text_region_end = .

.ARM.exidx      0x0000000000005008        0x8
                0x0000000000005008                __exidx_start = .
 *(SORT_BY_ALIGNMENT(.ARM.exidx*) SORT_BY_ALIGNMENT(gnu.linkonce.armexidx.*))
 .ARM.exidx     0x0000000000005008        0x8 /home/onur/zephyr-sdk-0.17.0/arm-zephyr-eabi/bin/../lib/gcc/arm-zephyr-eabi/12.2.0/thumb/v7e-m/nofp/libgcc.a(_udivmoddi4.o)
                0x0000000000005010                __exidx_end = .
                0x0000000000005010                __rodata_region_start = .

initlevel       0x0000000000005010       0x30
                0x0000000000005010                __init_start = .
                0x0000000000005010                __init_EARLY_start = .
 *(SORT_BY_NAME(SORT_BY_ALIGNMENT(.z_init_EARLY?_*)))
 *(SORT_BY_NAME(SORT_BY_ALIGNMENT(.z_init_EARLY??_*)))
                0x0000000000005010                __init_PRE_KERNEL_1_start = .
 *(SORT_BY_NAME(SORT_BY_ALIGNMENT(.z_init_PRE_KERNEL_1?_*)))
 .z_init_PRE_KERNEL_10_0_
                0x0000000000005010        0x8 zephyr/soc/soc/nrf52810/libsoc__nordic.a(soc.c.obj)
 *(SORT_BY_NAME(SORT_BY_ALIGNMENT(.z_init_PRE_KERNEL_1??_*)))
 .z_init_PRE_KERNEL_130_00034_
                0x0000000000005018        0x8 zephyr/drivers/clock_control/libdrivers__clock_control.a(clock_control_nrf.c.obj)
 .z_init_PRE_KERNEL_140_00012_
                0x0000000000005020        0x8 zephyr/drivers/gpio/libdrivers__gpio.a(gpio_nrfx.c.obj)
                0x0000000000005028                __init_PRE_KERNEL_2_start = .
 *(SORT_BY_NAME(SORT_BY_ALIGNMENT(.z_init_PRE_KERNEL_2?_*)))
 .z_init_PRE_KERNEL_20_0_
                0x0000000000005028        0x8 zephyr/drivers/timer/libdrivers__timer.a(nrf_rtc_timer.c.obj)
 *(SORT_BY_NAME(SORT_BY_ALIGNMENT(.z_init_PRE_KERNEL_2??_*)))
                0x0000000000005030                __init_POST_KERNEL_start = .
 *(SORT_BY_NAME(SORT_BY_ALIGNMENT(.z_init_POST_KERNEL?_*)))
 *(SORT_BY_NAME(SORT_BY_ALIGNMENT(.z_init_POST_KERNEL??_*)))
 .z_init_POST_KERNEL35_0_
                0x0000000000005030        0x8 zephyr/lib/libc/common/liblib__libc__common.a(malloc.c.obj)
 .z_init_POST_KERNEL50_00067_
                0x0000000000005038        0x8 zephyr/drivers/i2c/libdrivers__i2c.a(i2c_nrfx_twi.c.obj)
                0x0000000000005040                __init_APPLICATION_start = .
 *(SORT_BY_NAME(SORT_BY_ALIGNMENT(.z_init_APPLICATION?_*)))
 *(SORT_BY_NAME(SORT_BY_ALIGNMENT(.z_init_APPLICATION??_*)))
                0x0000000000005040                __init_SMP_start = .
 *(SORT_BY_NAME(SORT_BY_ALIGNMENT(.z_init_SMP?_*)))
 *(SORT_BY_NAME(SORT_BY_ALIGNMENT(.z_init_SMP??_*)))
                0x0000000000005040                __init_end = .
                0x0000000000005040                __deferred_init_list_start = .
 *(SORT_BY_ALIGNMENT(.z_deferred_init*))
                0x0000000000005040                __deferred_init_list_end = .

device_area     0x0000000000005040       0x3c
                0x0000000000005040                _device_list_start = .
 *(SORT_BY_NAME(SORT_BY_ALIGNMENT(._device.static.*_?_*)))
 *(SORT_BY_NAME(SORT_BY_ALIGNMENT(._device.static.*_??_*)))
 ._device.static.1_30_
                0x0000000000005040       0x14 zephyr/drivers/clock_control/libdrivers__clock_control.a(clock_control_nrf.c.obj)
                0x0000000000005040                __device_dts_ord_34
 ._device.static.1_40_
                0x0000000000005054       0x14 zephyr/drivers/gpio/libdrivers__gpio.a(gpio_nrfx.c.obj)
                0x0000000000005054                __device_dts_ord_12
 ._device.static.3_50_
                0x0000000000005068       0x14 zephyr/drivers/i2c/libdrivers__i2c.a(i2c_nrfx_twi.c.obj)
                0x0000000000005068                __device_dts_ord_67
                0x000000000000507c                _device_list_end = .

sw_isr_table    0x000000000000507c       0xf0
                0x000000000000507c                . = ALIGN (0x4)
 *(SORT_BY_ALIGNMENT(.gnu.linkonce.sw_isr_table*))
 .gnu.linkonce.sw_isr_table
                0x000000000000507c       0xf0 zephyr/CMakeFiles/zephyr_final.dir/isr_tables.c.obj
                0x000000000000507c                _sw_isr_table

initlevel_error
                0x0000000000005010        0x0
 *(SORT_BY_NAME(SORT_BY_ALIGNMENT(.z_init_[_A-Z0-9]*)))
                0x0000000000000001                ASSERT ((SIZEOF (initlevel_error) == 0x0), Undefined initialization levels used.)

app_shmem_regions
                0x000000000000516c        0x0
                0x000000000000516c                __app_shmem_regions_start = .
 *(SORT_BY_NAME(SORT_BY_ALIGNMENT(.app_regions.*)))
                0x000000000000516c                __app_shmem_regions_end = .

k_p4wq_initparam_area
                0x000000000000516c        0x0
                0x000000000000516c                _k_p4wq_initparam_list_start = .
 *(SORT_BY_NAME(SORT_BY_ALIGNMENT(._k_p4wq_initparam.static.*)))
                0x000000000000516c                _k_p4wq_initparam_list_end = .

_static_thread_data_area
                0x000000000000516c        0x0
                0x000000000000516c                __static_thread_data_list_start = .
 *(SORT_BY_NAME(SORT_BY_ALIGNMENT(.__static_thread_data.static.*)))
                0x000000000000516c                __static_thread_data_list_end = .

device_deps     0x000000000000516c        0x0
                0x000000000000516c                __device_deps_start = .
 *(SORT_BY_NAME(SORT_BY_ALIGNMENT(.__device_deps_pass2*)))
                0x000000000000516c                __device_deps_end = .

ztest           0x000000000000516c        0x0
                0x000000000000516c                _ztest_expected_result_entry_list_start = .
 *(SORT_BY_NAME(SORT_BY_ALIGNMENT(._ztest_expected_result_entry.static.*)))
                0x000000000000516c                _ztest_expected_result_entry_list_end = .
                0x000000000000516c                _ztest_suite_node_list_start = .
 *(SORT_BY_NAME(SORT_BY_ALIGNMENT(._ztest_suite_node.static.*)))
                0x000000000000516c                _ztest_suite_node_list_end = .
                0x000000000000516c                _ztest_unit_test_list_start = .
 *(SORT_BY_NAME(SORT_BY_ALIGNMENT(._ztest_unit_test.static.*)))
                0x000000000000516c                _ztest_unit_test_list_end = .
                0x000000000000516c                _ztest_test_rule_list_start = .
 *(SORT_BY_NAME(SORT_BY_ALIGNMENT(._ztest_test_rule.static.*)))
                0x000000000000516c                _ztest_test_rule_list_end = .

init_array      0x000000000000516c        0x0
 *(SORT_BY_NAME(SORT_BY_ALIGNMENT(.ctors*)))
 *(SORT_BY_NAME(SORT_BY_ALIGNMENT(.init_array*)))
                0x0000000000000001                ASSERT ((SIZEOF (init_array) == 0x0), GNU-style constructors required but STATIC_INIT_GNU not enabled)

bt_l2cap_fixed_chan_area
                0x000000000000516c        0x0
                0x000000000000516c                _bt_l2cap_fixed_chan_list_start = .
 *(SORT_BY_NAME(SORT_BY_ALIGNMENT(._bt_l2cap_fixed_chan.static.*)))
                0x000000000000516c                _bt_l2cap_fixed_chan_list_end = .

bt_gatt_service_static_area
                0x000000000000516c        0x0
                0x000000000000516c                _bt_gatt_service_static_list_start = .
 *(SORT_BY_NAME(SORT_BY_ALIGNMENT(._bt_gatt_service_static.static.*)))
                0x000000000000516c                _bt_gatt_service_static_list_end = .

log_strings_area
                0x000000000000516c        0x0
                0x000000000000516c                _log_strings_list_start = .
 *(SORT_BY_NAME(SORT_BY_ALIGNMENT(._log_strings.static.*)))
                0x000000000000516c                _log_strings_list_end = .

log_const_area  0x000000000000516c        0x0
                0x000000000000516c                _log_const_list_start = .
 *(SORT_BY_NAME(SORT_BY_ALIGNMENT(._log_const.static.*)))
                0x000000000000516c                _log_const_list_end = .

log_backend_area
                0x000000000000516c        0x0
                0x000000000000516c                _log_backend_list_start = .
 *(SORT_BY_NAME(SORT_BY_ALIGNMENT(._log_backend.static.*)))
                0x000000000000516c                _log_backend_list_end = .

log_link_area   0x000000000000516c        0x0
                0x000000000000516c                _log_link_list_start = .
 *(SORT_BY_NAME(SORT_BY_ALIGNMENT(._log_link.static.*)))
                0x000000000000516c                _log_link_list_end = .

tracing_backend_area
                0x000000000000516c        0x0
                0x000000000000516c                _tracing_backend_list_start = .
 *(SORT_BY_NAME(SORT_BY_ALIGNMENT(._tracing_backend.static.*)))
                0x000000000000516c                _tracing_backend_list_end = .

zephyr_dbg_info
 *(SORT_BY_ALIGNMENT(.dbg_thread_info))

intc_table_area
                0x000000000000516c        0x0
                0x000000000000516c                _intc_table_list_start = .
 *(SORT_BY_NAME(SORT_BY_ALIGNMENT(._intc_table.static.*)))
                0x000000000000516c                _intc_table_list_end = .

symbol_to_keep  0x000000000000516c        0x0
                0x000000000000516c                __symbol_to_keep_start = .
 *(SORT_BY_NAME(SORT_BY_ALIGNMENT(.symbol_to_keep*)))
                0x000000000000516c                __symbol_to_keep_end = .

shell_area      0x000000000000516c        0x0
                0x000000000000516c                _shell_list_start = .
 *(SORT_BY_NAME(SORT_BY_ALIGNMENT(._shell.static.*)))
                0x000000000000516c                _shell_list_end = .

shell_root_cmds_area
                0x000000000000516c        0x0
                0x000000000000516c                _shell_root_cmds_list_start = .
 *(SORT_BY_NAME(SORT_BY_ALIGNMENT(._shell_root_cmds.static.*)))
                0x000000000000516c                _shell_root_cmds_list_end = .

shell_subcmds_area
                0x000000000000516c        0x0
                0x000000000000516c                _shell_subcmds_list_start = .
 *(SORT_BY_NAME(SORT_BY_ALIGNMENT(._shell_subcmds.static.*)))
                0x000000000000516c                _shell_subcmds_list_end = .

shell_dynamic_subcmds_area
                0x000000000000516c        0x0
                0x000000000000516c                _shell_dynamic_subcmds_list_start = .
 *(SORT_BY_NAME(SORT_BY_ALIGNMENT(._shell_dynamic_subcmds.static.*)))
                0x000000000000516c                _shell_dynamic_subcmds_list_end = .

cfb_font_area   0x000000000000516c        0x0
                0x000000000000516c                _cfb_font_list_start = .
 *(SORT_BY_NAME(SORT_BY_ALIGNMENT(._cfb_font.static.*)))
                0x000000000000516c                _cfb_font_list_end = .

tdata           0x000000000000516c        0x0
 *(SORT_BY_ALIGNMENT(.tdata) SORT_BY_ALIGNMENT(.tdata.*) SORT_BY_ALIGNMENT(.gnu.linkonce.td.*))

tbss            0x000000000000516c        0x4
 *(SORT_BY_ALIGNMENT(.tbss) SORT_BY_ALIGNMENT(.tbss.*) SORT_BY_ALIGNMENT(.gnu.linkonce.tb.*) SORT_BY_ALIGNMENT(.tcommon))
 .tbss.z_tls_current
                0x000000000000516c        0x4 zephyr/libzephyr.a(thread_entry.c.obj)
                0x000000000000516c                z_tls_current
                0x000000000000516c                PROVIDE (__tdata_start = LOADADDR (tdata))
                0x0000000000000001                PROVIDE (__tdata_align = ALIGNOF (tdata))
                0x0000000000000000                PROVIDE (__tdata_size = (((SIZEOF (tdata) + __tdata_align) - 0x1) & ~ ((__tdata_align - 0x1))))
                [!provide]                        PROVIDE (__tdata_end = (__tdata_start + __tdata_size))
                0x0000000000000004                PROVIDE (__tbss_align = ALIGNOF (tbss))
                [!provide]                        PROVIDE (__tbss_start = ADDR (tbss))
                0x0000000000000004                PROVIDE (__tbss_size = (((SIZEOF (tbss) + __tbss_align) - 0x1) & ~ ((__tbss_align - 0x1))))
                [!provide]                        PROVIDE (__tbss_end = (__tbss_start + __tbss_size))
                [!provide]                        PROVIDE (__tls_start = __tdata_start)
                [!provide]                        PROVIDE (__tls_end = __tbss_end)
                [!provide]                        PROVIDE (__tls_size = (__tbss_end - __tdata_start))

rodata          0x0000000000005170      0x210
 *(SORT_BY_ALIGNMENT(.rodata))
 *(SORT_BY_ALIGNMENT(.rodata.*))
 .rodata.delay_machine_code.0
                0x0000000000005170        0x6 zephyr/soc/soc/nrf52810/libsoc__nordic.a(soc.c.obj)
 *fill*         0x0000000000005176        0x2 
 .rodata.green_led
                0x0000000000005178        0x8 app/libapp.a(main.c.obj)
 .rodata.red_led
                0x0000000000005180        0x8 app/libapp.a(main.c.obj)
 .rodata.icm42670_dev
                0x0000000000005188        0x8 app/libapp.a(main.c.obj)
                0x0000000000005188                icm42670_dev
 .rodata.mem_attr_region
                0x0000000000005190        0x0 zephyr/libzephyr.a(mem_attr.c.obj)
 .rodata.static_regions
                0x0000000000005190        0xc zephyr/arch/arch/arm/core/mpu/libarch__arm__core__mpu.a(arm_core_mpu.c.obj)
 .rodata.mpu_config
                0x000000000000519c        0x8 zephyr/arch/arch/arm/core/mpu/libarch__arm__core__mpu.a(arm_mpu_regions.c.obj)
                0x000000000000519c                mpu_config
 .rodata.mpu_regions
                0x00000000000051a4       0x18 zephyr/arch/arch/arm/core/mpu/libarch__arm__core__mpu.a(arm_mpu_regions.c.obj)
 .rodata.transitions.0
                0x00000000000051bc        0xc zephyr/drivers/clock_control/libdrivers__clock_control.a(clock_control_nrf.c.obj)
 .rodata.config
                0x00000000000051c8       0x10 zephyr/drivers/clock_control/libdrivers__clock_control.a(clock_control_nrf.c.obj)
 .rodata.clock_control_api
                0x00000000000051d8       0x1c zephyr/drivers/clock_control/libdrivers__clock_control.a(clock_control_nrf.c.obj)
 .rodata.gpio_nrfx_p0_cfg
                0x00000000000051f4       0x18 zephyr/drivers/gpio/libdrivers__gpio.a(gpio_nrfx.c.obj)
 .rodata.gpio_nrfx_drv_api_funcs
                0x000000000000520c       0x24 zephyr/drivers/gpio/libdrivers__gpio.a(gpio_nrfx.c.obj)
 .rodata.twi_0z_config
                0x0000000000005230       0x20 zephyr/drivers/i2c/libdrivers__i2c.a(i2c_nrfx_twi.c.obj)
 .rodata.__pinctrl_dev_config__device_dts_ord_67
                0x0000000000005250        0xc zephyr/drivers/i2c/libdrivers__i2c.a(i2c_nrfx_twi.c.obj)
 .rodata.__pinctrl_states__device_dts_ord_67
                0x000000000000525c        0x8 zephyr/drivers/i2c/libdrivers__i2c.a(i2c_nrfx_twi.c.obj)
 .rodata.__pinctrl_state_pins_0__device_dts_ord_67
                0x0000000000005264        0x8 zephyr/drivers/i2c/libdrivers__i2c.a(i2c_nrfx_twi.c.obj)
 .rodata.i2c_nrfx_twi_driver_api
                0x000000000000526c       0x18 zephyr/drivers/i2c/libdrivers__i2c.a(i2c_nrfx_twi.c.obj)
 .rodata.levels.0
                0x0000000000005284       0x18 zephyr/kernel/libkernel.a(init.c.obj)
 .rodata.main.str1.1
                0x000000000000529c       0x1e app/libapp.a(main.c.obj)
 .rodata.icm42670_init.str1.1
                0x00000000000052ba       0x1b app/libapp.a(icm42670.c.obj)
 .rodata.str1.1
                0x00000000000052d5        0xf zephyr/arch/arch/arm/core/mpu/libarch__arm__core__mpu.a(arm_mpu_regions.c.obj)
 .rodata.str1.1
                0x00000000000052e4        0xf zephyr/drivers/clock_control/libdrivers__clock_control.a(clock_control_nrf.c.obj)
 .rodata.str1.1
                0x00000000000052f3        0xe zephyr/drivers/gpio/libdrivers__gpio.a(gpio_nrfx.c.obj)
 .rodata.str1.1
                0x0000000000005301        0xd zephyr/drivers/i2c/libdrivers__i2c.a(i2c_nrfx_twi.c.obj)
 .rodata.drive_modes
                0x000000000000530e        0x8 zephyr/drivers/pinctrl/libdrivers__pinctrl.a(pinctrl_nrf.c.obj)
 .rodata.CSWTCH.22
                0x0000000000005316        0x3 modules/hal_nordic/nrfx/libmodules__hal_nordic__nrfx.a(system_nrf52810.c.obj)
 .rodata.CSWTCH.21
                0x0000000000005319        0x5 modules/hal_nordic/nrfx/libmodules__hal_nordic__nrfx.a(system_nrf52810.c.obj)
 .rodata.CSWTCH.18
                0x000000000000531e        0x5 modules/hal_nordic/nrfx/libmodules__hal_nordic__nrfx.a(system_nrf52810.c.obj)
 .rodata.CSWTCH.14
                0x0000000000005323        0x5 modules/hal_nordic/nrfx/libmodules__hal_nordic__nrfx.a(system_nrf52810.c.obj)
 .rodata.CSWTCH.4
                0x0000000000005328        0x5 modules/hal_nordic/nrfx/libmodules__hal_nordic__nrfx.a(system_nrf52810.c.obj)
 .rodata.z_cstart.str1.1
                0x000000000000532d        0x5 zephyr/kernel/libkernel.a(init.c.obj)
 .rodata.boot_banner.str1.1
                0x0000000000005332       0x3c zephyr/kernel/libkernel.a(banner.c.obj)
 .rodata.__l_vfprintf.str1.1
                0x000000000000536e        0xf /home/onur/zephyr-sdk-0.17.0/arm-zephyr-eabi/bin/../lib/gcc/../../picolibc/arm-zephyr-eabi/lib/thumb/v7e-m/nofp/libc.a(libc_tinystdio_vflprintf.c.o)
 *(SORT_BY_ALIGNMENT(.gnu.linkonce.r.*))
                0x0000000000005380                . = ALIGN (0x4)
 *fill*         0x000000000000537d        0x3 
                0x0000000000005380                __rodata_region_end = .
                0x0000000000005380                . = ALIGN (_region_min_align)
                0x0000000000008000                . = ALIGN ((0x1 << LOG2CEIL ((__rodata_region_end - ADDR (rom_start)))))
                0x0000000000008000                __rom_region_end = ((__rom_region_start + .) - ADDR (rom_start))

/DISCARD/
 *(SORT_BY_ALIGNMENT(.got.plt))
 *(SORT_BY_ALIGNMENT(.igot.plt))
 *(SORT_BY_ALIGNMENT(.got))
 *(SORT_BY_ALIGNMENT(.igot))
                0x0000000020000000                . = 0x20000000
                0x0000000020000000                . = ALIGN (_region_min_align)
                0x0000000020000000                _image_ram_start = .

.ramfunc        0x0000000020000000        0x0 load address 0x0000000000005380
                0x0000000020000000                __ramfunc_region_start = .
                0x0000000020000000                . = ALIGN (_region_min_align)
                0x0000000020000000                . = ALIGN ((0x1 << LOG2CEIL (__ramfunc_size)))
                0x0000000020000000                __ramfunc_start = .
 *(SORT_BY_ALIGNMENT(.ramfunc))
 *(SORT_BY_ALIGNMENT(.ramfunc.*))
                0x0000000020000000                . = ALIGN (_region_min_align)
                0x0000000020000000                . = ALIGN ((0x1 << LOG2CEIL (__ramfunc_size)))
                0x0000000020000000                __ramfunc_end = .
                0x0000000000000000                __ramfunc_size = (__ramfunc_end - __ramfunc_start)
                0x0000000000005380                __ramfunc_load_start = LOADADDR (.ramfunc)

datas           0x0000000020000000       0x98 load address 0x0000000000005380
                0x0000000020000000                __data_region_start = .
                0x0000000020000000                __data_start = .
 *(SORT_BY_ALIGNMENT(.data))
 *(SORT_BY_ALIGNMENT(.data.*))
 .data._char_out
                0x0000000020000000        0x4 zephyr/libzephyr.a(printk.c.obj)
 .data.twi_0_data
                0x0000000020000004       0x28 zephyr/drivers/i2c/libdrivers__i2c.a(i2c_nrfx_twi.c.obj)
 .data.m_cb     0x000000002000002c       0x64 modules/hal_nordic/nrfx/libmodules__hal_nordic__nrfx.a(nrfx_gpiote.c.obj)
 .data.timeout_list
                0x0000000020000090        0x8 zephyr/kernel/libkernel.a(timeout.c.obj)
 *(SORT_BY_ALIGNMENT(.kernel.*))
                0x0000000020000098                __data_end = .
                0x0000000000000098                __data_size = (__data_end - __data_start)
                0x0000000000005380                __data_load_start = LOADADDR (datas)
                0x0000000000005380                __data_region_load_start = LOADADDR (datas)

device_states   0x0000000020000098        0x6 load address 0x0000000000005418
                0x0000000020000098                __device_states_start = .
 *(SORT_BY_ALIGNMENT(.z_devstate))
 .z_devstate    0x0000000020000098        0x2 zephyr/drivers/clock_control/libdrivers__clock_control.a(clock_control_nrf.c.obj)
 .z_devstate    0x000000002000009a        0x2 zephyr/drivers/gpio/libdrivers__gpio.a(gpio_nrfx.c.obj)
 .z_devstate    0x000000002000009c        0x2 zephyr/drivers/i2c/libdrivers__i2c.a(i2c_nrfx_twi.c.obj)
 *(SORT_BY_ALIGNMENT(.z_devstate.*))
                0x000000002000009e                __device_states_end = .

log_mpsc_pbuf_area
                0x000000002000009e        0x0 load address 0x000000000000541e
                0x000000002000009e                _log_mpsc_pbuf_list_start = .
 *(SORT_BY_NAME(SORT_BY_ALIGNMENT(._log_mpsc_pbuf.static.*)))
                0x000000002000009e                _log_mpsc_pbuf_list_end = .

log_msg_ptr_area
                0x000000002000009e        0x0 load address 0x000000000000541e
                0x000000002000009e                _log_msg_ptr_list_start = .
 *(SORT_BY_NAME(SORT_BY_ALIGNMENT(._log_msg_ptr.static.*)))
                0x000000002000009e                _log_msg_ptr_list_end = .

log_dynamic_area
                0x000000002000009e        0x0 load address 0x000000000000541e
                0x000000002000009e                _log_dynamic_list_start = .
 *(SORT_BY_NAME(SORT_BY_ALIGNMENT(._log_dynamic.static.*)))
                0x000000002000009e                _log_dynamic_list_end = .

k_timer_area    0x000000002000009e        0x0 load address 0x000000000000541e
                0x000000002000009e                _k_timer_list_start = .
 *(SORT_BY_NAME(SORT_BY_ALIGNMENT(._k_timer.static.*)))
                0x000000002000009e                _k_timer_list_end = .

k_mem_slab_area
                0x000000002000009e        0x0 load address 0x000000000000541e
                0x000000002000009e                _k_mem_slab_list_start = .
 *(SORT_BY_NAME(SORT_BY_ALIGNMENT(._k_mem_slab.static.*)))
                0x000000002000009e                _k_mem_slab_list_end = .

k_heap_area     0x000000002000009e        0x0 load address 0x000000000000541e
                0x000000002000009e                _k_heap_list_start = .
 *(SORT_BY_NAME(SORT_BY_ALIGNMENT(._k_heap.static.*)))
                0x000000002000009e                _k_heap_list_end = .

k_mutex_area    0x000000002000009e        0x0 load address 0x000000000000541e
                0x000000002000009e                _k_mutex_list_start = .
 *(SORT_BY_NAME(SORT_BY_ALIGNMENT(._k_mutex.static.*)))
                0x000000002000009e                _k_mutex_list_end = .

k_stack_area    0x000000002000009e        0x0 load address 0x000000000000541e
                0x000000002000009e                _k_stack_list_start = .
 *(SORT_BY_NAME(SORT_BY_ALIGNMENT(._k_stack.static.*)))
                0x000000002000009e                _k_stack_list_end = .

k_msgq_area     0x000000002000009e        0x0 load address 0x000000000000541e
                0x000000002000009e                _k_msgq_list_start = .
 *(SORT_BY_NAME(SORT_BY_ALIGNMENT(._k_msgq.static.*)))
                0x000000002000009e                _k_msgq_list_end = .

k_mbox_area     0x000000002000009e        0x0 load address 0x000000000000541e
                0x000000002000009e                _k_mbox_list_start = .
 *(SORT_BY_NAME(SORT_BY_ALIGNMENT(._k_mbox.static.*)))
                0x000000002000009e                _k_mbox_list_end = .

k_pipe_area     0x000000002000009e        0x0 load address 0x000000000000541e
                0x000000002000009e                _k_pipe_list_start = .
 *(SORT_BY_NAME(SORT_BY_ALIGNMENT(._k_pipe.static.*)))
                0x000000002000009e                _k_pipe_list_end = .

k_sem_area      0x000000002000009e        0x0 load address 0x000000000000541e
                0x000000002000009e                _k_sem_list_start = .
 *(SORT_BY_NAME(SORT_BY_ALIGNMENT(._k_sem.static.*)))
                0x000000002000009e                _k_sem_list_end = .

k_event_area    0x000000002000009e        0x0 load address 0x000000000000541e
                0x000000002000009e                _k_event_list_start = .
 *(SORT_BY_NAME(SORT_BY_ALIGNMENT(._k_event.static.*)))
                0x000000002000009e                _k_event_list_end = .

k_queue_area    0x000000002000009e        0x0 load address 0x000000000000541e
                0x000000002000009e                _k_queue_list_start = .
 *(SORT_BY_NAME(SORT_BY_ALIGNMENT(._k_queue.static.*)))
                0x000000002000009e                _k_queue_list_end = .

k_fifo_area     0x000000002000009e        0x0 load address 0x000000000000541e
                0x000000002000009e                _k_fifo_list_start = .
 *(SORT_BY_NAME(SORT_BY_ALIGNMENT(._k_fifo.static.*)))
                0x000000002000009e                _k_fifo_list_end = .

k_lifo_area     0x000000002000009e        0x0 load address 0x000000000000541e
                0x000000002000009e                _k_lifo_list_start = .
 *(SORT_BY_NAME(SORT_BY_ALIGNMENT(._k_lifo.static.*)))
                0x000000002000009e                _k_lifo_list_end = .

k_condvar_area  0x000000002000009e        0x0 load address 0x000000000000541e
                0x000000002000009e                _k_condvar_list_start = .
 *(SORT_BY_NAME(SORT_BY_ALIGNMENT(._k_condvar.static.*)))
                0x000000002000009e                _k_condvar_list_end = .

sys_mem_blocks_ptr_area
                0x000000002000009e        0x0 load address 0x000000000000541e
                0x000000002000009e                _sys_mem_blocks_ptr_list_start = .
 *(SORT_BY_NAME(SORT_BY_ALIGNMENT(._sys_mem_blocks_ptr.static.*)))
                0x000000002000009e                _sys_mem_blocks_ptr_list_end = .

net_buf_pool_area
                0x000000002000009e        0x0 load address 0x000000000000541e
                0x000000002000009e                _net_buf_pool_list_start = .
 *(SORT_BY_NAME(SORT_BY_ALIGNMENT(._net_buf_pool.static.*)))
                0x000000002000009e                _net_buf_pool_list_end = .
                0x000000002000009e                __data_region_end = .

bss             0x00000000200000a0      0x2d3
                0x00000000200000a0                . = ALIGN (0x4)
                0x00000000200000a0                __bss_start = .
                0x00000000200000a0                __kernel_ram_start = .
 *(SORT_BY_ALIGNMENT(.bss))
 *(SORT_BY_ALIGNMENT(.bss.*))
 .bss.cc_data   0x00000000200000a0       0x10 zephyr/drivers/timer/libdrivers__timer.a(nrf_rtc_timer.c.obj)
 .bss.last_count
                0x00000000200000b0        0x8 zephyr/drivers/timer/libdrivers__timer.a(nrf_rtc_timer.c.obj)
 .bss.anchor    0x00000000200000b8        0x8 zephyr/drivers/timer/libdrivers__timer.a(nrf_rtc_timer.c.obj)
 .bss.z_idle_threads
                0x00000000200000c0       0x80 zephyr/kernel/libkernel.a(init.c.obj)
                0x00000000200000c0                z_idle_threads
 .bss.z_main_thread
                0x0000000020000140       0x80 zephyr/kernel/libkernel.a(init.c.obj)
                0x0000000020000140                z_main_thread
 .bss._thread_dummy
                0x00000000200001c0       0x80 zephyr/kernel/libkernel.a(sched.c.obj)
                0x00000000200001c0                _thread_dummy
 .bss.slice_timeouts
                0x0000000020000240       0x18 zephyr/kernel/libkernel.a(timeslicing.c.obj)
 .bss.curr_tick
                0x0000000020000258        0x8 zephyr/kernel/libkernel.a(timeout.c.obj)
 .bss.z_arm_tls_ptr
                0x0000000020000260        0x4 zephyr/arch/arch/arm/core/libarch__arm__core.a(tls.c.obj)
                0x0000000020000260                z_arm_tls_ptr
 .bss.dynamic_regions.0
                0x0000000020000264        0xc zephyr/arch/arch/arm/core/mpu/libarch__arm__core__mpu.a(arm_core_mpu.c.obj)
 .bss.z_malloc_heap
                0x0000000020000270        0xc zephyr/lib/libc/common/liblib__libc__common.a(malloc.c.obj)
 .bss.cli.1     0x000000002000027c       0x10 zephyr/drivers/clock_control/libdrivers__clock_control.a(clock_control_nrf.c.obj)
 .bss.on.2      0x000000002000028c        0x4 zephyr/drivers/clock_control/libdrivers__clock_control.a(clock_control_nrf.c.obj)
 .bss.data      0x0000000020000290       0x50 zephyr/drivers/clock_control/libdrivers__clock_control.a(clock_control_nrf.c.obj)
 .bss.hfclk_users
                0x00000000200002e0        0x4 zephyr/drivers/clock_control/libdrivers__clock_control.a(clock_control_nrf.c.obj)
 .bss.gpio_nrfx_p0_data
                0x00000000200002e4        0xc zephyr/drivers/gpio/libdrivers__gpio.a(gpio_nrfx.c.obj)
 .bss.force_isr_mask
                0x00000000200002f0        0x4 zephyr/drivers/timer/libdrivers__timer.a(nrf_rtc_timer.c.obj)
 .bss.int_mask  0x00000000200002f4        0x4 zephyr/drivers/timer/libdrivers__timer.a(nrf_rtc_timer.c.obj)
 .bss.overflow_cnt
                0x00000000200002f8        0x4 zephyr/drivers/timer/libdrivers__timer.a(nrf_rtc_timer.c.obj)
 .bss.m_clock_cb
                0x00000000200002fc        0x8 modules/hal_nordic/nrfx/libmodules__hal_nordic__nrfx.a(nrfx_clock.c.obj)
 .bss.m_cb      0x0000000020000304       0x3c modules/hal_nordic/nrfx/libmodules__hal_nordic__nrfx.a(nrfx_twi.c.obj)
 .bss._kernel   0x0000000020000340       0x20 zephyr/kernel/libkernel.a(init.c.obj)
                0x0000000020000340                _kernel
 .bss.pending_current
                0x0000000020000360        0x4 zephyr/kernel/libkernel.a(timeslicing.c.obj)
                0x0000000020000360                pending_current
 .bss.slice_max_prio
                0x0000000020000364        0x4 zephyr/kernel/libkernel.a(timeslicing.c.obj)
 .bss.slice_ticks
                0x0000000020000368        0x4 zephyr/kernel/libkernel.a(timeslicing.c.obj)
 .bss.announce_remaining
                0x000000002000036c        0x4 zephyr/kernel/libkernel.a(timeout.c.obj)
 .bss.static_regions_num
                0x0000000020000370        0x1 zephyr/arch/arch/arm/core/mpu/libarch__arm__core__mpu.a(arm_mpu.c.obj)
 .bss.z_sys_post_kernel
                0x0000000020000371        0x1 zephyr/kernel/libkernel.a(init.c.obj)
                0x0000000020000371                z_sys_post_kernel
 .bss.lock      0x0000000020000372        0x0 zephyr/kernel/libkernel.a(sem.c.obj)
 .bss._sched_spinlock
                0x0000000020000372        0x0 zephyr/kernel/libkernel.a(sched.c.obj)
                0x0000000020000372                _sched_spinlock
 .bss.slice_expired
                0x0000000020000372        0x1 zephyr/kernel/libkernel.a(timeslicing.c.obj)
 *(SORT_BY_ALIGNMENT(COMMON))
 *(SORT_BY_ALIGNMENT(.kernel_bss.*))
                0x0000000020000374                __bss_end = ALIGN (0x4)

noinit          0x0000000020000380      0xdc0
 *(SORT_BY_ALIGNMENT(.noinit))
 *(SORT_BY_ALIGNMENT(.noinit.*))
 .noinit."WEST_TOPDIR/zephyr/kernel/init.c".2
                0x0000000020000380      0x840 zephyr/kernel/libkernel.a(init.c.obj)
                0x0000000020000380                z_interrupt_stacks
 .noinit."WEST_TOPDIR/zephyr/kernel/init.c".1
                0x0000000020000bc0      0x140 zephyr/kernel/libkernel.a(init.c.obj)
 .noinit."WEST_TOPDIR/zephyr/kernel/init.c".0
                0x0000000020000d00      0x440 zephyr/kernel/libkernel.a(init.c.obj)
                0x0000000020000d00                z_main_stack
 *(SORT_BY_ALIGNMENT(.kernel_noinit.*))
                0x0000000020006000                __kernel_ram_end = 0x20006000
                0x0000000000005f60                __kernel_ram_size = (__kernel_ram_end - __kernel_ram_start)
                0x0000000000001fac                PROVIDE (soc_reset_hook = SystemInit)

/DISCARD/
 *(SORT_BY_ALIGNMENT(.irq_info*))
 *(SORT_BY_ALIGNMENT(.intList*))

.last_ram_section
                0x0000000020001140        0x0
                0x0000000020001140                _image_ram_end = .
                0x0000000000001140                _image_ram_size = (_image_ram_end - _image_ram_start)
                0x0000000020001140                _end = .
                0x0000000020001140                z_mapped_end = .

.stab
 *(SORT_BY_ALIGNMENT(.stab))

.stabstr
 *(SORT_BY_ALIGNMENT(.stabstr))

.stab.excl
 *(SORT_BY_ALIGNMENT(.stab.excl))

.stab.exclstr
 *(SORT_BY_ALIGNMENT(.stab.exclstr))

.stab.index
 *(SORT_BY_ALIGNMENT(.stab.index))

.stab.indexstr
 *(SORT_BY_ALIGNMENT(.stab.indexstr))

.gnu.build.attributes
 *(SORT_BY_ALIGNMENT(.gnu.build.attributes) SORT_BY_ALIGNMENT(.gnu.build.attributes.*))

.comment        0x0000000000000000       0x20
 *(SORT_BY_ALIGNMENT(.comment))
 .comment       0x0000000000000000       0x20 zephyr/CMakeFiles/zephyr_final.dir/isr_tables.c.obj
                                         0x21 (size before relaxing)
 .comment       0x0000000000000020       0x21 zephyr/CMakeFiles/offsets.dir/./arch/arm/core/offsets/offsets.c.obj
 .comment       0x0000000000000020       0x21 app/libapp.a(main.c.obj)
 .comment       0x0000000000000020       0x21 app/libapp.a(icm42670.c.obj)
 .comment       0x0000000000000020       0x21 zephyr/libzephyr.a(heap.c.obj)
 .comment       0x0000000000000020       0x21 zephyr/libzephyr.a(printk.c.obj)
 .comment       0x0000000000000020       0x21 zephyr/libzephyr.a(thread_entry.c.obj)
 .comment       0x0000000000000020       0x21 zephyr/libzephyr.a(onoff.c.obj)
 .comment       0x0000000000000020       0x21 zephyr/libzephyr.a(notify.c.obj)
 .comment       0x0000000000000020       0x21 zephyr/libzephyr.a(configs.c.obj)
 .comment       0x0000000000000020       0x21 zephyr/libzephyr.a(mem_attr.c.obj)
 .comment       0x0000000000000020       0x21 zephyr/arch/arch/arm/core/libarch__arm__core.a(fatal.c.obj)
 .comment       0x0000000000000020       0x21 zephyr/arch/arch/arm/core/libarch__arm__core.a(nmi.c.obj)
 .comment       0x0000000000000020       0x21 zephyr/arch/arch/arm/core/libarch__arm__core.a(tls.c.obj)
 .comment       0x0000000000000020       0x21 zephyr/arch/arch/arm/core/cortex_m/libarch__arm__core__cortex_m.a(exc_exit.c.obj)
 .comment       0x0000000000000020       0x21 zephyr/arch/arch/arm/core/cortex_m/libarch__arm__core__cortex_m.a(fault.c.obj)
 .comment       0x0000000000000020       0x21 zephyr/arch/arch/arm/core/cortex_m/libarch__arm__core__cortex_m.a(thread_abort.c.obj)
 .comment       0x0000000000000020       0x21 zephyr/arch/arch/arm/core/cortex_m/libarch__arm__core__cortex_m.a(swap.c.obj)
 .comment       0x0000000000000020       0x21 zephyr/arch/arch/arm/core/cortex_m/libarch__arm__core__cortex_m.a(irq_manage.c.obj)
 .comment       0x0000000000000020       0x21 zephyr/arch/arch/arm/core/cortex_m/libarch__arm__core__cortex_m.a(prep_c.c.obj)
 .comment       0x0000000000000020       0x21 zephyr/arch/arch/arm/core/cortex_m/libarch__arm__core__cortex_m.a(thread.c.obj)
 .comment       0x0000000000000020       0x21 zephyr/arch/arch/arm/core/cortex_m/libarch__arm__core__cortex_m.a(cpu_idle.c.obj)
 .comment       0x0000000000000020       0x21 zephyr/arch/arch/arm/core/cortex_m/libarch__arm__core__cortex_m.a(irq_init.c.obj)
 .comment       0x0000000000000020       0x21 zephyr/arch/arch/arm/core/cortex_m/libarch__arm__core__cortex_m.a(isr_wrapper.c.obj)
 .comment       0x0000000000000020       0x21 zephyr/arch/arch/arm/core/mpu/libarch__arm__core__mpu.a(arm_core_mpu.c.obj)
 .comment       0x0000000000000020       0x21 zephyr/arch/arch/arm/core/mpu/libarch__arm__core__mpu.a(arm_mpu.c.obj)
 .comment       0x0000000000000020       0x21 zephyr/arch/arch/arm/core/mpu/libarch__arm__core__mpu.a(arm_mpu_regions.c.obj)
 .comment       0x0000000000000020       0x21 zephyr/lib/libc/common/liblib__libc__common.a(malloc.c.obj)
 .comment       0x0000000000000020       0x21 zephyr/soc/soc/nrf52810/libsoc__nordic.a(soc.c.obj)
 .comment       0x0000000000000020       0x21 zephyr/drivers/clock_control/libdrivers__clock_control.a(clock_control_nrf.c.obj)
 .comment       0x0000000000000020       0x21 zephyr/drivers/gpio/libdrivers__gpio.a(gpio_nrfx.c.obj)
 .comment       0x0000000000000020       0x21 zephyr/drivers/i2c/libdrivers__i2c.a(i2c_nrfx_twi.c.obj)
 .comment       0x0000000000000020       0x21 zephyr/drivers/i2c/libdrivers__i2c.a(i2c_nrfx_twi_common.c.obj)
 .comment       0x0000000000000020       0x21 zephyr/drivers/pinctrl/libdrivers__pinctrl.a(common.c.obj)
 .comment       0x0000000000000020       0x21 zephyr/drivers/pinctrl/libdrivers__pinctrl.a(pinctrl_nrf.c.obj)
 .comment       0x0000000000000020       0x21 zephyr/drivers/timer/libdrivers__timer.a(nrf_rtc_timer.c.obj)
 .comment       0x0000000000000020       0x21 modules/hal_nordic/nrfx/libmodules__hal_nordic__nrfx.a(system_nrf52810.c.obj)
 .comment       0x0000000000000020       0x21 modules/hal_nordic/nrfx/libmodules__hal_nordic__nrfx.a(nrfx_glue.c.obj)
 .comment       0x0000000000000020       0x21 modules/hal_nordic/nrfx/libmodules__hal_nordic__nrfx.a(nrfx_flag32_allocator.c.obj)
 .comment       0x0000000000000020       0x21 modules/hal_nordic/nrfx/libmodules__hal_nordic__nrfx.a(nrfx_clock.c.obj)
 .comment       0x0000000000000020       0x21 modules/hal_nordic/nrfx/libmodules__hal_nordic__nrfx.a(nrfx_gpiote.c.obj)
 .comment       0x0000000000000020       0x21 modules/hal_nordic/nrfx/libmodules__hal_nordic__nrfx.a(nrfx_twi.c.obj)
 .comment       0x0000000000000020       0x21 modules/hal_nordic/nrfx/libmodules__hal_nordic__nrfx.a(nrfx_twi_twim.c.obj)
 .comment       0x0000000000000020       0x21 zephyr/kernel/libkernel.a(busy_wait.c.obj)
 .comment       0x0000000000000020       0x21 zephyr/kernel/libkernel.a(device.c.obj)
 .comment       0x0000000000000020       0x21 zephyr/kernel/libkernel.a(fatal.c.obj)
 .comment       0x0000000000000020       0x21 zephyr/kernel/libkernel.a(init.c.obj)
 .comment       0x0000000000000020       0x21 zephyr/kernel/libkernel.a(init_static.c.obj)
 .comment       0x0000000000000020       0x21 zephyr/kernel/libkernel.a(idle.c.obj)
 .comment       0x0000000000000020       0x21 zephyr/kernel/libkernel.a(sem.c.obj)
 .comment       0x0000000000000020       0x21 zephyr/kernel/libkernel.a(thread.c.obj)
 .comment       0x0000000000000020       0x21 zephyr/kernel/libkernel.a(sched.c.obj)
 .comment       0x0000000000000020       0x21 zephyr/kernel/libkernel.a(timeslicing.c.obj)
 .comment       0x0000000000000020       0x21 zephyr/kernel/libkernel.a(xip.c.obj)
 .comment       0x0000000000000020       0x21 zephyr/kernel/libkernel.a(timeout.c.obj)
 .comment       0x0000000000000020       0x21 zephyr/kernel/libkernel.a(banner.c.obj)

.debug
 *(SORT_BY_ALIGNMENT(.debug))

.line
 *(SORT_BY_ALIGNMENT(.line))

.debug_srcinfo
 *(SORT_BY_ALIGNMENT(.debug_srcinfo))

.debug_sfnames
 *(SORT_BY_ALIGNMENT(.debug_sfnames))

.debug_aranges  0x0000000000000000     0x1108
 *(SORT_BY_ALIGNMENT(.debug_aranges))
 .debug_aranges
                0x0000000000000000       0x20 zephyr/arch/arch/arm/core/libarch__arm__core.a(nmi_on_reset.S.obj)
 .debug_aranges
                0x0000000000000020       0x20 zephyr/arch/arch/arm/core/cortex_m/libarch__arm__core__cortex_m.a(fault_s.S.obj)
 .debug_aranges
                0x0000000000000040       0x20 zephyr/arch/arch/arm/core/cortex_m/libarch__arm__core__cortex_m.a(reset.S.obj)
 .debug_aranges
                0x0000000000000060       0x28 zephyr/arch/arch/arm/core/cortex_m/libarch__arm__core__cortex_m.a(swap_helper.S.obj)
 .debug_aranges
                0x0000000000000088       0x20 zephyr/arch/arch/arm/core/cortex_m/libarch__arm__core__cortex_m.a(__aeabi_read_tp.S.obj)
 .debug_aranges
                0x00000000000000a8       0x18 zephyr/CMakeFiles/zephyr_final.dir/isr_tables.c.obj
 .debug_aranges
                0x00000000000000c0       0x20 zephyr/CMakeFiles/offsets.dir/./arch/arm/core/offsets/offsets.c.obj
 .debug_aranges
                0x00000000000000e0       0x38 app/libapp.a(main.c.obj)
 .debug_aranges
                0x0000000000000118       0x38 app/libapp.a(icm42670.c.obj)
 .debug_aranges
                0x0000000000000150       0x88 zephyr/libzephyr.a(heap.c.obj)
 .debug_aranges
                0x00000000000001d8       0x50 zephyr/libzephyr.a(printk.c.obj)
 .debug_aranges
                0x0000000000000228       0x20 zephyr/libzephyr.a(thread_entry.c.obj)
 .debug_aranges
                0x0000000000000248       0x90 zephyr/libzephyr.a(onoff.c.obj)
 .debug_aranges
                0x00000000000002d8       0x28 zephyr/libzephyr.a(notify.c.obj)
 .debug_aranges
                0x0000000000000300       0x20 zephyr/libzephyr.a(configs.c.obj)
 .debug_aranges
                0x0000000000000320       0x28 zephyr/libzephyr.a(mem_attr.c.obj)
 .debug_aranges
                0x0000000000000348       0x30 zephyr/arch/arch/arm/core/libarch__arm__core.a(fatal.c.obj)
 .debug_aranges
                0x0000000000000378       0x20 zephyr/arch/arch/arm/core/libarch__arm__core.a(nmi.c.obj)
 .debug_aranges
                0x0000000000000398       0x20 zephyr/arch/arch/arm/core/libarch__arm__core.a(tls.c.obj)
 .debug_aranges
                0x00000000000003b8       0x20 zephyr/arch/arch/arm/core/cortex_m/libarch__arm__core__cortex_m.a(exc_exit.c.obj)
 .debug_aranges
                0x00000000000003d8       0x40 zephyr/arch/arch/arm/core/cortex_m/libarch__arm__core__cortex_m.a(fault.c.obj)
 .debug_aranges
                0x0000000000000418       0x20 zephyr/arch/arch/arm/core/cortex_m/libarch__arm__core__cortex_m.a(thread_abort.c.obj)
 .debug_aranges
                0x0000000000000438       0x20 zephyr/arch/arch/arm/core/cortex_m/libarch__arm__core__cortex_m.a(swap.c.obj)
 .debug_aranges
                0x0000000000000458       0x40 zephyr/arch/arch/arm/core/cortex_m/libarch__arm__core__cortex_m.a(irq_manage.c.obj)
 .debug_aranges
                0x0000000000000498       0x20 zephyr/arch/arch/arm/core/cortex_m/libarch__arm__core__cortex_m.a(prep_c.c.obj)
 .debug_aranges
                0x00000000000004b8       0x40 zephyr/arch/arch/arm/core/cortex_m/libarch__arm__core__cortex_m.a(thread.c.obj)
 .debug_aranges
                0x00000000000004f8       0x30 zephyr/arch/arch/arm/core/cortex_m/libarch__arm__core__cortex_m.a(cpu_idle.c.obj)
 .debug_aranges
                0x0000000000000528       0x20 zephyr/arch/arch/arm/core/cortex_m/libarch__arm__core__cortex_m.a(irq_init.c.obj)
 .debug_aranges
                0x0000000000000548       0x20 zephyr/arch/arch/arm/core/cortex_m/libarch__arm__core__cortex_m.a(isr_wrapper.c.obj)
 .debug_aranges
                0x0000000000000568       0x28 zephyr/arch/arch/arm/core/mpu/libarch__arm__core__mpu.a(arm_core_mpu.c.obj)
 .debug_aranges
                0x0000000000000590       0x58 zephyr/arch/arch/arm/core/mpu/libarch__arm__core__mpu.a(arm_mpu.c.obj)
 .debug_aranges
                0x00000000000005e8       0x18 zephyr/arch/arch/arm/core/mpu/libarch__arm__core__mpu.a(arm_mpu_regions.c.obj)
 .debug_aranges
                0x0000000000000600       0x60 zephyr/lib/libc/common/liblib__libc__common.a(malloc.c.obj)
 .debug_aranges
                0x0000000000000660       0x28 zephyr/soc/soc/nrf52810/libsoc__nordic.a(soc.c.obj)
 .debug_aranges
                0x0000000000000688       0xc0 zephyr/drivers/clock_control/libdrivers__clock_control.a(clock_control_nrf.c.obj)
 .debug_aranges
                0x0000000000000748       0x68 zephyr/drivers/gpio/libdrivers__gpio.a(gpio_nrfx.c.obj)
 .debug_aranges
                0x00000000000007b0       0x30 zephyr/drivers/i2c/libdrivers__i2c.a(i2c_nrfx_twi.c.obj)
 .debug_aranges
                0x00000000000007e0       0x38 zephyr/drivers/i2c/libdrivers__i2c.a(i2c_nrfx_twi_common.c.obj)
 .debug_aranges
                0x0000000000000818       0x20 zephyr/drivers/pinctrl/libdrivers__pinctrl.a(common.c.obj)
 .debug_aranges
                0x0000000000000838       0x20 zephyr/drivers/pinctrl/libdrivers__pinctrl.a(pinctrl_nrf.c.obj)
 .debug_aranges
                0x0000000000000858       0xd8 zephyr/drivers/timer/libdrivers__timer.a(nrf_rtc_timer.c.obj)
 .debug_aranges
                0x0000000000000930       0x58 modules/hal_nordic/nrfx/libmodules__hal_nordic__nrfx.a(system_nrf52810.c.obj)
 .debug_aranges
                0x0000000000000988       0x30 modules/hal_nordic/nrfx/libmodules__hal_nordic__nrfx.a(nrfx_glue.c.obj)
 .debug_aranges
                0x00000000000009b8       0x30 modules/hal_nordic/nrfx/libmodules__hal_nordic__nrfx.a(nrfx_flag32_allocator.c.obj)
 .debug_aranges
                0x00000000000009e8       0x60 modules/hal_nordic/nrfx/libmodules__hal_nordic__nrfx.a(nrfx_clock.c.obj)
 .debug_aranges
                0x0000000000000a48      0x168 modules/hal_nordic/nrfx/libmodules__hal_nordic__nrfx.a(nrfx_gpiote.c.obj)
 .debug_aranges
                0x0000000000000bb0       0x98 modules/hal_nordic/nrfx/libmodules__hal_nordic__nrfx.a(nrfx_twi.c.obj)
 .debug_aranges
                0x0000000000000c48       0x30 modules/hal_nordic/nrfx/libmodules__hal_nordic__nrfx.a(nrfx_twi_twim.c.obj)
 .debug_aranges
                0x0000000000000c78       0x20 zephyr/kernel/libkernel.a(busy_wait.c.obj)
 .debug_aranges
                0x0000000000000c98       0x38 zephyr/kernel/libkernel.a(device.c.obj)
 .debug_aranges
                0x0000000000000cd0       0x38 zephyr/kernel/libkernel.a(fatal.c.obj)
 .debug_aranges
                0x0000000000000d08       0x68 zephyr/kernel/libkernel.a(init.c.obj)
 .debug_aranges
                0x0000000000000d70       0x20 zephyr/kernel/libkernel.a(init_static.c.obj)
 .debug_aranges
                0x0000000000000d90       0x28 zephyr/kernel/libkernel.a(idle.c.obj)
 .debug_aranges
                0x0000000000000db8       0x38 zephyr/kernel/libkernel.a(sem.c.obj)
 .debug_aranges
                0x0000000000000df0       0x90 zephyr/kernel/libkernel.a(thread.c.obj)
 .debug_aranges
                0x0000000000000e80      0x178 zephyr/kernel/libkernel.a(sched.c.obj)
 .debug_aranges
                0x0000000000000ff8       0x40 zephyr/kernel/libkernel.a(timeslicing.c.obj)
 .debug_aranges
                0x0000000000001038       0x20 zephyr/kernel/libkernel.a(xip.c.obj)
 .debug_aranges
                0x0000000000001058       0x90 zephyr/kernel/libkernel.a(timeout.c.obj)
 .debug_aranges
                0x00000000000010e8       0x20 zephyr/kernel/libkernel.a(banner.c.obj)

.debug_pubnames
 *(SORT_BY_ALIGNMENT(.debug_pubnames))

.debug_info     0x0000000000000000    0x39d7e
 *(SORT_BY_ALIGNMENT(.debug_info) SORT_BY_ALIGNMENT(.gnu.linkonce.wi.*))
 .debug_info    0x0000000000000000      0x189 zephyr/CMakeFiles/zephyr_final.dir/isr_tables.c.obj
 .debug_info    0x0000000000000189       0xdc zephyr/CMakeFiles/offsets.dir/./arch/arm/core/offsets/offsets.c.obj
 .debug_info    0x0000000000000265     0x1047 app/libapp.a(main.c.obj)
 .debug_info    0x00000000000012ac     0x1111 app/libapp.a(icm42670.c.obj)
 .debug_info    0x00000000000023bd     0x2fe1 zephyr/libzephyr.a(heap.c.obj)
 .debug_info    0x000000000000539e      0x579 zephyr/libzephyr.a(printk.c.obj)
 .debug_info    0x0000000000005917      0x750 zephyr/libzephyr.a(thread_entry.c.obj)
 .debug_info    0x0000000000006067     0x28f7 zephyr/libzephyr.a(onoff.c.obj)
 .debug_info    0x000000000000895e      0x31d zephyr/libzephyr.a(notify.c.obj)
 .debug_info    0x0000000000008c7b       0x38 zephyr/libzephyr.a(configs.c.obj)
 .debug_info    0x0000000000008cb3      0x2ba zephyr/libzephyr.a(mem_attr.c.obj)
 .debug_info    0x0000000000008f6d      0x66d zephyr/arch/arch/arm/core/libarch__arm__core.a(fatal.c.obj)
 .debug_info    0x00000000000095da       0xb6 zephyr/arch/arch/arm/core/libarch__arm__core.a(nmi.c.obj)
 .debug_info    0x0000000000009690       0x23 zephyr/arch/arch/arm/core/libarch__arm__core.a(nmi_on_reset.S.obj)