Archive member included to satisfy reference by file (symbol)

app/libapp.a(main.c.obj)      (--whole-archive)
app/libapp.a(icm42670.c.obj)  (--whole-archive)
zephyr/libzephyr.a(heap.c.obj)
                              (--whole-archive)
zephyr/libzephyr.a(cbprintf_packaged.c.obj)
                              (--whole-archive)
zephyr/libzephyr.a(printk.c.obj)
                              (--whole-archive)
zephyr/libzephyr.a(sem.c.obj)
                              (--whole-archive)
zephyr/libzephyr.a(thread_entry.c.obj)
                              (--whole-archive)
zephyr/libzephyr.a(cbprintf_complete.c.obj)
                              (--whole-archive)
zephyr/libzephyr.a(assert.c.obj)
                              (--whole-archive)
zephyr/libzephyr.a(dec.c.obj)
                              (--whole-archive)
zephyr/libzephyr.a(hex.c.obj)
                              (--whole-archive)
zephyr/libzephyr.a(rb.c.obj)  (--whole-archive)
zephyr/libzephyr.a(timeutil.c.obj)
                              (--whole-archive)
zephyr/libzephyr.a(bitarray.c.obj)
                              (--whole-archive)
zephyr/libzephyr.a(onoff.c.obj)
                              (--whole-archive)
zephyr/libzephyr.a(notify.c.obj)
                              (--whole-archive)
zephyr/libzephyr.a(configs.c.obj)
                              (--whole-archive)
zephyr/libzephyr.a(mem_attr.c.obj)
                              (--whole-archive)
zephyr/libzephyr.a(tracing_none.c.obj)
                              (--whole-archive)
zephyr/arch/common/libarch__common.a(sw_isr_common.c.obj)
                              (--whole-archive)
zephyr/arch/arch/arm/core/libarch__arm__core.a(fatal.c.obj)
                              (--whole-archive)
zephyr/arch/arch/arm/core/libarch__arm__core.a(nmi.c.obj)
                              (--whole-archive)
zephyr/arch/arch/arm/core/libarch__arm__core.a(nmi_on_reset.S.obj)
                              (--whole-archive)
zephyr/arch/arch/arm/core/libarch__arm__core.a(tls.c.obj)
                              (--whole-archive)
zephyr/arch/arch/arm/core/cortex_m/libarch__arm__core__cortex_m.a(exc_exit.c.obj)
                              (--whole-archive)
zephyr/arch/arch/arm/core/cortex_m/libarch__arm__core__cortex_m.a(fault.c.obj)
                              (--whole-archive)
zephyr/arch/arch/arm/core/cortex_m/libarch__arm__core__cortex_m.a(fault_s.S.obj)
                              (--whole-archive)
zephyr/arch/arch/arm/core/cortex_m/libarch__arm__core__cortex_m.a(fpu.c.obj)
                              (--whole-archive)
zephyr/arch/arch/arm/core/cortex_m/libarch__arm__core__cortex_m.a(reset.S.obj)
                              (--whole-archive)
zephyr/arch/arch/arm/core/cortex_m/libarch__arm__core__cortex_m.a(scb.c.obj)
                              (--whole-archive)
zephyr/arch/arch/arm/core/cortex_m/libarch__arm__core__cortex_m.a(thread_abort.c.obj)
                              (--whole-archive)
zephyr/arch/arch/arm/core/cortex_m/libarch__arm__core__cortex_m.a(vector_table.S.obj)
                              (--whole-archive)
zephyr/arch/arch/arm/core/cortex_m/libarch__arm__core__cortex_m.a(swap.c.obj)
                              (--whole-archive)
zephyr/arch/arch/arm/core/cortex_m/libarch__arm__core__cortex_m.a(swap_helper.S.obj)
                              (--whole-archive)
zephyr/arch/arch/arm/core/cortex_m/libarch__arm__core__cortex_m.a(irq_manage.c.obj)
                              (--whole-archive)
zephyr/arch/arch/arm/core/cortex_m/libarch__arm__core__cortex_m.a(prep_c.c.obj)
                              (--whole-archive)
zephyr/arch/arch/arm/core/cortex_m/libarch__arm__core__cortex_m.a(thread.c.obj)
                              (--whole-archive)
zephyr/arch/arch/arm/core/cortex_m/libarch__arm__core__cortex_m.a(cpu_idle.c.obj)
                              (--whole-archive)
zephyr/arch/arch/arm/core/cortex_m/libarch__arm__core__cortex_m.a(irq_init.c.obj)
                              (--whole-archive)
zephyr/arch/arch/arm/core/cortex_m/libarch__arm__core__cortex_m.a(isr_wrapper.c.obj)
                              (--whole-archive)
zephyr/arch/arch/arm/core/cortex_m/libarch__arm__core__cortex_m.a(__aeabi_read_tp.S.obj)
                              (--whole-archive)
zephyr/arch/arch/arm/core/mpu/libarch__arm__core__mpu.a(arm_core_mpu.c.obj)
                              (--whole-archive)
zephyr/arch/arch/arm/core/mpu/libarch__arm__core__mpu.a(arm_mpu.c.obj)
                              (--whole-archive)
zephyr/arch/arch/arm/core/mpu/libarch__arm__core__mpu.a(arm_mpu_regions.c.obj)
                              (--whole-archive)
zephyr/lib/libc/picolibc/liblib__libc__picolibc.a(libc-hooks.c.obj)
                              (--whole-archive)
zephyr/lib/libc/common/liblib__libc__common.a(abort.c.obj)
                              (--whole-archive)
zephyr/lib/libc/common/liblib__libc__common.a(malloc.c.obj)
                              (--whole-archive)
[...]
Memory Configuration

Name             Origin             Length             Attributes
FLASH            0x0000000000000000 0x0000000000030000 xr
RAM              0x0000000020000000 0x0000000000006000 xw
IDT_LIST         0x00000000ffff7fff 0x0000000000008000 xw
*default*        0x0000000000000000 0xffffffffffffffff

Linker script and memory map

                0x0000000000003960                vfprintf = __l_vfprintf
                0x0000000000000000                vfscanf = __l_vfscanf
LOAD zephyr/CMakeFiles/zephyr_final.dir/misc/empty_file.c.obj
LOAD zephyr/CMakeFiles/zephyr_final.dir/isr_tables.c.obj
LOAD zephyr/CMakeFiles/offsets.dir/./arch/arm/core/offsets/offsets.c.obj
LOAD app/libapp.a
LOAD zephyr/libzephyr.a
LOAD zephyr/arch/common/libarch__common.a
LOAD zephyr/arch/arch/arm/core/libarch__arm__core.a
LOAD zephyr/arch/arch/arm/core/cortex_m/libarch__arm__core__cortex_m.a
LOAD zephyr/arch/arch/arm/core/mpu/libarch__arm__core__mpu.a
LOAD zephyr/lib/libc/picolibc/liblib__libc__picolibc.a
LOAD zephyr/lib/libc/common/liblib__libc__common.a
LOAD zephyr/soc/soc/nrf52810/libsoc__nordic.a
LOAD zephyr/drivers/clock_control/libdrivers__clock_control.a
LOAD zephyr/drivers/gpio/libdrivers__gpio.a
LOAD zephyr/drivers/i2c/libdrivers__i2c.a
LOAD zephyr/drivers/pinctrl/libdrivers__pinctrl.a
LOAD zephyr/drivers/timer/libdrivers__timer.a
LOAD modules/hal_nordic/nrfx/libmodules__hal_nordic__nrfx.a
LOAD zephyr/kernel/libkernel.a
LOAD zephyr/arch/common/libisr_tables.a
LOAD /home/onur/zephyr-sdk-0.17.0/arm-zephyr-eabi/bin/../lib/gcc/../../picolibc/arm-zephyr-eabi/lib/thumb/v7e-m/nofp/libc.a
LOAD /home/onur/zephyr-sdk-0.17.0/arm-zephyr-eabi/bin/../lib/gcc/arm-zephyr-eabi/12.2.0/thumb/v7e-m/nofp/libgcc.a
                0x0000000000000020                _region_min_align = 0x20

.rel.plt        0x0000000000000000        0x0
 *(SORT_BY_ALIGNMENT(.rel.plt))
                [!provide]                        PROVIDE (__rel_iplt_start = .)
 *(SORT_BY_ALIGNMENT(.rel.iplt))
 .rel.iplt      0x0000000000000000        0x0 zephyr/CMakeFiles/zephyr_final.dir/isr_tables.c.obj
                [!provide]                        PROVIDE (__rel_iplt_end = .)

.rela.plt       0x0000000000000000        0x0
 *(SORT_BY_ALIGNMENT(.rela.plt))
                [!provide]                        PROVIDE (__rela_iplt_start = .)
 *(SORT_BY_ALIGNMENT(.rela.iplt))
                [!provide]                        PROVIDE (__rela_iplt_end = .)

.rel.dyn
 *(SORT_BY_ALIGNMENT(.rel.*))

.rela.dyn
 *(SORT_BY_ALIGNMENT(.rela.*))

/DISCARD/
 *(SORT_BY_ALIGNMENT(.plt))

/DISCARD/
 *(SORT_BY_ALIGNMENT(.iplt))
                0x0000000000000000                __rom_region_start = 0x0

rom_start       0x0000000000000000       0xb8
                0x0000000000000000                __rom_start_address = .
 FILL mask 0x00
                0x0000000000000000                . = (. + (0x0 - (. - __rom_start_address)))
                0x0000000000000000                . = ALIGN (0x4)
                0x0000000000000000                . = ALIGN (0x80)
                0x0000000000000000                . = ALIGN (0x100)
                0x0000000000000000                _vector_start = .
 *(SORT_BY_ALIGNMENT(.exc_vector_table))
 *(SORT_BY_ALIGNMENT(.exc_vector_table.*))
 .exc_vector_table._vector_table_section
                0x0000000000000000       0x40 zephyr/arch/arch/arm/core/cortex_m/libarch__arm__core__cortex_m.a(vector_table.S.obj)
                0x0000000000000000                _vector_table
 *(SORT_BY_ALIGNMENT(.vectors))
                0x00000000000000b8                _vector_end = .
                0x0000000000000040                . = ALIGN (0x4)
 *(SORT_BY_ALIGNMENT(.gnu.linkonce.irq_vector_table*))
 .gnu.linkonce.irq_vector_table
                0x0000000000000040       0x78 zephyr/CMakeFiles/zephyr_final.dir/isr_tables.c.obj
                0x0000000000000040                _irq_vector_table
                0x00000000000000b8                _vector_end = .

text            0x00000000000000b8     0x4958
                0x00000000000000b8                __text_region_start = .
 *(SORT_BY_ALIGNMENT(.text))
 *(SORT_BY_ALIGNMENT(.text.*))
 .text.main     0x00000000000000b8       0x98 app/libapp.a(main.c.obj)
                0x00000000000000b8                main
 .text.icm42670_init
                0x0000000000000150       0xac app/libapp.a(icm42670.c.obj)
                0x0000000000000150                icm42670_init
 .text.char_out
                0x00000000000001fc        0xc zephyr/libzephyr.a(printk.c.obj)
 .text.vprintk  0x0000000000000208       0x30 zephyr/libzephyr.a(printk.c.obj)
                0x0000000000000208                vprintk
 .text.z_thread_entry
                0x0000000000000238       0x34 zephyr/libzephyr.a(thread_entry.c.obj)
                0x0000000000000238                z_thread_entry
 .text.process_event
                0x000000000000026c      0x21c zephyr/libzephyr.a(onoff.c.obj)
 .text.mem_attr_get_regions
                0x0000000000000488        0xc zephyr/libzephyr.a(mem_attr.c.obj)
                0x0000000000000488                mem_attr_get_regions
 .text.z_SysNmiOnReset
                0x0000000000000494        0x8 zephyr/arch/arch/arm/core/libarch__arm__core.a(nmi_on_reset.S.obj)
                0x0000000000000494                z_SysNmiOnReset
 .text.arch_tls_stack_setup
                0x000000000000049c       0x40 zephyr/arch/arch/arm/core/libarch__arm__core.a(tls.c.obj)
                0x000000000000049c                arch_tls_stack_setup
 .text._HandlerModeExit
                0x00000000000004dc       0x28 zephyr/arch/arch/arm/core/cortex_m/libarch__arm__core__cortex_m.a(exc_exit.c.obj)
                0x00000000000004dc                z_arm_exc_exit
                0x00000000000004dc                z_arm_int_exit
 .text.mem_manage_fault
                0x0000000000000504       0x88 zephyr/arch/arch/arm/core/cortex_m/libarch__arm__core__cortex_m.a(fault.c.obj)
 .text.usage_fault.constprop.0
                0x000000000000058c       0x54 zephyr/arch/arch/arm/core/cortex_m/libarch__arm__core__cortex_m.a(fault.c.obj)
 .text.bus_fault.constprop.0
                0x00000000000005e0       0x60 zephyr/arch/arch/arm/core/cortex_m/libarch__arm__core__cortex_m.a(fault.c.obj)
 .text.z_arm_fault
                0x0000000000000640      0x128 zephyr/arch/arch/arm/core/cortex_m/libarch__arm__core__cortex_m.a(fault.c.obj)
                0x0000000000000640                z_arm_fault
 .text.z_arm_fault_init
                0x0000000000000768       0x18 zephyr/arch/arch/arm/core/cortex_m/libarch__arm__core__cortex_m.a(fault.c.obj)
                0x0000000000000768                z_arm_fault_init
 .text.__fault  0x0000000000000780       0x14 zephyr/arch/arch/arm/core/cortex_m/libarch__arm__core__cortex_m.a(fault_s.S.obj)
                0x0000000000000780                z_arm_bus_fault
                0x0000000000000780                z_arm_usage_fault
                0x0000000000000780                z_arm_mpu_fault
                0x0000000000000780                z_arm_exc_spurious
                0x0000000000000780                z_arm_debug_monitor
                0x0000000000000780                z_arm_hard_fault
 .text._reset_section
                0x0000000000000794       0x30 zephyr/arch/arch/arm/core/cortex_m/libarch__arm__core__cortex_m.a(reset.S.obj)
                0x0000000000000794                z_arm_reset
                0x0000000000000794                __start
 .text.z_impl_k_thread_abort
                0x00000000000007c4       0x2c zephyr/arch/arch/arm/core/cortex_m/libarch__arm__core__cortex_m.a(thread_abort.c.obj)
                0x00000000000007c4                z_impl_k_thread_abort
 .text.arch_swap
                0x00000000000007f0       0x30 zephyr/arch/arch/arm/core/cortex_m/libarch__arm__core__cortex_m.a(swap.c.obj)
                0x00000000000007f0                arch_swap
 .text.z_arm_pendsv
                0x0000000000000820       0x64 zephyr/arch/arch/arm/core/cortex_m/libarch__arm__core__cortex_m.a(swap_helper.S.obj)
                0x0000000000000820                z_arm_pendsv
 .text.z_arm_svc
                0x0000000000000884       0x24 zephyr/arch/arch/arm/core/cortex_m/libarch__arm__core__cortex_m.a(swap_helper.S.obj)
                0x0000000000000884                z_arm_svc
 .text.arch_irq_enable
                0x00000000000008a8       0x1c zephyr/arch/arch/arm/core/cortex_m/libarch__arm__core__cortex_m.a(irq_manage.c.obj)
                0x00000000000008a8                arch_irq_enable
 .text.arch_irq_is_enabled
                0x00000000000008c4       0x1c zephyr/arch/arch/arm/core/cortex_m/libarch__arm__core__cortex_m.a(irq_manage.c.obj)
                0x00000000000008c4                arch_irq_is_enabled
 .text.z_arm_irq_priority_set
                0x00000000000008e0       0x30 zephyr/arch/arch/arm/core/cortex_m/libarch__arm__core__cortex_m.a(irq_manage.c.obj)
                0x00000000000008e0                z_arm_irq_priority_set
 .text.z_prep_c
                0x0000000000000910       0x2c zephyr/arch/arch/arm/core/cortex_m/libarch__arm__core__cortex_m.a(prep_c.c.obj)
                0x0000000000000910                z_prep_c
 .text.arch_new_thread
                0x000000000000093c       0x38 zephyr/arch/arch/arm/core/cortex_m/libarch__arm__core__cortex_m.a(thread.c.obj)
                0x000000000000093c                arch_new_thread
 .text.z_check_thread_stack_fail
                0x0000000000000974       0x2c zephyr/arch/arch/arm/core/cortex_m/libarch__arm__core__cortex_m.a(thread.c.obj)
                0x0000000000000974                z_check_thread_stack_fail
 .text.arch_switch_to_main_thread
                0x00000000000009a0       0x44 zephyr/arch/arch/arm/core/cortex_m/libarch__arm__core__cortex_m.a(thread.c.obj)
                0x00000000000009a0                arch_switch_to_main_thread
 .text.z_arm_cpu_idle_init
                0x00000000000009e4        0xc zephyr/arch/arch/arm/core/cortex_m/libarch__arm__core__cortex_m.a(cpu_idle.c.obj)
                0x00000000000009e4                z_arm_cpu_idle_init
 .text.z_arm_interrupt_init
                0x00000000000009f0       0x18 zephyr/arch/arch/arm/core/cortex_m/libarch__arm__core__cortex_m.a(irq_init.c.obj)
                0x00000000000009f0                z_arm_interrupt_init
 .text._isr_wrapper
                0x0000000000000a08       0x24 zephyr/arch/arch/arm/core/cortex_m/libarch__arm__core__cortex_m.a(isr_wrapper.c.obj)
                0x0000000000000a08                _isr_wrapper
 .text.z_arm_configure_static_mpu_regions
                0x0000000000000a2c       0x18 zephyr/arch/arch/arm/core/mpu/libarch__arm__core__mpu.a(arm_core_mpu.c.obj)
                0x0000000000000a2c                z_arm_configure_static_mpu_regions
 .text.z_arm_configure_dynamic_mpu_regions
                0x0000000000000a44       0x20 zephyr/arch/arch/arm/core/mpu/libarch__arm__core__mpu.a(arm_core_mpu.c.obj)
                0x0000000000000a44                z_arm_configure_dynamic_mpu_regions
 .text.region_init
                0x0000000000000a64       0x28 zephyr/arch/arch/arm/core/mpu/libarch__arm__core__mpu.a(arm_mpu.c.obj)
 .text.mpu_configure_regions
                0x0000000000000a8c       0x6c zephyr/arch/arch/arm/core/mpu/libarch__arm__core__mpu.a(arm_mpu.c.obj)
 .text.arm_core_mpu_enable
                0x0000000000000af8       0x18 zephyr/arch/arch/arm/core/mpu/libarch__arm__core__mpu.a(arm_mpu.c.obj)
                0x0000000000000af8                arm_core_mpu_enable
 .text.arm_core_mpu_disable
                0x0000000000000b10       0x14 zephyr/arch/arch/arm/core/mpu/libarch__arm__core__mpu.a(arm_mpu.c.obj)
                0x0000000000000b10                arm_core_mpu_disable
 .text.arm_core_mpu_configure_static_mpu_regions
                0x0000000000000b24       0x14 zephyr/arch/arch/arm/core/mpu/libarch__arm__core__mpu.a(arm_mpu.c.obj)
                0x0000000000000b24                arm_core_mpu_configure_static_mpu_regions
 .text.arm_core_mpu_configure_dynamic_mpu_regions
                0x0000000000000b38       0x38 zephyr/arch/arch/arm/core/mpu/libarch__arm__core__mpu.a(arm_mpu.c.obj)
                0x0000000000000b38                arm_core_mpu_configure_dynamic_mpu_regions
 .text.z_arm_mpu_init
                0x0000000000000b70      0x168 zephyr/arch/arch/arm/core/mpu/libarch__arm__core__mpu.a(arm_mpu.c.obj)
                0x0000000000000b70                z_arm_mpu_init
 .text.malloc_prepare
                0x0000000000000cd8       0x24 zephyr/lib/libc/common/liblib__libc__common.a(malloc.c.obj)
 .text.arch_busy_wait
                0x0000000000000cfc       0x14 zephyr/soc/soc/nrf52810/libsoc__nordic.a(soc.c.obj)
                0x0000000000000cfc                arch_busy_wait
 .text.onoff_stop
                0x0000000000000d10       0x30 zephyr/drivers/clock_control/libdrivers__clock_control.a(clock_control_nrf.c.obj)
 .text.onoff_start
                0x0000000000000d40       0x44 zephyr/drivers/clock_control/libdrivers__clock_control.a(clock_control_nrf.c.obj)
 .text.generic_hfclk_stop
                0x0000000000000d84       0x34 zephyr/drivers/clock_control/libdrivers__clock_control.a(clock_control_nrf.c.obj)
 .text.clk_init
                0x0000000000000db8       0x58 zephyr/drivers/clock_control/libdrivers__clock_control.a(clock_control_nrf.c.obj)
 .text.api_blocking_start
                0x0000000000000e10       0x34 zephyr/drivers/clock_control/libdrivers__clock_control.a(clock_control_nrf.c.obj)
 .text.clkstarted_handle.constprop.0
                0x0000000000000e44       0x4c zephyr/drivers/clock_control/libdrivers__clock_control.a(clock_control_nrf.c.obj)
 .text.generic_hfclk_start
                0x0000000000000e90       0x78 zephyr/drivers/clock_control/libdrivers__clock_control.a(clock_control_nrf.c.obj)
 .text.clock_event_handler
                0x0000000000000f08       0x1c zephyr/drivers/clock_control/libdrivers__clock_control.a(clock_control_nrf.c.obj)
 .text.z_nrf_clock_control_lf_on
                0x0000000000000f24       0xfc zephyr/drivers/clock_control/libdrivers__clock_control.a(clock_control_nrf.c.obj)
                0x0000000000000f24                z_nrf_clock_control_lf_on
 .text.gpio_nrfx_init
                0x0000000000001020       0x48 zephyr/drivers/gpio/libdrivers__gpio.a(gpio_nrfx.c.obj)
 .text.nrfx_gpio_handler
                0x0000000000001068       0x3c zephyr/drivers/gpio/libdrivers__gpio.a(gpio_nrfx.c.obj)
 .text.gpio_nrfx_pin_configure
                0x00000000000010a4      0x17c zephyr/drivers/gpio/libdrivers__gpio.a(gpio_nrfx.c.obj)
 .text.gpio_nrfx_pin_interrupt_configure
                0x0000000000001220       0xf4 zephyr/drivers/gpio/libdrivers__gpio.a(gpio_nrfx.c.obj)
 .text.event_handler
                0x0000000000001314       0x38 zephyr/drivers/i2c/libdrivers__i2c.a(i2c_nrfx_twi.c.obj)
 .text.i2c_nrfx_twi_transfer
                0x000000000000134c       0xc0 zephyr/drivers/i2c/libdrivers__i2c.a(i2c_nrfx_twi.c.obj)
 .text.i2c_nrfx_twi_init
                0x000000000000140c       0x24 zephyr/drivers/i2c/libdrivers__i2c.a(i2c_nrfx_twi_common.c.obj)
                0x000000000000140c                i2c_nrfx_twi_init
 .text.i2c_nrfx_twi_recover_bus
                0x0000000000001430       0x24 zephyr/drivers/i2c/libdrivers__i2c.a(i2c_nrfx_twi_common.c.obj)
                0x0000000000001430                i2c_nrfx_twi_recover_bus
 .text.i2c_nrfx_twi_msg_transfer
                0x0000000000001454       0x7c zephyr/drivers/i2c/libdrivers__i2c.a(i2c_nrfx_twi_common.c.obj)
                0x0000000000001454                i2c_nrfx_twi_msg_transfer
 .text.pinctrl_configure_pins
                0x00000000000014d0       0xcc zephyr/drivers/pinctrl/libdrivers__pinctrl.a(pinctrl_nrf.c.obj)
                0x00000000000014d0                pinctrl_configure_pins
 .text.compare_int_lock
                0x000000000000159c       0x48 zephyr/drivers/timer/libdrivers__timer.a(nrf_rtc_timer.c.obj)
 .text.sys_clock_timeout_handler
                0x00000000000015e4       0x48 zephyr/drivers/timer/libdrivers__timer.a(nrf_rtc_timer.c.obj)
 .text.compare_int_unlock
                0x000000000000162c       0x5c zephyr/drivers/timer/libdrivers__timer.a(nrf_rtc_timer.c.obj)
 .text.z_nrf_rtc_timer_read
                0x0000000000001688       0x44 zephyr/drivers/timer/libdrivers__timer.a(nrf_rtc_timer.c.obj)
                0x0000000000001688                z_nrf_rtc_timer_read
 .text.compare_set
                0x00000000000016cc      0x130 zephyr/drivers/timer/libdrivers__timer.a(nrf_rtc_timer.c.obj)
 .text.sys_clock_driver_init
                0x00000000000017fc       0x90 zephyr/drivers/timer/libdrivers__timer.a(nrf_rtc_timer.c.obj)
 .text.rtc_nrf_isr
                0x000000000000188c       0xd4 zephyr/drivers/timer/libdrivers__timer.a(nrf_rtc_timer.c.obj)
                0x000000000000188c                rtc_nrf_isr
 .text.sys_clock_set_timeout
                0x0000000000001960       0x5c zephyr/drivers/timer/libdrivers__timer.a(nrf_rtc_timer.c.obj)
                0x0000000000001960                sys_clock_set_timeout
 .text.sys_clock_elapsed
                0x00000000000019bc       0x14 zephyr/drivers/timer/libdrivers__timer.a(nrf_rtc_timer.c.obj)
                0x00000000000019bc                sys_clock_elapsed
 .text.__NVIC_SystemReset
                0x00000000000019d0       0x24 modules/hal_nordic/nrfx/libmodules__hal_nordic__nrfx.a(system_nrf52810.c.obj)
 .text.nrf52_errata_16
                0x00000000000019f4       0x28 modules/hal_nordic/nrfx/libmodules__hal_nordic__nrfx.a(system_nrf52810.c.obj)
 .text.nrf52_configuration_249
                0x0000000000001a1c       0x34 modules/hal_nordic/nrfx/libmodules__hal_nordic__nrfx.a(system_nrf52810.c.obj)
 .text.nvmc_wait
                0x0000000000001a50       0x10 modules/hal_nordic/nrfx/libmodules__hal_nordic__nrfx.a(system_nrf52810.c.obj)
                0x0000000000001a50                nvmc_wait
 .text.SystemInit
                0x0000000000001a60      0x2f8 modules/hal_nordic/nrfx/libmodules__hal_nordic__nrfx.a(system_nrf52810.c.obj)
                0x0000000000001a60                SystemInit
 .text.nrfx_flag32_alloc
                0x0000000000001d58       0x48 modules/hal_nordic/nrfx/libmodules__hal_nordic__nrfx.a(nrfx_flag32_allocator.c.obj)
                0x0000000000001d58                nrfx_flag32_alloc
 .text.nrfx_flag32_free
                0x0000000000001da0       0x40 modules/hal_nordic/nrfx/libmodules__hal_nordic__nrfx.a(nrfx_flag32_allocator.c.obj)
                0x0000000000001da0                nrfx_flag32_free
 .text.clock_stop
                0x0000000000001de0       0xc4 modules/hal_nordic/nrfx/libmodules__hal_nordic__nrfx.a(nrfx_clock.c.obj)
 .text.nrfx_clock_init
                0x0000000000001ea4       0x20 modules/hal_nordic/nrfx/libmodules__hal_nordic__nrfx.a(nrfx_clock.c.obj)
                0x0000000000001ea4                nrfx_clock_init
 .text.nrfx_clock_enable
                0x0000000000001ec4       0x24 modules/hal_nordic/nrfx/libmodules__hal_nordic__nrfx.a(nrfx_clock.c.obj)
                0x0000000000001ec4                nrfx_clock_enable
 .text.nrfx_clock_start
                0x0000000000001ee8       0xa8 modules/hal_nordic/nrfx/libmodules__hal_nordic__nrfx.a(nrfx_clock.c.obj)
                0x0000000000001ee8                nrfx_clock_start
 .text.nrfx_power_clock_irq_handler
                0x0000000000001f90       0x68 modules/hal_nordic/nrfx/libmodules__hal_nordic__nrfx.a(nrfx_clock.c.obj)
                0x0000000000001f90                nrfx_power_clock_irq_handler
 .text.call_handler.constprop.0
                0x0000000000001ff8       0x3c modules/hal_nordic/nrfx/libmodules__hal_nordic__nrfx.a(nrfx_gpiote.c.obj)
 .text.release_handler.isra.0
                0x0000000000002034       0x54 modules/hal_nordic/nrfx/libmodules__hal_nordic__nrfx.a(nrfx_gpiote.c.obj)
 .text.__nrfy_internal_gpiote_events_process.constprop.0
                0x0000000000002088       0x5c modules/hal_nordic/nrfx/libmodules__hal_nordic__nrfx.a(nrfx_gpiote.c.obj)
 .text.pin_trigger_disable
                0x00000000000020e4       0x40 modules/hal_nordic/nrfx/libmodules__hal_nordic__nrfx.a(nrfx_gpiote.c.obj)
 .text.pin_uninit
                0x0000000000002124       0x74 modules/hal_nordic/nrfx/libmodules__hal_nordic__nrfx.a(nrfx_gpiote.c.obj)
 .text.nrfx_gpiote_input_configure
                0x0000000000002198      0x160 modules/hal_nordic/nrfx/libmodules__hal_nordic__nrfx.a(nrfx_gpiote.c.obj)
                0x0000000000002198                nrfx_gpiote_input_configure
 .text.nrfx_gpiote_output_configure
                0x00000000000022f8       0xec modules/hal_nordic/nrfx/libmodules__hal_nordic__nrfx.a(nrfx_gpiote.c.obj)
                0x00000000000022f8                nrfx_gpiote_output_configure
 .text.nrfx_gpiote_global_callback_set
                0x00000000000023e4        0xc modules/hal_nordic/nrfx/libmodules__hal_nordic__nrfx.a(nrfx_gpiote.c.obj)
                0x00000000000023e4                nrfx_gpiote_global_callback_set
 .text.nrfx_gpiote_channel_get
                0x00000000000023f0       0x24 modules/hal_nordic/nrfx/libmodules__hal_nordic__nrfx.a(nrfx_gpiote.c.obj)
                0x00000000000023f0                nrfx_gpiote_channel_get
 .text.nrfx_gpiote_init
                0x0000000000002414       0x68 modules/hal_nordic/nrfx/libmodules__hal_nordic__nrfx.a(nrfx_gpiote.c.obj)
                0x0000000000002414                nrfx_gpiote_init
 .text.nrfx_gpiote_init_check
                0x000000000000247c       0x14 modules/hal_nordic/nrfx/libmodules__hal_nordic__nrfx.a(nrfx_gpiote.c.obj)
                0x000000000000247c                nrfx_gpiote_init_check
 .text.nrfx_gpiote_channel_free
                0x0000000000002490        0xc modules/hal_nordic/nrfx/libmodules__hal_nordic__nrfx.a(nrfx_gpiote.c.obj)
                0x0000000000002490                nrfx_gpiote_channel_free
 .text.nrfx_gpiote_channel_alloc
                0x000000000000249c        0xc modules/hal_nordic/nrfx/libmodules__hal_nordic__nrfx.a(nrfx_gpiote.c.obj)
                0x000000000000249c                nrfx_gpiote_channel_alloc
 .text.nrfx_gpiote_trigger_enable
                0x00000000000024a8       0x94 modules/hal_nordic/nrfx/libmodules__hal_nordic__nrfx.a(nrfx_gpiote.c.obj)
                0x00000000000024a8                nrfx_gpiote_trigger_enable
 .text.nrfx_gpiote_0_irq_handler
                0x000000000000253c      0x160 modules/hal_nordic/nrfx/libmodules__hal_nordic__nrfx.a(nrfx_gpiote.c.obj)
                0x000000000000253c                nrfx_gpiote_0_irq_handler
 .text.twi_configure
                0x000000000000269c       0x3c modules/hal_nordic/nrfx/libmodules__hal_nordic__nrfx.a(nrfx_twi.c.obj)
 .text.twi_tx_start_transfer
                0x00000000000026d8      0x104 modules/hal_nordic/nrfx/libmodules__hal_nordic__nrfx.a(nrfx_twi.c.obj)
 .text.twi_rx_start_transfer
                0x00000000000027dc       0xe4 modules/hal_nordic/nrfx/libmodules__hal_nordic__nrfx.a(nrfx_twi.c.obj)
 .text.nrfx_twi_init
                0x00000000000028c0       0xc0 modules/hal_nordic/nrfx/libmodules__hal_nordic__nrfx.a(nrfx_twi.c.obj)
                0x00000000000028c0                nrfx_twi_init
 .text.nrfx_twi_enable
                0x0000000000002980       0x20 modules/hal_nordic/nrfx/libmodules__hal_nordic__nrfx.a(nrfx_twi.c.obj)
                0x0000000000002980                nrfx_twi_enable
 .text.nrfx_twi_disable
                0x00000000000029a0       0x38 modules/hal_nordic/nrfx/libmodules__hal_nordic__nrfx.a(nrfx_twi.c.obj)
                0x00000000000029a0                nrfx_twi_disable
 .text.nrfx_twi_xfer
                0x00000000000029d8       0xdc modules/hal_nordic/nrfx/libmodules__hal_nordic__nrfx.a(nrfx_twi.c.obj)
                0x00000000000029d8                nrfx_twi_xfer
 .text.nrfx_twi_0_irq_handler
                0x0000000000002ab4       0xd8 modules/hal_nordic/nrfx/libmodules__hal_nordic__nrfx.a(nrfx_twi.c.obj)
                0x0000000000002ab4                nrfx_twi_0_irq_handler
 .text.nrfx_twi_twim_bus_recover
                0x0000000000002b8c       0xdc modules/hal_nordic/nrfx/libmodules__hal_nordic__nrfx.a(nrfx_twi_twim.c.obj)
                0x0000000000002b8c                nrfx_twi_twim_bus_recover
 .text.z_fatal_error
                0x0000000000002c68       0x30 zephyr/kernel/libkernel.a(fatal.c.obj)
                0x0000000000002c68                z_fatal_error
 .text.z_sys_init_run_level
                0x0000000000002c98       0x2c zephyr/kernel/libkernel.a(init.c.obj)
 .text.bg_thread_main
                0x0000000000002cc4       0xc4 zephyr/kernel/libkernel.a(init.c.obj)
 .text.z_bss_zero
                0x0000000000002d88       0x18 zephyr/kernel/libkernel.a(init.c.obj)
                0x0000000000002d88                z_bss_zero
 .text.z_init_cpu
                0x0000000000002da0       0x70 zephyr/kernel/libkernel.a(init.c.obj)
                0x0000000000002da0                z_init_cpu
 .text.z_cstart
                0x0000000000002e10       0xd8 zephyr/kernel/libkernel.a(init.c.obj)
                0x0000000000002e10                z_cstart
 .text.z_impl_k_sem_give
                0x0000000000002ee8       0x68 zephyr/kernel/libkernel.a(sem.c.obj)
                0x0000000000002ee8                z_impl_k_sem_give
 .text.z_impl_k_sem_take
                0x0000000000002f50       0x4c zephyr/kernel/libkernel.a(sem.c.obj)
                0x0000000000002f50                z_impl_k_sem_take
 .text.z_setup_new_thread
                0x0000000000002f9c       0x98 zephyr/kernel/libkernel.a(thread.c.obj)
                0x0000000000002f9c                z_setup_new_thread
 .text.unready_thread
                0x0000000000003034       0x54 zephyr/kernel/libkernel.a(sched.c.obj)
 .text.ready_thread
                0x0000000000003088       0x8c zephyr/kernel/libkernel.a(sched.c.obj)
 .text.z_thread_halt
                0x0000000000003114      0x10c zephyr/kernel/libkernel.a(sched.c.obj)
 .text.move_thread_to_end_of_prio_q
                0x0000000000003220       0x94 zephyr/kernel/libkernel.a(sched.c.obj)
                0x0000000000003220                move_thread_to_end_of_prio_q
 .text.z_pend_curr
                0x00000000000032b4       0x58 zephyr/kernel/libkernel.a(sched.c.obj)
                0x00000000000032b4                z_pend_curr
 .text.z_reschedule
                0x000000000000330c       0x24 zephyr/kernel/libkernel.a(sched.c.obj)
                0x000000000000330c                z_reschedule
 .text.z_sched_start
                0x0000000000003330       0x3c zephyr/kernel/libkernel.a(sched.c.obj)
                0x0000000000003330                z_sched_start
 .text.z_reschedule_irqlock
                0x000000000000336c       0x28 zephyr/kernel/libkernel.a(sched.c.obj)
                0x000000000000336c                z_reschedule_irqlock
 .text.k_sched_lock
                0x0000000000003394       0x28 zephyr/kernel/libkernel.a(sched.c.obj)
                0x0000000000003394                k_sched_lock
 .text.k_sched_unlock
                0x00000000000033bc       0x68 zephyr/kernel/libkernel.a(sched.c.obj)
                0x00000000000033bc                k_sched_unlock
 .text.z_sched_init
                0x0000000000003424       0x10 zephyr/kernel/libkernel.a(sched.c.obj)
                0x0000000000003424                z_sched_init
 .text.z_impl_k_yield
                0x0000000000003434       0x8c zephyr/kernel/libkernel.a(sched.c.obj)
                0x0000000000003434                z_impl_k_yield
 .text.z_tick_sleep
                0x00000000000034c0       0x88 zephyr/kernel/libkernel.a(sched.c.obj)
 .text.z_impl_k_sleep
                0x0000000000003548       0x3c zephyr/kernel/libkernel.a(sched.c.obj)
                0x0000000000003548                z_impl_k_sleep
 .text.z_impl_k_sched_current_thread_query
                0x0000000000003584        0xc zephyr/kernel/libkernel.a(sched.c.obj)
                0x0000000000003584                z_impl_k_sched_current_thread_query
 .text.slice_timeout
                0x0000000000003590       0x20 zephyr/kernel/libkernel.a(timeslicing.c.obj)
 .text.thread_is_sliceable
                0x00000000000035b0       0x3c zephyr/kernel/libkernel.a(timeslicing.c.obj)
                0x00000000000035b0                thread_is_sliceable
 .text.z_reset_time_slice
                0x00000000000035ec       0x50 zephyr/kernel/libkernel.a(timeslicing.c.obj)
                0x00000000000035ec                z_reset_time_slice
 .text.z_time_slice
                0x000000000000363c       0x60 zephyr/kernel/libkernel.a(timeslicing.c.obj)
                0x000000000000363c                z_time_slice
 .text.z_data_copy
                0x000000000000369c       0x38 zephyr/kernel/libkernel.a(xip.c.obj)
                0x000000000000369c                z_data_copy
 .text.elapsed  0x00000000000036d4       0x14 zephyr/kernel/libkernel.a(timeout.c.obj)
 .text.remove_timeout
                0x00000000000036e8       0x38 zephyr/kernel/libkernel.a(timeout.c.obj)
 .text.next_timeout
                0x0000000000003720       0x40 zephyr/kernel/libkernel.a(timeout.c.obj)
 .text.z_add_timeout
                0x0000000000003760       0xf4 zephyr/kernel/libkernel.a(timeout.c.obj)
                0x0000000000003760                z_add_timeout
 .text.sys_clock_announce
                0x0000000000003854       0xd0 zephyr/kernel/libkernel.a(timeout.c.obj)
                0x0000000000003854                sys_clock_announce
 .text.sys_clock_tick_get
                0x0000000000003924       0x30 zephyr/kernel/libkernel.a(timeout.c.obj)
                0x0000000000003924                sys_clock_tick_get
 .text.boot_banner
                0x0000000000003954        0xc zephyr/kernel/libkernel.a(banner.c.obj)
                0x0000000000003954                boot_banner
 .text.__l_vfprintf
                0x0000000000003960      0x4b8 /home/onur/zephyr-sdk-0.17.0/arm-zephyr-eabi/bin/../lib/gcc/../../picolibc/arm-zephyr-eabi/lib/thumb/v7e-m/nofp/libc.a(libc_tinystdio_vflprintf.c.o)
                0x0000000000003960                __l_vfprintf
 .text._OffsetAbsSyms
                0x0000000000003e18        0x2 zephyr/CMakeFiles/offsets.dir/./arch/arm/core/offsets/offsets.c.obj
                0x0000000000003e18                _OffsetAbsSyms
 .text.gpio_pin_configure_dt.constprop.0
                0x0000000000003e1a       0x34 app/libapp.a(main.c.obj)
 .text.gpio_pin_set_dt.isra.0
                0x0000000000003e4e       0x28 app/libapp.a(main.c.obj)
 .text.i2c_reg_read_byte_dt
                0x0000000000003e76       0x42 app/libapp.a(icm42670.c.obj)
 .text.i2c_reg_write_byte_dt
                0x0000000000003eb8       0x36 app/libapp.a(icm42670.c.obj)
 .text.chunk_size
                0x0000000000003eee        0xa zephyr/libzephyr.a(heap.c.obj)
 .text.free_list_add
                0x0000000000003ef8       0x4e zephyr/libzephyr.a(heap.c.obj)
 .text.sys_heap_init
                0x0000000000003f46       0x7a zephyr/libzephyr.a(heap.c.obj)
                0x0000000000003f46                sys_heap_init
 .text.arch_printk_char_out
                0x0000000000003fc0        0x4 zephyr/libzephyr.a(printk.c.obj)
                0x0000000000003fc0                arch_printk_char_out
 .text.printk   0x0000000000003fc4       0x1a zephyr/libzephyr.a(printk.c.obj)
                0x0000000000003fc4                printk
 .text.process_recheck
                0x0000000000003fde       0x38 zephyr/libzephyr.a(onoff.c.obj)
 .text.validate_args
                0x0000000000004016       0x20 zephyr/libzephyr.a(onoff.c.obj)
 .text.notify_one
                0x0000000000004036       0x2c zephyr/libzephyr.a(onoff.c.obj)
 .text.transition_complete
                0x0000000000004062       0x1a zephyr/libzephyr.a(onoff.c.obj)
 .text.onoff_manager_init
                0x000000000000407c       0x26 zephyr/libzephyr.a(onoff.c.obj)
                0x000000000000407c                onoff_manager_init
 .text.onoff_request
                0x00000000000040a2       0xae zephyr/libzephyr.a(onoff.c.obj)
                0x00000000000040a2                onoff_request
 .text.sys_notify_validate
                0x0000000000004150       0x22 zephyr/libzephyr.a(notify.c.obj)
                0x0000000000004150                sys_notify_validate
 .text.sys_notify_finalize
                0x0000000000004172       0x1a zephyr/libzephyr.a(notify.c.obj)
                0x0000000000004172                sys_notify_finalize
 .text._ConfigAbsSyms
                0x000000000000418c        0x2 zephyr/libzephyr.a(configs.c.obj)
                0x000000000000418c                _ConfigAbsSyms
 .text.z_arm_fatal_error
                0x000000000000418e        0xc zephyr/arch/arch/arm/core/libarch__arm__core.a(fatal.c.obj)
                0x000000000000418e                z_arm_fatal_error
 .text.z_do_kernel_oops
                0x000000000000419a        0x8 zephyr/arch/arch/arm/core/libarch__arm__core.a(fatal.c.obj)
                0x000000000000419a                z_do_kernel_oops
 .text.z_arm_nmi
                0x00000000000041a2        0xe zephyr/arch/arch/arm/core/libarch__arm__core.a(nmi.c.obj)
                0x00000000000041a2                z_arm_nmi
 .text.z_irq_spurious
                0x00000000000041b0        0x8 zephyr/arch/arch/arm/core/cortex_m/libarch__arm__core__cortex_m.a(irq_manage.c.obj)
                0x00000000000041b0                z_irq_spurious
 .text.arch_irq_unlock_outlined
                0x00000000000041b8        0xe zephyr/arch/arch/arm/core/cortex_m/libarch__arm__core__cortex_m.a(thread.c.obj)
                0x00000000000041b8                arch_irq_unlock_outlined
 .text.arch_cpu_idle
                0x00000000000041c6       0x1a zephyr/arch/arch/arm/core/cortex_m/libarch__arm__core__cortex_m.a(cpu_idle.c.obj)
                0x00000000000041c6                arch_cpu_idle
 .text.arch_cpu_atomic_idle
                0x00000000000041e0       0x1e zephyr/arch/arch/arm/core/cortex_m/libarch__arm__core__cortex_m.a(cpu_idle.c.obj)
                0x00000000000041e0                arch_cpu_atomic_idle
 .text.size_to_mpu_rasr_size
                0x00000000000041fe       0x20 zephyr/arch/arch/arm/core/mpu/libarch__arm__core__mpu.a(arm_mpu.c.obj)
 .text.nordicsemi_nrf52_init
                0x000000000000421e        0xe zephyr/soc/soc/nrf52810/libsoc__nordic.a(soc.c.obj)
 .text.get_status
                0x000000000000422c       0x12 zephyr/drivers/clock_control/libdrivers__clock_control.a(clock_control_nrf.c.obj)
 .text.stop     0x000000000000423e       0x52 zephyr/drivers/clock_control/libdrivers__clock_control.a(clock_control_nrf.c.obj)
 .text.api_stop
                0x0000000000004290        0x6 zephyr/drivers/clock_control/libdrivers__clock_control.a(clock_control_nrf.c.obj)
 .text.async_start
                0x0000000000004296       0x5c zephyr/drivers/clock_control/libdrivers__clock_control.a(clock_control_nrf.c.obj)
 .text.api_start
                0x00000000000042f2        0xe zephyr/drivers/clock_control/libdrivers__clock_control.a(clock_control_nrf.c.obj)
 .text.onoff_started_callback
                0x0000000000004300       0x12 zephyr/drivers/clock_control/libdrivers__clock_control.a(clock_control_nrf.c.obj)
 .text.lfclk_start
                0x0000000000004312        0x6 zephyr/drivers/clock_control/libdrivers__clock_control.a(clock_control_nrf.c.obj)
 .text.lfclk_stop
                0x0000000000004318        0x6 zephyr/drivers/clock_control/libdrivers__clock_control.a(clock_control_nrf.c.obj)
 .text.blocking_start_callback
                0x000000000000431e        0x6 zephyr/drivers/clock_control/libdrivers__clock_control.a(clock_control_nrf.c.obj)
 .text.gpio_nrfx_port_get_raw
                0x0000000000004324        0xe zephyr/drivers/gpio/libdrivers__gpio.a(gpio_nrfx.c.obj)
 .text.gpio_nrfx_port_set_masked_raw
                0x0000000000004332       0x18 zephyr/drivers/gpio/libdrivers__gpio.a(gpio_nrfx.c.obj)
 .text.gpio_nrfx_port_set_bits_raw
                0x000000000000434a        0xc zephyr/drivers/gpio/libdrivers__gpio.a(gpio_nrfx.c.obj)
 .text.gpio_nrfx_port_clear_bits_raw
                0x0000000000004356        0xc zephyr/drivers/gpio/libdrivers__gpio.a(gpio_nrfx.c.obj)
 .text.gpio_nrfx_port_toggle_bits
                0x0000000000004362       0x1a zephyr/drivers/gpio/libdrivers__gpio.a(gpio_nrfx.c.obj)
 .text.gpio_nrfx_manage_callback
                0x000000000000437c       0x52 zephyr/drivers/gpio/libdrivers__gpio.a(gpio_nrfx.c.obj)
 .text.twi_0_init
                0x00000000000043ce       0x40 zephyr/drivers/i2c/libdrivers__i2c.a(i2c_nrfx_twi.c.obj)
 .text.i2c_nrfx_twi_configure
                0x000000000000440e       0x32 zephyr/drivers/i2c/libdrivers__i2c.a(i2c_nrfx_twi_common.c.obj)
                0x000000000000440e                i2c_nrfx_twi_configure
 .text.pinctrl_lookup_state
                0x0000000000004440       0x26 zephyr/drivers/pinctrl/libdrivers__pinctrl.a(common.c.obj)
                0x0000000000004440                pinctrl_lookup_state
 .text.event_clear
                0x0000000000004466       0x18 zephyr/drivers/timer/libdrivers__timer.a(nrf_rtc_timer.c.obj)
 .text.nrf52_errata_31
                0x000000000000447e       0x26 modules/hal_nordic/nrfx/libmodules__hal_nordic__nrfx.a(system_nrf52810.c.obj)
 .text.nrfx_isr
                0x00000000000044a4        0x2 modules/hal_nordic/nrfx/libmodules__hal_nordic__nrfx.a(nrfx_glue.c.obj)
                0x00000000000044a4                nrfx_isr
 .text.nrfx_busy_wait
                0x00000000000044a6        0x4 modules/hal_nordic/nrfx/libmodules__hal_nordic__nrfx.a(nrfx_glue.c.obj)
                0x00000000000044a6                nrfx_busy_wait
 .text.nrfx_clock_stop
                0x00000000000044aa        0x4 modules/hal_nordic/nrfx/libmodules__hal_nordic__nrfx.a(nrfx_clock.c.obj)
                0x00000000000044aa                nrfx_clock_stop
 .text.nrf_gpio_pin_port_decode
                0x00000000000044ae       0x14 modules/hal_nordic/nrfx/libmodules__hal_nordic__nrfx.a(nrfx_gpiote.c.obj)
 .text.nrf_gpio_reconfigure
                0x00000000000044c2       0x92 modules/hal_nordic/nrfx/libmodules__hal_nordic__nrfx.a(nrfx_gpiote.c.obj)
 .text.nrf_gpio_cfg_sense_set
                0x0000000000004554       0x1e modules/hal_nordic/nrfx/libmodules__hal_nordic__nrfx.a(nrfx_gpiote.c.obj)
 .text.latch_pending_read_and_check
                0x0000000000004572       0x1c modules/hal_nordic/nrfx/libmodules__hal_nordic__nrfx.a(nrfx_gpiote.c.obj)
 .text.nrfx_gpiote_pin_uninit
                0x000000000000458e        0x4 modules/hal_nordic/nrfx/libmodules__hal_nordic__nrfx.a(nrfx_gpiote.c.obj)
                0x000000000000458e                nrfx_gpiote_pin_uninit
 .text.nrfx_gpiote_trigger_disable
                0x0000000000004592        0x4 modules/hal_nordic/nrfx/libmodules__hal_nordic__nrfx.a(nrfx_gpiote.c.obj)
                0x0000000000004592                nrfx_gpiote_trigger_disable
 .text.twi_transfer
                0x0000000000004596      0x130 modules/hal_nordic/nrfx/libmodules__hal_nordic__nrfx.a(nrfx_twi.c.obj)
 .text.nrf_gpio_pin_port_decode
                0x00000000000046c6       0x14 modules/hal_nordic/nrfx/libmodules__hal_nordic__nrfx.a(nrfx_twi_twim.c.obj)
 .text.nrf_gpio_pin_set
                0x00000000000046da       0x1a modules/hal_nordic/nrfx/libmodules__hal_nordic__nrfx.a(nrfx_twi_twim.c.obj)
 .text.z_impl_k_busy_wait
                0x00000000000046f4        0x8 zephyr/kernel/libkernel.a(busy_wait.c.obj)
                0x00000000000046f4                z_impl_k_busy_wait
 .text.z_device_state_init
                0x00000000000046fc        0x2 zephyr/kernel/libkernel.a(device.c.obj)
                0x00000000000046fc                z_device_state_init
 .text.z_impl_device_is_ready
                0x00000000000046fe       0x16 zephyr/kernel/libkernel.a(device.c.obj)
                0x00000000000046fe                z_impl_device_is_ready
 .text.arch_system_halt
                0x0000000000004714       0x10 zephyr/kernel/libkernel.a(fatal.c.obj)
                0x0000000000004714                arch_system_halt
 .text.k_sys_fatal_error_handler
                0x0000000000004724        0x6 zephyr/kernel/libkernel.a(fatal.c.obj)
                0x0000000000004724                k_sys_fatal_error_handler
 .text.do_device_init
                0x000000000000472a       0x30 zephyr/kernel/libkernel.a(init.c.obj)
 .text.z_early_memset
                0x000000000000475a        0x4 zephyr/kernel/libkernel.a(init.c.obj)
                0x000000000000475a                z_early_memset
 .text.z_early_memcpy
                0x000000000000475e        0x4 zephyr/kernel/libkernel.a(init.c.obj)
                0x000000000000475e                z_early_memcpy
 .text.z_init_static
                0x0000000000004762        0x2 zephyr/kernel/libkernel.a(init_static.c.obj)
                0x0000000000004762                z_init_static
 .text.idle     0x0000000000004764       0x16 zephyr/kernel/libkernel.a(idle.c.obj)
                0x0000000000004764                idle
 .text.k_is_in_isr
                0x000000000000477a        0xc zephyr/kernel/libkernel.a(thread.c.obj)
                0x000000000000477a                k_is_in_isr
 .text.z_impl_k_thread_start
                0x0000000000004786        0x4 zephyr/kernel/libkernel.a(thread.c.obj)
                0x0000000000004786                z_impl_k_thread_start
 .text.sys_dlist_remove
                0x000000000000478a       0x10 zephyr/kernel/libkernel.a(sched.c.obj)
 .text.unpend_thread_no_timeout
                0x000000000000479a       0x14 zephyr/kernel/libkernel.a(sched.c.obj)
 .text.add_to_waitq_locked
                0x00000000000047ae       0x50 zephyr/kernel/libkernel.a(sched.c.obj)
 .text.z_ready_thread
                0x00000000000047fe       0x1e zephyr/kernel/libkernel.a(sched.c.obj)
                0x00000000000047fe                z_ready_thread
 .text.z_impl_k_thread_suspend
                0x000000000000481c       0x34 zephyr/kernel/libkernel.a(sched.c.obj)
                0x000000000000481c                z_impl_k_thread_suspend
 .text.z_sched_wake_thread
                0x0000000000004850       0x42 zephyr/kernel/libkernel.a(sched.c.obj)
                0x0000000000004850                z_sched_wake_thread
 .text.z_thread_timeout
                0x0000000000004892        0x8 zephyr/kernel/libkernel.a(sched.c.obj)
                0x0000000000004892                z_thread_timeout
 .text.z_thread_abort
                0x000000000000489a       0x44 zephyr/kernel/libkernel.a(sched.c.obj)
                0x000000000000489a                z_thread_abort
 .text.z_abort_timeout
                0x00000000000048de       0x2a zephyr/kernel/libkernel.a(timeout.c.obj)
                0x00000000000048de                z_abort_timeout
 .text.sys_clock_tick_get_32
                0x0000000000004908        0x8 zephyr/kernel/libkernel.a(timeout.c.obj)
                0x0000000000004908                sys_clock_tick_get_32
 .text.memcpy   0x0000000000004910       0x1c /home/onur/zephyr-sdk-0.17.0/arm-zephyr-eabi/bin/../lib/gcc/../../picolibc/arm-zephyr-eabi/lib/thumb/v7e-m/nofp/libc.a(memcpy.c.o)
                0x0000000000004910                memcpy
                0x0000000000004910                __aeabi_memcpy
                0x0000000000004910                __aeabi_memcpy4
                0x0000000000004910                __aeabi_memcpy8
 .text.memset   0x000000000000492c       0x10 /home/onur/zephyr-sdk-0.17.0/arm-zephyr-eabi/bin/../lib/gcc/../../picolibc/arm-zephyr-eabi/lib/thumb/v7e-m/nofp/libc.a(memset.c.o)
                0x000000000000492c                memset
 .text.strnlen  0x000000000000493c       0x18 /home/onur/zephyr-sdk-0.17.0/arm-zephyr-eabi/bin/../lib/gcc/../../picolibc/arm-zephyr-eabi/lib/thumb/v7e-m/nofp/libc.a(libc_string_strnlen.c.o)
                0x000000000000493c                strnlen
 .text.__ultoa_invert
                0x0000000000004954       0xae /home/onur/zephyr-sdk-0.17.0/arm-zephyr-eabi/bin/../lib/gcc/../../picolibc/arm-zephyr-eabi/lib/thumb/v7e-m/nofp/libc.a(libc_tinystdio_vflprintf.c.o)
 *(SORT_BY_ALIGNMENT(.TEXT.*))
 *fill*         0x0000000000004a02        0x2 
 .TEXT.__aeabi_read_tp
                0x0000000000004a04        0xc zephyr/arch/arch/arm/core/cortex_m/libarch__arm__core__cortex_m.a(__aeabi_read_tp.S.obj)
                0x0000000000004a04                __aeabi_read_tp
 *(SORT_BY_ALIGNMENT(.gnu.linkonce.t.*))
 *(SORT_BY_ALIGNMENT(.glue_7t))
 .glue_7t       0x0000000000004a10        0x0 linker stubs
 *(SORT_BY_ALIGNMENT(.glue_7))
 .glue_7        0x0000000000004a10        0x0 linker stubs
 *(SORT_BY_ALIGNMENT(.vfp11_veneer))
 .vfp11_veneer  0x0000000000004a10        0x0 linker stubs
 *(SORT_BY_ALIGNMENT(.v4_bx))
 .v4_bx         0x0000000000004a10        0x0 linker stubs
                0x0000000000004a10                . = ALIGN (0x4)
                0x0000000000004a10                __text_region_end = .

.ARM.exidx      0x0000000000004a10        0x0
                0x0000000000004a10                __exidx_start = .
 *(SORT_BY_ALIGNMENT(.ARM.exidx*) SORT_BY_ALIGNMENT(gnu.linkonce.armexidx.*))
                0x0000000000004a10                __exidx_end = .
                0x0000000000004a10                __rodata_region_start = .

initlevel       0x0000000000004a10       0x30
                0x0000000000004a10                __init_start = .
                0x0000000000004a10                __init_EARLY_start = .
 *(SORT_BY_NAME(SORT_BY_ALIGNMENT(.z_init_EARLY?_*)))
 *(SORT_BY_NAME(SORT_BY_ALIGNMENT(.z_init_EARLY??_*)))
                0x0000000000004a10                __init_PRE_KERNEL_1_start = .
 *(SORT_BY_NAME(SORT_BY_ALIGNMENT(.z_init_PRE_KERNEL_1?_*)))
 .z_init_PRE_KERNEL_10_0_
                0x0000000000004a10        0x8 zephyr/soc/soc/nrf52810/libsoc__nordic.a(soc.c.obj)
 *(SORT_BY_NAME(SORT_BY_ALIGNMENT(.z_init_PRE_KERNEL_1??_*)))
 .z_init_PRE_KERNEL_130_00034_
                0x0000000000004a18        0x8 zephyr/drivers/clock_control/libdrivers__clock_control.a(clock_control_nrf.c.obj)
 .z_init_PRE_KERNEL_140_00012_
                0x0000000000004a20        0x8 zephyr/drivers/gpio/libdrivers__gpio.a(gpio_nrfx.c.obj)
                0x0000000000004a28                __init_PRE_KERNEL_2_start = .
 *(SORT_BY_NAME(SORT_BY_ALIGNMENT(.z_init_PRE_KERNEL_2?_*)))
 .z_init_PRE_KERNEL_20_0_
                0x0000000000004a28        0x8 zephyr/drivers/timer/libdrivers__timer.a(nrf_rtc_timer.c.obj)
 *(SORT_BY_NAME(SORT_BY_ALIGNMENT(.z_init_PRE_KERNEL_2??_*)))
                0x0000000000004a30                __init_POST_KERNEL_start = .
 *(SORT_BY_NAME(SORT_BY_ALIGNMENT(.z_init_POST_KERNEL?_*)))
 *(SORT_BY_NAME(SORT_BY_ALIGNMENT(.z_init_POST_KERNEL??_*)))
 .z_init_POST_KERNEL35_0_
                0x0000000000004a30        0x8 zephyr/lib/libc/common/liblib__libc__common.a(malloc.c.obj)
 .z_init_POST_KERNEL50_00067_
                0x0000000000004a38        0x8 zephyr/drivers/i2c/libdrivers__i2c.a(i2c_nrfx_twi.c.obj)
                0x0000000000004a40                __init_APPLICATION_start = .
 *(SORT_BY_NAME(SORT_BY_ALIGNMENT(.z_init_APPLICATION?_*)))
 *(SORT_BY_NAME(SORT_BY_ALIGNMENT(.z_init_APPLICATION??_*)))
                0x0000000000004a40                __init_SMP_start = .
 *(SORT_BY_NAME(SORT_BY_ALIGNMENT(.z_init_SMP?_*)))
 *(SORT_BY_NAME(SORT_BY_ALIGNMENT(.z_init_SMP??_*)))
                0x0000000000004a40                __init_end = .
                0x0000000000004a40                __deferred_init_list_start = .
 *(SORT_BY_ALIGNMENT(.z_deferred_init*))
                0x0000000000004a40                __deferred_init_list_end = .

device_area     0x0000000000004a40       0x3c
                0x0000000000004a40                _device_list_start = .
 *(SORT_BY_NAME(SORT_BY_ALIGNMENT(._device.static.*_?_*)))
 *(SORT_BY_NAME(SORT_BY_ALIGNMENT(._device.static.*_??_*)))
 ._device.static.1_30_
                0x0000000000004a40       0x14 zephyr/drivers/clock_control/libdrivers__clock_control.a(clock_control_nrf.c.obj)
                0x0000000000004a40                __device_dts_ord_34
 ._device.static.1_40_
                0x0000000000004a54       0x14 zephyr/drivers/gpio/libdrivers__gpio.a(gpio_nrfx.c.obj)
                0x0000000000004a54                __device_dts_ord_12
 ._device.static.3_50_
                0x0000000000004a68       0x14 zephyr/drivers/i2c/libdrivers__i2c.a(i2c_nrfx_twi.c.obj)
                0x0000000000004a68                __device_dts_ord_67
                0x0000000000004a7c                _device_list_end = .

sw_isr_table    0x0000000000004a7c       0xf0
                0x0000000000004a7c                . = ALIGN (0x4)
 *(SORT_BY_ALIGNMENT(.gnu.linkonce.sw_isr_table*))
 .gnu.linkonce.sw_isr_table
                0x0000000000004a7c       0xf0 zephyr/CMakeFiles/zephyr_final.dir/isr_tables.c.obj
                0x0000000000004a7c                _sw_isr_table

initlevel_error
                0x0000000000004a10        0x0
 *(SORT_BY_NAME(SORT_BY_ALIGNMENT(.z_init_[_A-Z0-9]*)))
                0x0000000000000001                ASSERT ((SIZEOF (initlevel_error) == 0x0), Undefined initialization levels used.)

app_shmem_regions
                0x0000000000004b6c        0x0
                0x0000000000004b6c                __app_shmem_regions_start = .
 *(SORT_BY_NAME(SORT_BY_ALIGNMENT(.app_regions.*)))
                0x0000000000004b6c                __app_shmem_regions_end = .

k_p4wq_initparam_area
                0x0000000000004b6c        0x0
                0x0000000000004b6c                _k_p4wq_initparam_list_start = .
 *(SORT_BY_NAME(SORT_BY_ALIGNMENT(._k_p4wq_initparam.static.*)))
                0x0000000000004b6c                _k_p4wq_initparam_list_end = .

_static_thread_data_area
                0x0000000000004b6c        0x0
                0x0000000000004b6c                __static_thread_data_list_start = .
 *(SORT_BY_NAME(SORT_BY_ALIGNMENT(.__static_thread_data.static.*)))
                0x0000000000004b6c                __static_thread_data_list_end = .

device_deps     0x0000000000004b6c        0x0
                0x0000000000004b6c                __device_deps_start = .
 *(SORT_BY_NAME(SORT_BY_ALIGNMENT(.__device_deps_pass2*)))
                0x0000000000004b6c                __device_deps_end = .

ztest           0x0000000000004b6c        0x0
                0x0000000000004b6c                _ztest_expected_result_entry_list_start = .
 *(SORT_BY_NAME(SORT_BY_ALIGNMENT(._ztest_expected_result_entry.static.*)))
                0x0000000000004b6c                _ztest_expected_result_entry_list_end = .
                0x0000000000004b6c                _ztest_suite_node_list_start = .
 *(SORT_BY_NAME(SORT_BY_ALIGNMENT(._ztest_suite_node.static.*)))
                0x0000000000004b6c                _ztest_suite_node_list_end = .
                0x0000000000004b6c                _ztest_unit_test_list_start = .
 *(SORT_BY_NAME(SORT_BY_ALIGNMENT(._ztest_unit_test.static.*)))
                0x0000000000004b6c                _ztest_unit_test_list_end = .
                0x0000000000004b6c                _ztest_test_rule_list_start = .
 *(SORT_BY_NAME(SORT_BY_ALIGNMENT(._ztest_test_rule.static.*)))
                0x0000000000004b6c                _ztest_test_rule_list_end = .

init_array      0x0000000000004b6c        0x0
 *(SORT_BY_NAME(SORT_BY_ALIGNMENT(.ctors*)))
 *(SORT_BY_NAME(SORT_BY_ALIGNMENT(.init_array*)))
                0x0000000000000001                ASSERT ((SIZEOF (init_array) == 0x0), GNU-style constructors required but STATIC_INIT_GNU not enabled)

bt_l2cap_fixed_chan_area
                0x0000000000004b6c        0x0
                0x0000000000004b6c                _bt_l2cap_fixed_chan_list_start = .
 *(SORT_BY_NAME(SORT_BY_ALIGNMENT(._bt_l2cap_fixed_chan.static.*)))
                0x0000000000004b6c                _bt_l2cap_fixed_chan_list_end = .

bt_gatt_service_static_area
                0x0000000000004b6c        0x0
                0x0000000000004b6c                _bt_gatt_service_static_list_start = .
 *(SORT_BY_NAME(SORT_BY_ALIGNMENT(._bt_gatt_service_static.static.*)))
                0x0000000000004b6c                _bt_gatt_service_static_list_end = .

log_strings_area
                0x0000000000004b6c        0x0
                0x0000000000004b6c                _log_strings_list_start = .
 *(SORT_BY_NAME(SORT_BY_ALIGNMENT(._log_strings.static.*)))
                0x0000000000004b6c                _log_strings_list_end = .

log_const_area  0x0000000000004b6c        0x0
                0x0000000000004b6c                _log_const_list_start = .
 *(SORT_BY_NAME(SORT_BY_ALIGNMENT(._log_const.static.*)))
                0x0000000000004b6c                _log_const_list_end = .

log_backend_area
                0x0000000000004b6c        0x0
                0x0000000000004b6c                _log_backend_list_start = .
 *(SORT_BY_NAME(SORT_BY_ALIGNMENT(._log_backend.static.*)))
                0x0000000000004b6c                _log_backend_list_end = .

log_link_area   0x0000000000004b6c        0x0
                0x0000000000004b6c                _log_link_list_start = .
 *(SORT_BY_NAME(SORT_BY_ALIGNMENT(._log_link.static.*)))
                0x0000000000004b6c                _log_link_list_end = .

tracing_backend_area
                0x0000000000004b6c        0x0
                0x0000000000004b6c                _tracing_backend_list_start = .
 *(SORT_BY_NAME(SORT_BY_ALIGNMENT(._tracing_backend.static.*)))
                0x0000000000004b6c                _tracing_backend_list_end = .

zephyr_dbg_info
 *(SORT_BY_ALIGNMENT(.dbg_thread_info))

intc_table_area
                0x0000000000004b6c        0x0
                0x0000000000004b6c                _intc_table_list_start = .
 *(SORT_BY_NAME(SORT_BY_ALIGNMENT(._intc_table.static.*)))
                0x0000000000004b6c                _intc_table_list_end = .

symbol_to_keep  0x0000000000004b6c        0x0
                0x0000000000004b6c                __symbol_to_keep_start = .
 *(SORT_BY_NAME(SORT_BY_ALIGNMENT(.symbol_to_keep*)))
                0x0000000000004b6c                __symbol_to_keep_end = .

shell_area      0x0000000000004b6c        0x0
                0x0000000000004b6c                _shell_list_start = .
 *(SORT_BY_NAME(SORT_BY_ALIGNMENT(._shell.static.*)))
                0x0000000000004b6c                _shell_list_end = .

shell_root_cmds_area
                0x0000000000004b6c        0x0
                0x0000000000004b6c                _shell_root_cmds_list_start = .
 *(SORT_BY_NAME(SORT_BY_ALIGNMENT(._shell_root_cmds.static.*)))
                0x0000000000004b6c                _shell_root_cmds_list_end = .

shell_subcmds_area
                0x0000000000004b6c        0x0
                0x0000000000004b6c                _shell_subcmds_list_start = .
 *(SORT_BY_NAME(SORT_BY_ALIGNMENT(._shell_subcmds.static.*)))
                0x0000000000004b6c                _shell_subcmds_list_end = .

shell_dynamic_subcmds_area
                0x0000000000004b6c        0x0
                0x0000000000004b6c                _shell_dynamic_subcmds_list_start = .
 *(SORT_BY_NAME(SORT_BY_ALIGNMENT(._shell_dynamic_subcmds.static.*)))
                0x0000000000004b6c                _shell_dynamic_subcmds_list_end = .

cfb_font_area   0x0000000000004b6c        0x0
                0x0000000000004b6c                _cfb_font_list_start = .
 *(SORT_BY_NAME(SORT_BY_ALIGNMENT(._cfb_font.static.*)))
                0x0000000000004b6c                _cfb_font_list_end = .

tdata           0x0000000000004b6c        0x0
 *(SORT_BY_ALIGNMENT(.tdata) SORT_BY_ALIGNMENT(.tdata.*) SORT_BY_ALIGNMENT(.gnu.linkonce.td.*))

tbss            0x0000000000004b6c        0x4
 *(SORT_BY_ALIGNMENT(.tbss) SORT_BY_ALIGNMENT(.tbss.*) SORT_BY_ALIGNMENT(.gnu.linkonce.tb.*) SORT_BY_ALIGNMENT(.tcommon))
 .tbss.z_tls_current
                0x0000000000004b6c        0x4 zephyr/libzephyr.a(thread_entry.c.obj)
                0x0000000000004b6c                z_tls_current
                0x0000000000004b6c                PROVIDE (__tdata_start = LOADADDR (tdata))
                0x0000000000000001                PROVIDE (__tdata_align = ALIGNOF (tdata))
                0x0000000000000000                PROVIDE (__tdata_size = (((SIZEOF (tdata) + __tdata_align) - 0x1) & ~ ((__tdata_align - 0x1))))
                [!provide]                        PROVIDE (__tdata_end = (__tdata_start + __tdata_size))
                0x0000000000000004                PROVIDE (__tbss_align = ALIGNOF (tbss))
                [!provide]                        PROVIDE (__tbss_start = ADDR (tbss))
                0x0000000000000004                PROVIDE (__tbss_size = (((SIZEOF (tbss) + __tbss_align) - 0x1) & ~ ((__tbss_align - 0x1))))
                [!provide]                        PROVIDE (__tbss_end = (__tbss_start + __tbss_size))
                [!provide]                        PROVIDE (__tls_start = __tdata_start)
                [!provide]                        PROVIDE (__tls_end = __tbss_end)
                [!provide]                        PROVIDE (__tls_size = (__tbss_end - __tdata_start))

rodata          0x0000000000004b70      0x234
 *(SORT_BY_ALIGNMENT(.rodata))
 *(SORT_BY_ALIGNMENT(.rodata.*))
 .rodata.delay_machine_code.0
                0x0000000000004b70        0x6 zephyr/soc/soc/nrf52810/libsoc__nordic.a(soc.c.obj)
 *fill*         0x0000000000004b76        0x2 
 .rodata.green_led
                0x0000000000004b78        0x8 app/libapp.a(main.c.obj)
 .rodata.red_led
                0x0000000000004b80        0x8 app/libapp.a(main.c.obj)
 .rodata.icm42670_dev
                0x0000000000004b88        0x8 app/libapp.a(main.c.obj)
                0x0000000000004b88                icm42670_dev
 .rodata.mem_attr_region
                0x0000000000004b90        0x0 zephyr/libzephyr.a(mem_attr.c.obj)
 .rodata.static_regions
                0x0000000000004b90        0xc zephyr/arch/arch/arm/core/mpu/libarch__arm__core__mpu.a(arm_core_mpu.c.obj)
 .rodata.mpu_config
                0x0000000000004b9c        0x8 zephyr/arch/arch/arm/core/mpu/libarch__arm__core__mpu.a(arm_mpu_regions.c.obj)
                0x0000000000004b9c                mpu_config
 .rodata.mpu_regions
                0x0000000000004ba4       0x18 zephyr/arch/arch/arm/core/mpu/libarch__arm__core__mpu.a(arm_mpu_regions.c.obj)
 .rodata.transitions.0
                0x0000000000004bbc        0xc zephyr/drivers/clock_control/libdrivers__clock_control.a(clock_control_nrf.c.obj)
 .rodata.config
                0x0000000000004bc8       0x10 zephyr/drivers/clock_control/libdrivers__clock_control.a(clock_control_nrf.c.obj)
 .rodata.clock_control_api
                0x0000000000004bd8       0x1c zephyr/drivers/clock_control/libdrivers__clock_control.a(clock_control_nrf.c.obj)
 .rodata.gpio_nrfx_p0_cfg
                0x0000000000004bf4       0x18 zephyr/drivers/gpio/libdrivers__gpio.a(gpio_nrfx.c.obj)
 .rodata.gpio_nrfx_drv_api_funcs
                0x0000000000004c0c       0x24 zephyr/drivers/gpio/libdrivers__gpio.a(gpio_nrfx.c.obj)
 .rodata.twi_0z_config
                0x0000000000004c30       0x20 zephyr/drivers/i2c/libdrivers__i2c.a(i2c_nrfx_twi.c.obj)
 .rodata.__pinctrl_dev_config__device_dts_ord_67
                0x0000000000004c50        0xc zephyr/drivers/i2c/libdrivers__i2c.a(i2c_nrfx_twi.c.obj)
 .rodata.__pinctrl_states__device_dts_ord_67
                0x0000000000004c5c        0x8 zephyr/drivers/i2c/libdrivers__i2c.a(i2c_nrfx_twi.c.obj)
 .rodata.__pinctrl_state_pins_0__device_dts_ord_67
                0x0000000000004c64        0x8 zephyr/drivers/i2c/libdrivers__i2c.a(i2c_nrfx_twi.c.obj)
 .rodata.i2c_nrfx_twi_driver_api
                0x0000000000004c6c       0x18 zephyr/drivers/i2c/libdrivers__i2c.a(i2c_nrfx_twi.c.obj)
 .rodata.levels.0
                0x0000000000004c84       0x18 zephyr/kernel/libkernel.a(init.c.obj)
 .rodata.main.str1.1
                0x0000000000004c9c       0x1e app/libapp.a(main.c.obj)
 .rodata.icm42670_init.str1.1
                0x0000000000004cba       0x41 app/libapp.a(icm42670.c.obj)
 .rodata.str1.1
                0x0000000000004cfb        0xf zephyr/arch/arch/arm/core/mpu/libarch__arm__core__mpu.a(arm_mpu_regions.c.obj)
 .rodata.str1.1
                0x0000000000004d0a        0xf zephyr/drivers/clock_control/libdrivers__clock_control.a(clock_control_nrf.c.obj)
 .rodata.str1.1
                0x0000000000004d19        0xe zephyr/drivers/gpio/libdrivers__gpio.a(gpio_nrfx.c.obj)
 .rodata.str1.1
                0x0000000000004d27        0xd zephyr/drivers/i2c/libdrivers__i2c.a(i2c_nrfx_twi.c.obj)
 .rodata.drive_modes
                0x0000000000004d34        0x8 zephyr/drivers/pinctrl/libdrivers__pinctrl.a(pinctrl_nrf.c.obj)
 .rodata.CSWTCH.22
                0x0000000000004d3c        0x3 modules/hal_nordic/nrfx/libmodules__hal_nordic__nrfx.a(system_nrf52810.c.obj)
 .rodata.CSWTCH.21
                0x0000000000004d3f        0x5 modules/hal_nordic/nrfx/libmodules__hal_nordic__nrfx.a(system_nrf52810.c.obj)
 .rodata.CSWTCH.18
                0x0000000000004d44        0x5 modules/hal_nordic/nrfx/libmodules__hal_nordic__nrfx.a(system_nrf52810.c.obj)
 .rodata.CSWTCH.14
                0x0000000000004d49        0x5 modules/hal_nordic/nrfx/libmodules__hal_nordic__nrfx.a(system_nrf52810.c.obj)
 .rodata.CSWTCH.4
                0x0000000000004d4e        0x5 modules/hal_nordic/nrfx/libmodules__hal_nordic__nrfx.a(system_nrf52810.c.obj)
 .rodata.z_cstart.str1.1
                0x0000000000004d53        0x5 zephyr/kernel/libkernel.a(init.c.obj)
 .rodata.boot_banner.str1.1
                0x0000000000004d58       0x3c zephyr/kernel/libkernel.a(banner.c.obj)
 .rodata.__l_vfprintf.str1.1
                0x0000000000004d94        0xf /home/onur/zephyr-sdk-0.17.0/arm-zephyr-eabi/bin/../lib/gcc/../../picolibc/arm-zephyr-eabi/lib/thumb/v7e-m/nofp/libc.a(libc_tinystdio_vflprintf.c.o)
 *(SORT_BY_ALIGNMENT(.gnu.linkonce.r.*))
                0x0000000000004da4                . = ALIGN (0x4)
 *fill*         0x0000000000004da3        0x1 
                0x0000000000004da4                __rodata_region_end = .
                0x0000000000004dc0                . = ALIGN (_region_min_align)
                0x0000000000008000                . = ALIGN ((0x1 << LOG2CEIL ((__rodata_region_end - ADDR (rom_start)))))
                0x0000000000008000                __rom_region_end = ((__rom_region_start + .) - ADDR (rom_start))

/DISCARD/
 *(SORT_BY_ALIGNMENT(.got.plt))
 *(SORT_BY_ALIGNMENT(.igot.plt))
 *(SORT_BY_ALIGNMENT(.got))
 *(SORT_BY_ALIGNMENT(.igot))
                0x0000000020000000                . = 0x20000000
                0x0000000020000000                . = ALIGN (_region_min_align)
                0x0000000020000000                _image_ram_start = .

.ramfunc        0x0000000020000000        0x0 load address 0x0000000000004da4
                0x0000000020000000                __ramfunc_region_start = .
                0x0000000020000000                . = ALIGN (_region_min_align)
                0x0000000020000000                . = ALIGN ((0x1 << LOG2CEIL (__ramfunc_size)))
                0x0000000020000000                __ramfunc_start = .
 *(SORT_BY_ALIGNMENT(.ramfunc))
 *(SORT_BY_ALIGNMENT(.ramfunc.*))
                0x0000000020000000                . = ALIGN (_region_min_align)
                0x0000000020000000                . = ALIGN ((0x1 << LOG2CEIL (__ramfunc_size)))
                0x0000000020000000                __ramfunc_end = .
                0x0000000000000000                __ramfunc_size = (__ramfunc_end - __ramfunc_start)
                0x0000000000004da4                __ramfunc_load_start = LOADADDR (.ramfunc)

datas           0x0000000020000000       0x98 load address 0x0000000000004da4
                0x0000000020000000                __data_region_start = .
                0x0000000020000000                __data_start = .
 *(SORT_BY_ALIGNMENT(.data))
 *(SORT_BY_ALIGNMENT(.data.*))
 .data._char_out
                0x0000000020000000        0x4 zephyr/libzephyr.a(printk.c.obj)
 .data.twi_0_data
                0x0000000020000004       0x28 zephyr/drivers/i2c/libdrivers__i2c.a(i2c_nrfx_twi.c.obj)
 .data.m_cb     0x000000002000002c       0x64 modules/hal_nordic/nrfx/libmodules__hal_nordic__nrfx.a(nrfx_gpiote.c.obj)
 .data.timeout_list
                0x0000000020000090        0x8 zephyr/kernel/libkernel.a(timeout.c.obj)
 *(SORT_BY_ALIGNMENT(.kernel.*))
                0x0000000020000098                __data_end = .
                0x0000000000000098                __data_size = (__data_end - __data_start)
                0x0000000000004da4                __data_load_start = LOADADDR (datas)
                0x0000000000004da4                __data_region_load_start = LOADADDR (datas)

device_states   0x0000000020000098        0x6 load address 0x0000000000004e3c
                0x0000000020000098                __device_states_start = .
 *(SORT_BY_ALIGNMENT(.z_devstate))
 .z_devstate    0x0000000020000098        0x2 zephyr/drivers/clock_control/libdrivers__clock_control.a(clock_control_nrf.c.obj)
 .z_devstate    0x000000002000009a        0x2 zephyr/drivers/gpio/libdrivers__gpio.a(gpio_nrfx.c.obj)
 .z_devstate    0x000000002000009c        0x2 zephyr/drivers/i2c/libdrivers__i2c.a(i2c_nrfx_twi.c.obj)
 *(SORT_BY_ALIGNMENT(.z_devstate.*))
                0x000000002000009e                __device_states_end = .

log_mpsc_pbuf_area
                0x000000002000009e        0x0 load address 0x0000000000004e42
                0x000000002000009e                _log_mpsc_pbuf_list_start = .
 *(SORT_BY_NAME(SORT_BY_ALIGNMENT(._log_mpsc_pbuf.static.*)))
                0x000000002000009e                _log_mpsc_pbuf_list_end = .

log_msg_ptr_area
                0x000000002000009e        0x0 load address 0x0000000000004e42
                0x000000002000009e                _log_msg_ptr_list_start = .
 *(SORT_BY_NAME(SORT_BY_ALIGNMENT(._log_msg_ptr.static.*)))
                0x000000002000009e                _log_msg_ptr_list_end = .

log_dynamic_area
                0x000000002000009e        0x0 load address 0x0000000000004e42
                0x000000002000009e                _log_dynamic_list_start = .
 *(SORT_BY_NAME(SORT_BY_ALIGNMENT(._log_dynamic.static.*)))
                0x000000002000009e                _log_dynamic_list_end = .

k_timer_area    0x000000002000009e        0x0 load address 0x0000000000004e42
                0x000000002000009e                _k_timer_list_start = .
 *(SORT_BY_NAME(SORT_BY_ALIGNMENT(._k_timer.static.*)))
                0x000000002000009e                _k_timer_list_end = .

k_mem_slab_area
                0x000000002000009e        0x0 load address 0x0000000000004e42
                0x000000002000009e                _k_mem_slab_list_start = .
 *(SORT_BY_NAME(SORT_BY_ALIGNMENT(._k_mem_slab.static.*)))
                0x000000002000009e                _k_mem_slab_list_end = .

k_heap_area     0x000000002000009e        0x0 load address 0x0000000000004e42
                0x000000002000009e                _k_heap_list_start = .
 *(SORT_BY_NAME(SORT_BY_ALIGNMENT(._k_heap.static.*)))
                0x000000002000009e                _k_heap_list_end = .

k_mutex_area    0x000000002000009e        0x0 load address 0x0000000000004e42
                0x000000002000009e                _k_mutex_list_start = .
 *(SORT_BY_NAME(SORT_BY_ALIGNMENT(._k_mutex.static.*)))
                0x000000002000009e                _k_mutex_list_end = .

k_stack_area    0x000000002000009e        0x0 load address 0x0000000000004e42
                0x000000002000009e                _k_stack_list_start = .
 *(SORT_BY_NAME(SORT_BY_ALIGNMENT(._k_stack.static.*)))
                0x000000002000009e                _k_stack_list_end = .

k_msgq_area     0x000000002000009e        0x0 load address 0x0000000000004e42
                0x000000002000009e                _k_msgq_list_start = .
 *(SORT_BY_NAME(SORT_BY_ALIGNMENT(._k_msgq.static.*)))
                0x000000002000009e                _k_msgq_list_end = .

k_mbox_area     0x000000002000009e        0x0 load address 0x0000000000004e42
                0x000000002000009e                _k_mbox_list_start = .
 *(SORT_BY_NAME(SORT_BY_ALIGNMENT(._k_mbox.static.*)))
                0x000000002000009e                _k_mbox_list_end = .

k_pipe_area     0x000000002000009e        0x0 load address 0x0000000000004e42
                0x000000002000009e                _k_pipe_list_start = .
 *(SORT_BY_NAME(SORT_BY_ALIGNMENT(._k_pipe.static.*)))
                0x000000002000009e                _k_pipe_list_end = .

k_sem_area      0x000000002000009e        0x0 load address 0x0000000000004e42
                0x000000002000009e                _k_sem_list_start = .
 *(SORT_BY_NAME(SORT_BY_ALIGNMENT(._k_sem.static.*)))
                0x000000002000009e                _k_sem_list_end = .

k_event_area    0x000000002000009e        0x0 load address 0x0000000000004e42
                0x000000002000009e                _k_event_list_start = .
 *(SORT_BY_NAME(SORT_BY_ALIGNMENT(._k_event.static.*)))
                0x000000002000009e                _k_event_list_end = .

k_queue_area    0x000000002000009e        0x0 load address 0x0000000000004e42
                0x000000002000009e                _k_queue_list_start = .
 *(SORT_BY_NAME(SORT_BY_ALIGNMENT(._k_queue.static.*)))
                0x000000002000009e                _k_queue_list_end = .

k_fifo_area     0x000000002000009e        0x0 load address 0x0000000000004e42
                0x000000002000009e                _k_fifo_list_start = .
 *(SORT_BY_NAME(SORT_BY_ALIGNMENT(._k_fifo.static.*)))
                0x000000002000009e                _k_fifo_list_end = .

k_lifo_area     0x000000002000009e        0x0 load address 0x0000000000004e42
                0x000000002000009e                _k_lifo_list_start = .
 *(SORT_BY_NAME(SORT_BY_ALIGNMENT(._k_lifo.static.*)))
                0x000000002000009e                _k_lifo_list_end = .

k_condvar_area  0x000000002000009e        0x0 load address 0x0000000000004e42
                0x000000002000009e                _k_condvar_list_start = .
 *(SORT_BY_NAME(SORT_BY_ALIGNMENT(._k_condvar.static.*)))
                0x000000002000009e                _k_condvar_list_end = .

sys_mem_blocks_ptr_area
                0x000000002000009e        0x0 load address 0x0000000000004e42
                0x000000002000009e                _sys_mem_blocks_ptr_list_start = .
 *(SORT_BY_NAME(SORT_BY_ALIGNMENT(._sys_mem_blocks_ptr.static.*)))
                0x000000002000009e                _sys_mem_blocks_ptr_list_end = .

net_buf_pool_area
                0x000000002000009e        0x0 load address 0x0000000000004e42
                0x000000002000009e                _net_buf_pool_list_start = .
 *(SORT_BY_NAME(SORT_BY_ALIGNMENT(._net_buf_pool.static.*)))
                0x000000002000009e                _net_buf_pool_list_end = .
                0x000000002000009e                __data_region_end = .

bss             0x00000000200000a0      0x2d3
                0x00000000200000a0                . = ALIGN (0x4)
                0x00000000200000a0                __bss_start = .
                0x00000000200000a0                __kernel_ram_start = .
 *(SORT_BY_ALIGNMENT(.bss))
 *(SORT_BY_ALIGNMENT(.bss.*))
 .bss.cc_data   0x00000000200000a0       0x10 zephyr/drivers/timer/libdrivers__timer.a(nrf_rtc_timer.c.obj)
 .bss.last_count
                0x00000000200000b0        0x8 zephyr/drivers/timer/libdrivers__timer.a(nrf_rtc_timer.c.obj)
 .bss.anchor    0x00000000200000b8        0x8 zephyr/drivers/timer/libdrivers__timer.a(nrf_rtc_timer.c.obj)
 .bss.z_idle_threads
                0x00000000200000c0       0x80 zephyr/kernel/libkernel.a(init.c.obj)
                0x00000000200000c0                z_idle_threads
 .bss.z_main_thread
                0x0000000020000140       0x80 zephyr/kernel/libkernel.a(init.c.obj)
                0x0000000020000140                z_main_thread
 .bss._thread_dummy
                0x00000000200001c0       0x80 zephyr/kernel/libkernel.a(sched.c.obj)
                0x00000000200001c0                _thread_dummy
 .bss.slice_timeouts
                0x0000000020000240       0x18 zephyr/kernel/libkernel.a(timeslicing.c.obj)
 .bss.curr_tick
                0x0000000020000258        0x8 zephyr/kernel/libkernel.a(timeout.c.obj)
 .bss.z_arm_tls_ptr
                0x0000000020000260        0x4 zephyr/arch/arch/arm/core/libarch__arm__core.a(tls.c.obj)
                0x0000000020000260                z_arm_tls_ptr
 .bss.dynamic_regions.0
                0x0000000020000264        0xc zephyr/arch/arch/arm/core/mpu/libarch__arm__core__mpu.a(arm_core_mpu.c.obj)
 .bss.z_malloc_heap
                0x0000000020000270        0xc zephyr/lib/libc/common/liblib__libc__common.a(malloc.c.obj)
 .bss.cli.1     0x000000002000027c       0x10 zephyr/drivers/clock_control/libdrivers__clock_control.a(clock_control_nrf.c.obj)
 .bss.on.2      0x000000002000028c        0x4 zephyr/drivers/clock_control/libdrivers__clock_control.a(clock_control_nrf.c.obj)
 .bss.data      0x0000000020000290       0x50 zephyr/drivers/clock_control/libdrivers__clock_control.a(clock_control_nrf.c.obj)
 .bss.hfclk_users
                0x00000000200002e0        0x4 zephyr/drivers/clock_control/libdrivers__clock_control.a(clock_control_nrf.c.obj)
 .bss.gpio_nrfx_p0_data
                0x00000000200002e4        0xc zephyr/drivers/gpio/libdrivers__gpio.a(gpio_nrfx.c.obj)
 .bss.force_isr_mask
                0x00000000200002f0        0x4 zephyr/drivers/timer/libdrivers__timer.a(nrf_rtc_timer.c.obj)
 .bss.int_mask  0x00000000200002f4        0x4 zephyr/drivers/timer/libdrivers__timer.a(nrf_rtc_timer.c.obj)
 .bss.overflow_cnt
                0x00000000200002f8        0x4 zephyr/drivers/timer/libdrivers__timer.a(nrf_rtc_timer.c.obj)
 .bss.m_clock_cb
                0x00000000200002fc        0x8 modules/hal_nordic/nrfx/libmodules__hal_nordic__nrfx.a(nrfx_clock.c.obj)
 .bss.m_cb      0x0000000020000304       0x3c modules/hal_nordic/nrfx/libmodules__hal_nordic__nrfx.a(nrfx_twi.c.obj)
 .bss._kernel   0x0000000020000340       0x20 zephyr/kernel/libkernel.a(init.c.obj)
                0x0000000020000340                _kernel
 .bss.pending_current
                0x0000000020000360        0x4 zephyr/kernel/libkernel.a(timeslicing.c.obj)
                0x0000000020000360                pending_current
 .bss.slice_max_prio
                0x0000000020000364        0x4 zephyr/kernel/libkernel.a(timeslicing.c.obj)
 .bss.slice_ticks
                0x0000000020000368        0x4 zephyr/kernel/libkernel.a(timeslicing.c.obj)
 .bss.announce_remaining
                0x000000002000036c        0x4 zephyr/kernel/libkernel.a(timeout.c.obj)
 .bss.static_regions_num
                0x0000000020000370        0x1 zephyr/arch/arch/arm/core/mpu/libarch__arm__core__mpu.a(arm_mpu.c.obj)
 .bss.z_sys_post_kernel
                0x0000000020000371        0x1 zephyr/kernel/libkernel.a(init.c.obj)
                0x0000000020000371                z_sys_post_kernel
 .bss.lock      0x0000000020000372        0x0 zephyr/kernel/libkernel.a(sem.c.obj)
 .bss._sched_spinlock
                0x0000000020000372        0x0 zephyr/kernel/libkernel.a(sched.c.obj)
                0x0000000020000372                _sched_spinlock
 .bss.slice_expired
                0x0000000020000372        0x1 zephyr/kernel/libkernel.a(timeslicing.c.obj)
 *(SORT_BY_ALIGNMENT(COMMON))
 *(SORT_BY_ALIGNMENT(.kernel_bss.*))
                0x0000000020000374                __bss_end = ALIGN (0x4)

noinit          0x0000000020000380      0xdc0
 *(SORT_BY_ALIGNMENT(.noinit))
 *(SORT_BY_ALIGNMENT(.noinit.*))
 .noinit."WEST_TOPDIR/zephyr/kernel/init.c".2
                0x0000000020000380      0x840 zephyr/kernel/libkernel.a(init.c.obj)
                0x0000000020000380                z_interrupt_stacks
 .noinit."WEST_TOPDIR/zephyr/kernel/init.c".1
                0x0000000020000bc0      0x140 zephyr/kernel/libkernel.a(init.c.obj)
 .noinit."WEST_TOPDIR/zephyr/kernel/init.c".0
                0x0000000020000d00      0x440 zephyr/kernel/libkernel.a(init.c.obj)
                0x0000000020000d00                z_main_stack
 *(SORT_BY_ALIGNMENT(.kernel_noinit.*))
                0x0000000020006000                __kernel_ram_end = 0x20006000
                0x0000000000005f60                __kernel_ram_size = (__kernel_ram_end - __kernel_ram_start)
                0x0000000000001a60                PROVIDE (soc_reset_hook = SystemInit)

/DISCARD/
 *(SORT_BY_ALIGNMENT(.irq_info*))
 *(SORT_BY_ALIGNMENT(.intList*))

.last_ram_section
                0x0000000020001140        0x0
                0x0000000020001140                _image_ram_end = .
                0x0000000000001140                _image_ram_size = (_image_ram_end - _image_ram_start)
                0x0000000020001140                _end = .
                0x0000000020001140                z_mapped_end = .

.stab
 *(SORT_BY_ALIGNMENT(.stab))

.stabstr
 *(SORT_BY_ALIGNMENT(.stabstr))

.stab.excl
 *(SORT_BY_ALIGNMENT(.stab.excl))

.stab.exclstr
 *(SORT_BY_ALIGNMENT(.stab.exclstr))

.stab.index
 *(SORT_BY_ALIGNMENT(.stab.index))

.stab.indexstr
 *(SORT_BY_ALIGNMENT(.stab.indexstr))

.gnu.build.attributes
 *(SORT_BY_ALIGNMENT(.gnu.build.attributes) SORT_BY_ALIGNMENT(.gnu.build.attributes.*))

.comment        0x0000000000000000       0x20
 *(SORT_BY_ALIGNMENT(.comment))
 .comment       0x0000000000000000       0x20 zephyr/CMakeFiles/zephyr_final.dir/isr_tables.c.obj
                                         0x21 (size before relaxing)
 .comment       0x0000000000000020       0x21 zephyr/CMakeFiles/offsets.dir/./arch/arm/core/offsets/offsets.c.obj
 .comment       0x0000000000000020       0x21 app/libapp.a(main.c.obj)
 .comment       0x0000000000000020       0x21 app/libapp.a(icm42670.c.obj)
 .comment       0x0000000000000020       0x21 zephyr/libzephyr.a(heap.c.obj)
 .comment       0x0000000000000020       0x21 zephyr/libzephyr.a(printk.c.obj)
 .comment       0x0000000000000020       0x21 zephyr/libzephyr.a(thread_entry.c.obj)
 .comment       0x0000000000000020       0x21 zephyr/libzephyr.a(onoff.c.obj)
 .comment       0x0000000000000020       0x21 zephyr/libzephyr.a(notify.c.obj)
 .comment       0x0000000000000020       0x21 zephyr/libzephyr.a(configs.c.obj)
 .comment       0x0000000000000020       0x21 zephyr/libzephyr.a(mem_attr.c.obj)
 .comment       0x0000000000000020       0x21 zephyr/arch/arch/arm/core/libarch__arm__core.a(fatal.c.obj)
 .comment       0x0000000000000020       0x21 zephyr/arch/arch/arm/core/libarch__arm__core.a(nmi.c.obj)
 .comment       0x0000000000000020       0x21 zephyr/arch/arch/arm/core/libarch__arm__core.a(tls.c.obj)
 .comment       0x0000000000000020       0x21 zephyr/arch/arch/arm/core/cortex_m/libarch__arm__core__cortex_m.a(exc_exit.c.obj)
 .comment       0x0000000000000020       0x21 zephyr/arch/arch/arm/core/cortex_m/libarch__arm__core__cortex_m.a(fault.c.obj)
 .comment       0x0000000000000020       0x21 zephyr/arch/arch/arm/core/cortex_m/libarch__arm__core__cortex_m.a(thread_abort.c.obj)
 .comment       0x0000000000000020       0x21 zephyr/arch/arch/arm/core/cortex_m/libarch__arm__core__cortex_m.a(swap.c.obj)
 .comment       0x0000000000000020       0x21 zephyr/arch/arch/arm/core/cortex_m/libarch__arm__core__cortex_m.a(irq_manage.c.obj)
 .comment       0x0000000000000020       0x21 zephyr/arch/arch/arm/core/cortex_m/libarch__arm__core__cortex_m.a(prep_c.c.obj)
 .comment       0x0000000000000020       0x21 zephyr/arch/arch/arm/core/cortex_m/libarch__arm__core__cortex_m.a(thread.c.obj)
 .comment       0x0000000000000020       0x21 zephyr/arch/arch/arm/core/cortex_m/libarch__arm__core__cortex_m.a(cpu_idle.c.obj)
 .comment       0x0000000000000020       0x21 zephyr/arch/arch/arm/core/cortex_m/libarch__arm__core__cortex_m.a(irq_init.c.obj)
 .comment       0x0000000000000020       0x21 zephyr/arch/arch/arm/core/cortex_m/libarch__arm__core__cortex_m.a(isr_wrapper.c.obj)
 .comment       0x0000000000000020       0x21 zephyr/arch/arch/arm/core/mpu/libarch__arm__core__mpu.a(arm_core_mpu.c.obj)
 .comment       0x0000000000000020       0x21 zephyr/arch/arch/arm/core/mpu/libarch__arm__core__mpu.a(arm_mpu.c.obj)
 .comment       0x0000000000000020       0x21 zephyr/arch/arch/arm/core/mpu/libarch__arm__core__mpu.a(arm_mpu_regions.c.obj)
 .comment       0x0000000000000020       0x21 zephyr/lib/libc/common/liblib__libc__common.a(malloc.c.obj)
 .comment       0x0000000000000020       0x21 zephyr/soc/soc/nrf52810/libsoc__nordic.a(soc.c.obj)
 .comment       0x0000000000000020       0x21 zephyr/drivers/clock_control/libdrivers__clock_control.a(clock_control_nrf.c.obj)
 .comment       0x0000000000000020       0x21 zephyr/drivers/gpio/libdrivers__gpio.a(gpio_nrfx.c.obj)
 .comment       0x0000000000000020       0x21 zephyr/drivers/i2c/libdrivers__i2c.a(i2c_nrfx_twi.c.obj)
 .comment       0x0000000000000020       0x21 zephyr/drivers/i2c/libdrivers__i2c.a(i2c_nrfx_twi_common.c.obj)
 .comment       0x0000000000000020       0x21 zephyr/drivers/pinctrl/libdrivers__pinctrl.a(common.c.obj)
 .comment       0x0000000000000020       0x21 zephyr/drivers/pinctrl/libdrivers__pinctrl.a(pinctrl_nrf.c.obj)
 .comment       0x0000000000000020       0x21 zephyr/drivers/timer/libdrivers__timer.a(nrf_rtc_timer.c.obj)
 .comment       0x0000000000000020       0x21 modules/hal_nordic/nrfx/libmodules__hal_nordic__nrfx.a(system_nrf52810.c.obj)
 .comment       0x0000000000000020       0x21 modules/hal_nordic/nrfx/libmodules__hal_nordic__nrfx.a(nrfx_glue.c.obj)
 .comment       0x0000000000000020       0x21 modules/hal_nordic/nrfx/libmodules__hal_nordic__nrfx.a(nrfx_flag32_allocator.c.obj)
 .comment       0x0000000000000020       0x21 modules/hal_nordic/nrfx/libmodules__hal_nordic__nrfx.a(nrfx_clock.c.obj)
 .comment       0x0000000000000020       0x21 modules/hal_nordic/nrfx/libmodules__hal_nordic__nrfx.a(nrfx_gpiote.c.obj)
 .comment       0x0000000000000020       0x21 modules/hal_nordic/nrfx/libmodules__hal_nordic__nrfx.a(nrfx_twi.c.obj)
 .comment       0x0000000000000020       0x21 modules/hal_nordic/nrfx/libmodules__hal_nordic__nrfx.a(nrfx_twi_twim.c.obj)
 .comment       0x0000000000000020       0x21 zephyr/kernel/libkernel.a(busy_wait.c.obj)
 .comment       0x0000000000000020       0x21 zephyr/kernel/libkernel.a(device.c.obj)
 .comment       0x0000000000000020       0x21 zephyr/kernel/libkernel.a(fatal.c.obj)
 .comment       0x0000000000000020       0x21 zephyr/kernel/libkernel.a(init.c.obj)
 .comment       0x0000000000000020       0x21 zephyr/kernel/libkernel.a(init_static.c.obj)
 .comment       0x0000000000000020       0x21 zephyr/kernel/libkernel.a(idle.c.obj)
 .comment       0x0000000000000020       0x21 zephyr/kernel/libkernel.a(sem.c.obj)
 .comment       0x0000000000000020       0x21 zephyr/kernel/libkernel.a(thread.c.obj)
 .comment       0x0000000000000020       0x21 zephyr/kernel/libkernel.a(sched.c.obj)
 .comment       0x0000000000000020       0x21 zephyr/kernel/libkernel.a(timeslicing.c.obj)
 .comment       0x0000000000000020       0x21 zephyr/kernel/libkernel.a(xip.c.obj)
 .comment       0x0000000000000020       0x21 zephyr/kernel/libkernel.a(timeout.c.obj)
 .comment       0x0000000000000020       0x21 zephyr/kernel/libkernel.a(banner.c.obj)

.debug
 *(SORT_BY_ALIGNMENT(.debug))

.line
 *(SORT_BY_ALIGNMENT(.line))

.debug_srcinfo
 *(SORT_BY_ALIGNMENT(.debug_srcinfo))

.debug_sfnames
 *(SORT_BY_ALIGNMENT(.debug_sfnames))

.debug_aranges  0x0000000000000000     0x10f8
 *(SORT_BY_ALIGNMENT(.debug_aranges))
 .debug_aranges
                0x0000000000000000       0x20 zephyr/arch/arch/arm/core/libarch__arm__core.a(nmi_on_reset.S.obj)
 .debug_aranges
                0x0000000000000020       0x20 zephyr/arch/arch/arm/core/cortex_m/libarch__arm__core__cortex_m.a(fault_s.S.obj)
 .debug_aranges
                0x0000000000000040       0x20 zephyr/arch/arch/arm/core/cortex_m/libarch__arm__core__cortex_m.a(reset.S.obj)
 .debug_aranges
                0x0000000000000060       0x28 zephyr/arch/arch/arm/core/cortex_m/libarch__arm__core__cortex_m.a(swap_helper.S.obj)
 .debug_aranges
                0x0000000000000088       0x20 zephyr/arch/arch/arm/core/cortex_m/libarch__arm__core__cortex_m.a(__aeabi_read_tp.S.obj)
 .debug_aranges
                0x00000000000000a8       0x18 zephyr/CMakeFiles/zephyr_final.dir/isr_tables.c.obj
 .debug_aranges
                0x00000000000000c0       0x20 zephyr/CMakeFiles/offsets.dir/./arch/arm/core/offsets/offsets.c.obj
 .debug_aranges
                0x00000000000000e0       0x30 app/libapp.a(main.c.obj)
 .debug_aranges
                0x0000000000000110       0x30 app/libapp.a(icm42670.c.obj)
 .debug_aranges
                0x0000000000000140       0x88 zephyr/libzephyr.a(heap.c.obj)
 .debug_aranges
                0x00000000000001c8       0x50 zephyr/libzephyr.a(printk.c.obj)
 .debug_aranges
                0x0000000000000218       0x20 zephyr/libzephyr.a(thread_entry.c.obj)
 .debug_aranges
                0x0000000000000238       0x90 zephyr/libzephyr.a(onoff.c.obj)
 .debug_aranges
                0x00000000000002c8       0x28 zephyr/libzephyr.a(notify.c.obj)
 .debug_aranges
                0x00000000000002f0       0x20 zephyr/libzephyr.a(configs.c.obj)
 .debug_aranges
                0x0000000000000310       0x28 zephyr/libzephyr.a(mem_attr.c.obj)
 .debug_aranges
                0x0000000000000338       0x30 zephyr/arch/arch/arm/core/libarch__arm__core.a(fatal.c.obj)
 .debug_aranges
                0x0000000000000368       0x20 zephyr/arch/arch/arm/core/libarch__arm__core.a(nmi.c.obj)
 .debug_aranges
                0x0000000000000388       0x20 zephyr/arch/arch/arm/core/libarch__arm__core.a(tls.c.obj)
 .debug_aranges
                0x00000000000003a8       0x20 zephyr/arch/arch/arm/core/cortex_m/libarch__arm__core__cortex_m.a(exc_exit.c.obj)
 .debug_aranges
                0x00000000000003c8       0x40 zephyr/arch/arch/arm/core/cortex_m/libarch__arm__core__cortex_m.a(fault.c.obj)
 .debug_aranges
                0x0000000000000408       0x20 zephyr/arch/arch/arm/core/cortex_m/libarch__arm__core__cortex_m.a(thread_abort.c.obj)
 .debug_aranges
                0x0000000000000428       0x20 zephyr/arch/arch/arm/core/cortex_m/libarch__arm__core__cortex_m.a(swap.c.obj)
 .debug_aranges
                0x0000000000000448       0x40 zephyr/arch/arch/arm/core/cortex_m/libarch__arm__core__cortex_m.a(irq_manage.c.obj)
 .debug_aranges
                0x0000000000000488       0x20 zephyr/arch/arch/arm/core/cortex_m/libarch__arm__core__cortex_m.a(prep_c.c.obj)
 .debug_aranges
                0x00000000000004a8       0x40 zephyr/arch/arch/arm/core/cortex_m/libarch__arm__core__cortex_m.a(thread.c.obj)
 .debug_aranges
                0x00000000000004e8       0x30 zephyr/arch/arch/arm/core/cortex_m/libarch__arm__core__cortex_m.a(cpu_idle.c.obj)
 .debug_aranges
                0x0000000000000518       0x20 zephyr/arch/arch/arm/core/cortex_m/libarch__arm__core__cortex_m.a(irq_init.c.obj)
 .debug_aranges
                0x0000000000000538       0x20 zephyr/arch/arch/arm/core/cortex_m/libarch__arm__core__cortex_m.a(isr_wrapper.c.obj)
 .debug_aranges
                0x0000000000000558       0x28 zephyr/arch/arch/arm/core/mpu/libarch__arm__core__mpu.a(arm_core_mpu.c.obj)
 .debug_aranges
                0x0000000000000580       0x58 zephyr/arch/arch/arm/core/mpu/libarch__arm__core__mpu.a(arm_mpu.c.obj)
 .debug_aranges
                0x00000000000005d8       0x18 zephyr/arch/arch/arm/core/mpu/libarch__arm__core__mpu.a(arm_mpu_regions.c.obj)
 .debug_aranges
                0x00000000000005f0       0x60 zephyr/lib/libc/common/liblib__libc__common.a(malloc.c.obj)
 .debug_aranges
                0x0000000000000650       0x28 zephyr/soc/soc/nrf52810/libsoc__nordic.a(soc.c.obj)
 .debug_aranges
                0x0000000000000678       0xc0 zephyr/drivers/clock_control/libdrivers__clock_control.a(clock_control_nrf.c.obj)
 .debug_aranges
                0x0000000000000738       0x68 zephyr/drivers/gpio/libdrivers__gpio.a(gpio_nrfx.c.obj)
 .debug_aranges
                0x00000000000007a0       0x30 zephyr/drivers/i2c/libdrivers__i2c.a(i2c_nrfx_twi.c.obj)
 .debug_aranges
                0x00000000000007d0       0x38 zephyr/drivers/i2c/libdrivers__i2c.a(i2c_nrfx_twi_common.c.obj)
 .debug_aranges
                0x0000000000000808       0x20 zephyr/drivers/pinctrl/libdrivers__pinctrl.a(common.c.obj)
 .debug_aranges
                0x0000000000000828       0x20 zephyr/drivers/pinctrl/libdrivers__pinctrl.a(pinctrl_nrf.c.obj)
 .debug_aranges
                0x0000000000000848       0xd8 zephyr/drivers/timer/libdrivers__timer.a(nrf_rtc_timer.c.obj)
 .debug_aranges
                0x0000000000000920       0x58 modules/hal_nordic/nrfx/libmodules__hal_nordic__nrfx.a(system_nrf52810.c.obj)
 .debug_aranges
                0x0000000000000978       0x30 modules/hal_nordic/nrfx/libmodules__hal_nordic__nrfx.a(nrfx_glue.c.obj)
 .debug_aranges
                0x00000000000009a8       0x30 modules/hal_nordic/nrfx/libmodules__hal_nordic__nrfx.a(nrfx_flag32_allocator.c.obj)
 .debug_aranges
                0x00000000000009d8       0x60 modules/hal_nordic/nrfx/libmodules__hal_nordic__nrfx.a(nrfx_clock.c.obj)
 .debug_aranges
                0x0000000000000a38      0x168 modules/hal_nordic/nrfx/libmodules__hal_nordic__nrfx.a(nrfx_gpiote.c.obj)
 .debug_aranges
                0x0000000000000ba0       0x98 modules/hal_nordic/nrfx/libmodules__hal_nordic__nrfx.a(nrfx_twi.c.obj)
 .debug_aranges
                0x0000000000000c38       0x30 modules/hal_nordic/nrfx/libmodules__hal_nordic__nrfx.a(nrfx_twi_twim.c.obj)
 .debug_aranges
                0x0000000000000c68       0x20 zephyr/kernel/libkernel.a(busy_wait.c.obj)
 .debug_aranges
                0x0000000000000c88       0x38 zephyr/kernel/libkernel.a(device.c.obj)
 .debug_aranges
                0x0000000000000cc0       0x38 zephyr/kernel/libkernel.a(fatal.c.obj)
 .debug_aranges
                0x0000000000000cf8       0x68 zephyr/kernel/libkernel.a(init.c.obj)
 .debug_aranges
                0x0000000000000d60       0x20 zephyr/kernel/libkernel.a(init_static.c.obj)
 .debug_aranges
                0x0000000000000d80       0x28 zephyr/kernel/libkernel.a(idle.c.obj)
 .debug_aranges
                0x0000000000000da8       0x38 zephyr/kernel/libkernel.a(sem.c.obj)
 .debug_aranges
                0x0000000000000de0       0x90 zephyr/kernel/libkernel.a(thread.c.obj)
 .debug_aranges
                0x0000000000000e70      0x178 zephyr/kernel/libkernel.a(sched.c.obj)
 .debug_aranges
                0x0000000000000fe8       0x40 zephyr/kernel/libkernel.a(timeslicing.c.obj)
 .debug_aranges
                0x0000000000001028       0x20 zephyr/kernel/libkernel.a(xip.c.obj)
 .debug_aranges
                0x0000000000001048       0x90 zephyr/kernel/libkernel.a(timeout.c.obj)
 .debug_aranges
                0x00000000000010d8       0x20 zephyr/kernel/libkernel.a(banner.c.obj)

.debug_pubnames
 *(SORT_BY_ALIGNMENT(.debug_pubnames))

.debug_info     0x0000000000000000    0x39a4a
 *(SORT_BY_ALIGNMENT(.debug_info) SORT_BY_ALIGNMENT(.gnu.linkonce.wi.*))
 .debug_info    0x0000000000000000      0x189 zephyr/CMakeFiles/zephyr_final.dir/isr_tables.c.obj
 .debug_info    0x0000000000000189       0xdc zephyr/CMakeFiles/offsets.dir/./arch/arm/core/offsets/offsets.c.obj
 .debug_info    0x0000000000000265      0xea0 app/libapp.a(main.c.obj)
 .debug_info    0x0000000000001105      0xf84 app/libapp.a(icm42670.c.obj)
 .debug_info    0x0000000000002089     0x2fe1 zephyr/libzephyr.a(heap.c.obj)
 .debug_info    0x000000000000506a      0x579 zephyr/libzephyr.a(printk.c.obj)
 .debug_info    0x00000000000055e3      0x750 zephyr/libzephyr.a(thread_entry.c.obj)
 .debug_info    0x0000000000005d33     0x28f7 zephyr/libzephyr.a(onoff.c.obj)
 .debug_info    0x000000000000862a      0x31d zephyr/libzephyr.a(notify.c.obj)
 .debug_info    0x0000000000008947       0x38 zephyr/libzephyr.a(configs.c.obj)
 .debug_info    0x000000000000897f      0x2ba zephyr/libzephyr.a(mem_attr.c.obj)
 .debug_info    0x0000000000008c39      0x66d zephyr/arch/arch/arm/core/libarch__arm__core.a(fatal.c.obj)
 .debug_info    0x00000000000092a6       0xb6 zephyr/arch/arch/arm/core/libarch__arm__core.a(nmi.c.obj)
 .debug_info    0x000000000000935c       0x23 zephyr/arch/arch/arm/core/libarch__arm__core.a(nmi_on_reset.S.obj)
 .debug_info    0x000000000000937f      0x72b zephyr/arch/arch/arm/core/libarch__arm__core.a(tls.c.obj)
 .debug_info    0x0000000000009aaa      0x7aa zephyr/arch/arch/arm/core/cortex_m/libarch__arm__core__cortex_m.a(exc_exit.c.obj)
 .debug_info    0x000000000000a254     0x126f zephyr/arch/arch/arm/core/cortex_m/libarch__arm__core__cortex_m.a(fault.c.obj)
 .debug_info    0x000000000000b4c3       0x23 zephyr/arch/arch/arm/core/cortex_m/libarch__arm__core__cortex_m.a(fault_s.S.obj)
 .debug_info    0x000000000000b4e6       0x23 zephyr/arch/arch/arm/core/cortex_m/libarch__arm__core__cortex_m.a(reset.S.obj)
 .debug_info    0x000000000000b509      0x851 zephyr/arch/arch/arm/core/cortex_m/libarch__arm__core__cortex_m.a(thread_abort.c.obj)
 .debug_info    0x000000000000bd5a      0x866 zephyr/arch/arch/arm/core/cortex_m/libarch__arm__core__cortex_m.a(swap.c.obj)
 .debug_info    0x000000000000c5c0       0x22 zephyr/arch/arch/arm/core/cortex_m/libarch__arm__core__cortex_m.a(swap_helper.S.obj)
 .debug_info    0x000000000000c5e2      0x87b zephyr/arch/arch/arm/core/cortex_m/libarch__arm__core__cortex_m.a(irq_manage.c.obj)
 .debug_info    0x000000000000ce5d      0x3d8 zephyr/arch/arch/arm/core/cortex_m/libarch__arm__core__cortex_m.a(prep_c.c.obj)
 .debug_info    0x000000000000d235      0xb29 zephyr/arch/arch/arm/core/cortex_m/libarch__arm__core__cortex_m.a(thread.c.obj)
 .debug_info    0x000000000000dd5e      0x48b zephyr/arch/arch/arm/core/cortex_m/libarch__arm__core__cortex_m.a(cpu_idle.c.obj)
 .debug_info    0x000000000000e1e9      0x530 zephyr/arch/arch/arm/core/cortex_m/libarch__arm__core__cortex_m.a(irq_init.c.obj)
 .debug_info    0x000000000000e719      0x1a3 zephyr/arch/arch/arm/core/cortex_m/libarch__arm__core__cortex_m.a(isr_wrapper.c.obj)
 .debug_info    0x000000000000e8bc       0x23 zephyr/arch/arch/arm/core/cortex_m/libarch__arm__core__cortex_m.a(__aeabi_read_tp.S.obj)
 .debug_info    0x000000000000e8df      0x756 zephyr/arch/arch/arm/core/mpu/libarch__arm__core__mpu.a(arm_core_mpu.c.obj)
 .debug_info    0x000000000000f035      0xe6c zephyr/arch/arch/arm/core/mpu/libarch__arm__core__mpu.a(arm_mpu.c.obj)